INFO     backend.api.tests.conftest:conftest.py:59 Loading spaCy model (en_core_web_sm)...
INFO     backend.api.tests.conftest:conftest.py:61 spaCy model loaded
DEBUG    asyncio:proactor_events.py:633 Using proactor: IocpProactor
DEBUG    backend.api.services.auth_service:auth_service.py:61 AuthService initialized with db and settings
INFO     backend.api.routes.auth:auth.py:64 Trying to register new user: new@example.com
DEBUG    passlib.handlers.argon2:argon2.py:715 detected 'argon2_cffi' backend, version '25.1.0', with support for 0x13 argon2 hashes
INFO     backend.api.services.auth_service:auth_service.py:116 User registered successfully: new@example.com
INFO     backend.api.routes.auth:auth.py:68 User registered successfully: new@example.com
INFO     httpx:_client.py:1025 HTTP Request: POST http://testserver/api/auth/register "HTTP/1.1 201 Created"
DEBUG    backend.api.tests.conftest:conftest.py:150 TestClient cleanup completed
DEBUG    backend.api.tests.conftest:conftest.py:120 Test DB cleanup completed
DEBUG    asyncio:proactor_events.py:633 Using proactor: IocpProactor
DEBUG    backend.api.services.auth_service:auth_service.py:61 AuthService initialized with db and settings
INFO     backend.api.routes.auth:auth.py:64 Trying to register new user: dup@example.com
INFO     backend.api.services.auth_service:auth_service.py:116 User registered successfully: dup@example.com
INFO     backend.api.routes.auth:auth.py:68 User registered successfully: dup@example.com
INFO     httpx:_client.py:1025 HTTP Request: POST http://testserver/api/auth/register "HTTP/1.1 201 Created"
DEBUG    asyncio:proactor_events.py:633 Using proactor: IocpProactor
DEBUG    backend.api.services.auth_service:auth_service.py:61 AuthService initialized with db and settings
INFO     backend.api.routes.auth:auth.py:64 Trying to register new user: dup@example.com
WARNING  backend.api.services.auth_service:auth_service.py:91 Email already registered: dup@example.com
WARNING  backend.api.main:main.py:153 API error: Email 'dup@example.com' is already registered | code=VALIDATION_ERROR | status=400 | path=/api/auth/register
INFO     httpx:_client.py:1025 HTTP Request: POST http://testserver/api/auth/register "HTTP/1.1 400 Bad Request"
DEBUG    backend.api.tests.conftest:conftest.py:150 TestClient cleanup completed
DEBUG    backend.api.tests.conftest:conftest.py:120 Test DB cleanup completed
DEBUG    asyncio:proactor_events.py:633 Using proactor: IocpProactor
DEBUG    backend.api.services.auth_service:auth_service.py:61 AuthService initialized with db and settings
INFO     httpx:_client.py:1025 HTTP Request: POST http://testserver/api/auth/register "HTTP/1.1 422 Unprocessable Entity"
DEBUG    backend.api.tests.conftest:conftest.py:150 TestClient cleanup completed
DEBUG    backend.api.tests.conftest:conftest.py:120 Test DB cleanup completed
DEBUG    asyncio:proactor_events.py:633 Using proactor: IocpProactor
DEBUG    backend.api.services.auth_service:auth_service.py:61 AuthService initialized with db and settings
INFO     httpx:_client.py:1025 HTTP Request: POST http://testserver/api/auth/register "HTTP/1.1 422 Unprocessable Entity"
DEBUG    backend.api.tests.conftest:conftest.py:150 TestClient cleanup completed
DEBUG    backend.api.tests.conftest:conftest.py:120 Test DB cleanup completed
DEBUG    asyncio:proactor_events.py:633 Using proactor: IocpProactor
DEBUG    backend.api.services.auth_service:auth_service.py:61 AuthService initialized with db and settings
INFO     httpx:_client.py:1025 HTTP Request: POST http://testserver/api/auth/register "HTTP/1.1 422 Unprocessable Entity"
DEBUG    backend.api.tests.conftest:conftest.py:150 TestClient cleanup completed
DEBUG    backend.api.tests.conftest:conftest.py:120 Test DB cleanup completed
DEBUG    asyncio:proactor_events.py:633 Using proactor: IocpProactor
DEBUG    backend.api.services.auth_service:auth_service.py:61 AuthService initialized with db and settings
INFO     backend.api.routes.auth:auth.py:64 Trying to register new user: test@example.com
INFO     backend.api.services.auth_service:auth_service.py:116 User registered successfully: test@example.com
INFO     backend.api.routes.auth:auth.py:68 User registered successfully: test@example.com
INFO     httpx:_client.py:1025 HTTP Request: POST http://testserver/api/auth/register "HTTP/1.1 201 Created"
DEBUG    backend.api.tests.conftest:conftest.py:369 Test user registered: test@example.com
DEBUG    asyncio:proactor_events.py:633 Using proactor: IocpProactor
DEBUG    backend.api.services.auth_service:auth_service.py:61 AuthService initialized with db and settings
INFO     backend.api.routes.auth:auth.py:105 Trying to login user: test@example.com
DEBUG    backend.api.services.auth_service:auth_service.py:524 Refresh token saved for user 7262ecc5-82c6-4051-922e-07648c91a3fd
INFO     backend.api.services.auth_service:auth_service.py:181 Login successful for user test@example.com
INFO     backend.api.routes.auth:auth.py:109 Login successful for user: test@example.com
INFO     httpx:_client.py:1025 HTTP Request: POST http://testserver/api/auth/login "HTTP/1.1 200 OK"
DEBUG    backend.api.tests.conftest:conftest.py:150 TestClient cleanup completed
DEBUG    backend.api.tests.conftest:conftest.py:120 Test DB cleanup completed
DEBUG    asyncio:proactor_events.py:633 Using proactor: IocpProactor
DEBUG    backend.api.services.auth_service:auth_service.py:61 AuthService initialized with db and settings
INFO     backend.api.routes.auth:auth.py:64 Trying to register new user: test@example.com
INFO     backend.api.services.auth_service:auth_service.py:116 User registered successfully: test@example.com
INFO     backend.api.routes.auth:auth.py:68 User registered successfully: test@example.com
INFO     httpx:_client.py:1025 HTTP Request: POST http://testserver/api/auth/register "HTTP/1.1 201 Created"
DEBUG    backend.api.tests.conftest:conftest.py:369 Test user registered: test@example.com
DEBUG    asyncio:proactor_events.py:633 Using proactor: IocpProactor
DEBUG    backend.api.services.auth_service:auth_service.py:61 AuthService initialized with db and settings
INFO     backend.api.routes.auth:auth.py:105 Trying to login user: test@example.com
WARNING  backend.api.services.auth_service:auth_service.py:154 Login failed for user test@example.com: invalid credentials
WARNING  backend.api.main:main.py:153 API error: Invalid email or password | code=UNAUTHORIZED | status=401 | path=/api/auth/login
INFO     httpx:_client.py:1025 HTTP Request: POST http://testserver/api/auth/login "HTTP/1.1 401 Unauthorized"
DEBUG    backend.api.tests.conftest:conftest.py:150 TestClient cleanup completed
DEBUG    backend.api.tests.conftest:conftest.py:120 Test DB cleanup completed
DEBUG    asyncio:proactor_events.py:633 Using proactor: IocpProactor
DEBUG    backend.api.services.auth_service:auth_service.py:61 AuthService initialized with db and settings
INFO     backend.api.routes.auth:auth.py:105 Trying to login user: nonexistent@example.com
WARNING  backend.api.services.auth_service:auth_service.py:154 Login failed for user nonexistent@example.com: invalid credentials
WARNING  backend.api.main:main.py:153 API error: Invalid email or password | code=UNAUTHORIZED | status=401 | path=/api/auth/login
INFO     httpx:_client.py:1025 HTTP Request: POST http://testserver/api/auth/login "HTTP/1.1 401 Unauthorized"
DEBUG    backend.api.tests.conftest:conftest.py:150 TestClient cleanup completed
DEBUG    backend.api.tests.conftest:conftest.py:120 Test DB cleanup completed
DEBUG    asyncio:proactor_events.py:633 Using proactor: IocpProactor
DEBUG    backend.api.services.auth_service:auth_service.py:61 AuthService initialized with db and settings
INFO     httpx:_client.py:1025 HTTP Request: POST http://testserver/api/auth/login "HTTP/1.1 422 Unprocessable Entity"
DEBUG    backend.api.tests.conftest:conftest.py:150 TestClient cleanup completed
DEBUG    backend.api.tests.conftest:conftest.py:120 Test DB cleanup completed
DEBUG    asyncio:proactor_events.py:633 Using proactor: IocpProactor
DEBUG    backend.api.services.auth_service:auth_service.py:61 AuthService initialized with db and settings
INFO     httpx:_client.py:1025 HTTP Request: POST http://testserver/api/auth/login "HTTP/1.1 422 Unprocessable Entity"
DEBUG    backend.api.tests.conftest:conftest.py:150 TestClient cleanup completed
DEBUG    backend.api.tests.conftest:conftest.py:120 Test DB cleanup completed
DEBUG    asyncio:proactor_events.py:633 Using proactor: IocpProactor
DEBUG    backend.api.services.auth_service:auth_service.py:61 AuthService initialized with db and settings
INFO     backend.api.routes.auth:auth.py:64 Trying to register new user: test@example.com
INFO     backend.api.services.auth_service:auth_service.py:116 User registered successfully: test@example.com
INFO     backend.api.routes.auth:auth.py:68 User registered successfully: test@example.com
INFO     httpx:_client.py:1025 HTTP Request: POST http://testserver/api/auth/register "HTTP/1.1 201 Created"
DEBUG    backend.api.tests.conftest:conftest.py:369 Test user registered: test@example.com
DEBUG    asyncio:proactor_events.py:633 Using proactor: IocpProactor
DEBUG    backend.api.services.auth_service:auth_service.py:61 AuthService initialized with db and settings
INFO     backend.api.routes.auth:auth.py:105 Trying to login user: test@example.com
DEBUG    backend.api.services.auth_service:auth_service.py:524 Refresh token saved for user 161b5ed5-b125-4fa5-9777-abb0656a1db9
INFO     backend.api.services.auth_service:auth_service.py:181 Login successful for user test@example.com
INFO     backend.api.routes.auth:auth.py:109 Login successful for user: test@example.com
INFO     httpx:_client.py:1025 HTTP Request: POST http://testserver/api/auth/login "HTTP/1.1 200 OK"
DEBUG    backend.api.tests.conftest:conftest.py:415 JWT token generated for test user
DEBUG    asyncio:proactor_events.py:633 Using proactor: IocpProactor
DEBUG    backend.api.services.auth_service:auth_service.py:61 AuthService initialized with db and settings
INFO     backend.api.routes.auth:auth.py:204 Logout for the user: test@example.com
DEBUG    backend.api.services.auth_service:auth_service.py:541 Token added to blacklist, expires at 2026-05-11 14:21:27.664361+00:00
INFO     backend.api.services.auth_service:auth_service.py:338 Refresh token revoked for user 161b5ed5-b125-4fa5-9777-abb0656a1db9
INFO     backend.api.routes.auth:auth.py:212 Tokens revoked successfully for user: test@example.com
INFO     httpx:_client.py:1025 HTTP Request: POST http://testserver/api/auth/logout "HTTP/1.1 204 No Content"
DEBUG    backend.api.tests.conftest:conftest.py:150 TestClient cleanup completed
DEBUG    backend.api.tests.conftest:conftest.py:120 Test DB cleanup completed
DEBUG    asyncio:proactor_events.py:633 Using proactor: IocpProactor
DEBUG    backend.api.services.auth_service:auth_service.py:61 AuthService initialized with db and settings
INFO     httpx:_client.py:1025 HTTP Request: POST http://testserver/api/auth/logout "HTTP/1.1 422 Unprocessable Entity"
DEBUG    backend.api.tests.conftest:conftest.py:150 TestClient cleanup completed
DEBUG    backend.api.tests.conftest:conftest.py:120 Test DB cleanup completed
DEBUG    asyncio:proactor_events.py:633 Using proactor: IocpProactor
DEBUG    backend.api.services.auth_service:auth_service.py:61 AuthService initialized with db and settings
WARNING  backend.api.services.auth_service:auth_service.py:495 JWT error: Invalid header string: 'utf-8' codec can't decode byte 0x8a in position 0: invalid start byte
WARNING  backend.api.services.auth_service:auth_service.py:390 Invalid token or missing sub
WARNING  backend.api.main:main.py:153 API error: Invalid token | code=UNAUTHORIZED | status=401 | path=/api/auth/logout
INFO     httpx:_client.py:1025 HTTP Request: POST http://testserver/api/auth/logout "HTTP/1.1 401 Unauthorized"
DEBUG    backend.api.tests.conftest:conftest.py:150 TestClient cleanup completed
DEBUG    backend.api.tests.conftest:conftest.py:120 Test DB cleanup completed
DEBUG    asyncio:proactor_events.py:633 Using proactor: IocpProactor
DEBUG    backend.api.services.auth_service:auth_service.py:61 AuthService initialized with db and settings
INFO     backend.api.routes.auth:auth.py:64 Trying to register new user: test@example.com
INFO     backend.api.services.auth_service:auth_service.py:116 User registered successfully: test@example.com
INFO     backend.api.routes.auth:auth.py:68 User registered successfully: test@example.com
INFO     httpx:_client.py:1025 HTTP Request: POST http://testserver/api/auth/register "HTTP/1.1 201 Created"
DEBUG    backend.api.tests.conftest:conftest.py:369 Test user registered: test@example.com
DEBUG    asyncio:proactor_events.py:633 Using proactor: IocpProactor
DEBUG    backend.api.services.auth_service:auth_service.py:61 AuthService initialized with db and settings
INFO     backend.api.routes.auth:auth.py:105 Trying to login user: test@example.com
DEBUG    backend.api.services.auth_service:auth_service.py:524 Refresh token saved for user 1a9e9b1a-cf7f-45eb-bba7-6c2ca4962829
INFO     backend.api.services.auth_service:auth_service.py:181 Login successful for user test@example.com
INFO     backend.api.routes.auth:auth.py:109 Login successful for user: test@example.com
INFO     httpx:_client.py:1025 HTTP Request: POST http://testserver/api/auth/login "HTTP/1.1 200 OK"
DEBUG    backend.api.tests.conftest:conftest.py:415 JWT token generated for test user
DEBUG    backend.api.tests.conftest:conftest.py:771 Tampered JWT token created for testing
DEBUG    asyncio:proactor_events.py:633 Using proactor: IocpProactor
DEBUG    backend.api.services.auth_service:auth_service.py:61 AuthService initialized with db and settings
WARNING  backend.api.services.auth_service:auth_service.py:495 JWT error: Signature verification failed.
WARNING  backend.api.services.auth_service:auth_service.py:390 Invalid token or missing sub
WARNING  backend.api.main:main.py:153 API error: Invalid token | code=UNAUTHORIZED | status=401 | path=/api/auth/logout
INFO     httpx:_client.py:1025 HTTP Request: POST http://testserver/api/auth/logout "HTTP/1.1 401 Unauthorized"
DEBUG    backend.api.tests.conftest:conftest.py:150 TestClient cleanup completed
DEBUG    backend.api.tests.conftest:conftest.py:120 Test DB cleanup completed
DEBUG    asyncio:proactor_events.py:633 Using proactor: IocpProactor
DEBUG    backend.api.services.auth_service:auth_service.py:61 AuthService initialized with db and settings
INFO     backend.api.routes.auth:auth.py:64 Trying to register new user: test@example.com
INFO     backend.api.services.auth_service:auth_service.py:116 User registered successfully: test@example.com
INFO     backend.api.routes.auth:auth.py:68 User registered successfully: test@example.com
INFO     httpx:_client.py:1025 HTTP Request: POST http://testserver/api/auth/register "HTTP/1.1 201 Created"
DEBUG    backend.api.tests.conftest:conftest.py:369 Test user registered: test@example.com
DEBUG    asyncio:proactor_events.py:633 Using proactor: IocpProactor
DEBUG    backend.api.services.auth_service:auth_service.py:61 AuthService initialized with db and settings
INFO     backend.api.routes.auth:auth.py:105 Trying to login user: test@example.com
DEBUG    backend.api.services.auth_service:auth_service.py:524 Refresh token saved for user 7cd39ed0-a80b-4259-8112-67e1737ad4b8
INFO     backend.api.services.auth_service:auth_service.py:181 Login successful for user test@example.com
INFO     backend.api.routes.auth:auth.py:109 Login successful for user: test@example.com
INFO     httpx:_client.py:1025 HTTP Request: POST http://testserver/api/auth/login "HTTP/1.1 200 OK"
DEBUG    asyncio:proactor_events.py:633 Using proactor: IocpProactor
DEBUG    backend.api.services.auth_service:auth_service.py:61 AuthService initialized with db and settings
INFO     backend.api.routes.auth:auth.py:149 Trying to refresh the access token
INFO     backend.api.services.auth_service:auth_service.py:275 Access token refreshed for user test@example.com
INFO     backend.api.routes.auth:auth.py:153 Access token refreshed successfully
INFO     httpx:_client.py:1025 HTTP Request: POST http://testserver/api/auth/refresh "HTTP/1.1 200 OK"
DEBUG    backend.api.tests.conftest:conftest.py:150 TestClient cleanup completed
DEBUG    backend.api.tests.conftest:conftest.py:120 Test DB cleanup completed
DEBUG    asyncio:proactor_events.py:633 Using proactor: IocpProactor
DEBUG    backend.api.services.auth_service:auth_service.py:61 AuthService initialized with db and settings
INFO     backend.api.routes.auth:auth.py:149 Trying to refresh the access token
WARNING  backend.api.services.auth_service:auth_service.py:228 Refresh token not found in DB
WARNING  backend.api.main:main.py:153 API error: Invalid refresh token | code=UNAUTHORIZED | status=401 | path=/api/auth/refresh
INFO     httpx:_client.py:1025 HTTP Request: POST http://testserver/api/auth/refresh "HTTP/1.1 401 Unauthorized"
DEBUG    backend.api.tests.conftest:conftest.py:150 TestClient cleanup completed
DEBUG    backend.api.tests.conftest:conftest.py:120 Test DB cleanup completed
DEBUG    asyncio:proactor_events.py:633 Using proactor: IocpProactor
DEBUG    backend.api.services.auth_service:auth_service.py:61 AuthService initialized with db and settings
INFO     backend.api.routes.auth:auth.py:149 Trying to refresh the access token
WARNING  backend.api.services.auth_service:auth_service.py:228 Refresh token not found in DB
WARNING  backend.api.main:main.py:153 API error: Invalid refresh token | code=UNAUTHORIZED | status=401 | path=/api/auth/refresh
INFO     httpx:_client.py:1025 HTTP Request: POST http://testserver/api/auth/refresh "HTTP/1.1 401 Unauthorized"
DEBUG    backend.api.tests.conftest:conftest.py:150 TestClient cleanup completed
DEBUG    backend.api.tests.conftest:conftest.py:120 Test DB cleanup completed
DEBUG    asyncio:proactor_events.py:633 Using proactor: IocpProactor
DEBUG    backend.api.services.auth_service:auth_service.py:61 AuthService initialized with db and settings
INFO     httpx:_client.py:1025 HTTP Request: POST http://testserver/api/auth/refresh "HTTP/1.1 422 Unprocessable Entity"
DEBUG    backend.api.tests.conftest:conftest.py:150 TestClient cleanup completed
DEBUG    backend.api.tests.conftest:conftest.py:120 Test DB cleanup completed
DEBUG    asyncio:proactor_events.py:633 Using proactor: IocpProactor
DEBUG    backend.api.services.auth_service:auth_service.py:61 AuthService initialized with db and settings
INFO     backend.api.routes.auth:auth.py:149 Trying to refresh the access token
WARNING  backend.api.services.auth_service:auth_service.py:228 Refresh token not found in DB
WARNING  backend.api.main:main.py:153 API error: Invalid refresh token | code=UNAUTHORIZED | status=401 | path=/api/auth/refresh
INFO     httpx:_client.py:1025 HTTP Request: POST http://testserver/api/auth/refresh "HTTP/1.1 401 Unauthorized"
DEBUG    backend.api.tests.conftest:conftest.py:150 TestClient cleanup completed
DEBUG    backend.api.tests.conftest:conftest.py:120 Test DB cleanup completed
DEBUG    asyncio:proactor_events.py:633 Using proactor: IocpProactor
DEBUG    backend.api.services.auth_service:auth_service.py:61 AuthService initialized with db and settings
INFO     httpx:_client.py:1025 HTTP Request: GET http://testserver/api/processes "HTTP/1.1 422 Unprocessable Entity"
DEBUG    backend.api.tests.conftest:conftest.py:150 TestClient cleanup completed
DEBUG    backend.api.tests.conftest:conftest.py:120 Test DB cleanup completed
DEBUG    asyncio:proactor_events.py:633 Using proactor: IocpProactor
DEBUG    backend.api.services.auth_service:auth_service.py:61 AuthService initialized with db and settings
WARNING  backend.api.services.auth_service:auth_service.py:495 JWT error: Invalid header string: 'utf-8' codec can't decode byte 0x8a in position 0: invalid start byte
WARNING  backend.api.services.auth_service:auth_service.py:390 Invalid token or missing sub
WARNING  backend.api.main:main.py:153 API error: Invalid token | code=UNAUTHORIZED | status=401 | path=/api/processes
INFO     httpx:_client.py:1025 HTTP Request: GET http://testserver/api/processes "HTTP/1.1 401 Unauthorized"
DEBUG    backend.api.tests.conftest:conftest.py:150 TestClient cleanup completed
DEBUG    backend.api.tests.conftest:conftest.py:120 Test DB cleanup completed
DEBUG    asyncio:proactor_events.py:633 Using proactor: IocpProactor
DEBUG    backend.api.services.auth_service:auth_service.py:61 AuthService initialized with db and settings
INFO     backend.api.routes.auth:auth.py:64 Trying to register new user: test@example.com
INFO     backend.api.services.auth_service:auth_service.py:116 User registered successfully: test@example.com
INFO     backend.api.routes.auth:auth.py:68 User registered successfully: test@example.com
INFO     httpx:_client.py:1025 HTTP Request: POST http://testserver/api/auth/register "HTTP/1.1 201 Created"
DEBUG    backend.api.tests.conftest:conftest.py:369 Test user registered: test@example.com
DEBUG    asyncio:proactor_events.py:633 Using proactor: IocpProactor
DEBUG    backend.api.services.auth_service:auth_service.py:61 AuthService initialized with db and settings
INFO     backend.api.routes.auth:auth.py:105 Trying to login user: test@example.com
DEBUG    backend.api.services.auth_service:auth_service.py:524 Refresh token saved for user 835d1dc9-fa2d-4fe9-ac57-48c4608c3118
INFO     backend.api.services.auth_service:auth_service.py:181 Login successful for user test@example.com
INFO     backend.api.routes.auth:auth.py:109 Login successful for user: test@example.com
INFO     httpx:_client.py:1025 HTTP Request: POST http://testserver/api/auth/login "HTTP/1.1 200 OK"
DEBUG    backend.api.tests.conftest:conftest.py:415 JWT token generated for test user
DEBUG    asyncio:proactor_events.py:633 Using proactor: IocpProactor
DEBUG    backend.api.services.auth_service:auth_service.py:61 AuthService initialized with db and settings
INFO     backend.api.routes.processes:processes.py:129 GET /api/processes | user: test@example.com | page: 0 | limit: 10
DEBUG    backend.api.services.process_service:process_service.py:129 Listed 0 processes for user 835d1dc9-fa2d-4fe9-ac57-48c4608c3118 from DB.
INFO     backend.api.routes.processes:processes.py:155 Listed 0 processes successfully for user test@example.com
INFO     httpx:_client.py:1025 HTTP Request: GET http://testserver/api/processes "HTTP/1.1 200 OK"
DEBUG    backend.api.tests.conftest:conftest.py:150 TestClient cleanup completed
DEBUG    backend.api.tests.conftest:conftest.py:120 Test DB cleanup completed
DEBUG    asyncio:proactor_events.py:633 Using proactor: IocpProactor
DEBUG    backend.api.services.auth_service:auth_service.py:61 AuthService initialized with db and settings
INFO     backend.api.routes.auth:auth.py:64 Trying to register new user: secure@example.com
INFO     backend.api.services.auth_service:auth_service.py:116 User registered successfully: secure@example.com
INFO     backend.api.routes.auth:auth.py:68 User registered successfully: secure@example.com
INFO     httpx:_client.py:1025 HTTP Request: POST http://testserver/api/auth/register "HTTP/1.1 201 Created"
DEBUG    backend.api.tests.conftest:conftest.py:150 TestClient cleanup completed
DEBUG    backend.api.tests.conftest:conftest.py:120 Test DB cleanup completed
DEBUG    asyncio:proactor_events.py:633 Using proactor: IocpProactor
DEBUG    backend.api.services.auth_service:auth_service.py:61 AuthService initialized with db and settings
INFO     backend.api.routes.auth:auth.py:64 Trying to register new user: secure@example.com
INFO     backend.api.services.auth_service:auth_service.py:116 User registered successfully: secure@example.com
INFO     backend.api.routes.auth:auth.py:68 User registered successfully: secure@example.com
INFO     httpx:_client.py:1025 HTTP Request: POST http://testserver/api/auth/register "HTTP/1.1 201 Created"
DEBUG    asyncio:proactor_events.py:633 Using proactor: IocpProactor
DEBUG    backend.api.services.auth_service:auth_service.py:61 AuthService initialized with db and settings
INFO     backend.api.routes.auth:auth.py:105 Trying to login user: secure@example.com
DEBUG    backend.api.services.auth_service:auth_service.py:524 Refresh token saved for user 6326c802-963d-454c-b49d-42185d83c6e7
INFO     backend.api.services.auth_service:auth_service.py:181 Login successful for user secure@example.com
INFO     backend.api.routes.auth:auth.py:109 Login successful for user: secure@example.com
INFO     httpx:_client.py:1025 HTTP Request: POST http://testserver/api/auth/login "HTTP/1.1 200 OK"
DEBUG    backend.api.tests.conftest:conftest.py:150 TestClient cleanup completed
DEBUG    backend.api.tests.conftest:conftest.py:120 Test DB cleanup completed
DEBUG    asyncio:proactor_events.py:633 Using proactor: IocpProactor
DEBUG    backend.api.services.auth_service:auth_service.py:61 AuthService initialized with db and settings
INFO     backend.api.routes.auth:auth.py:105 Trying to login user: secure@example.com
WARNING  backend.api.services.auth_service:auth_service.py:154 Login failed for user secure@example.com: invalid credentials
WARNING  backend.api.main:main.py:153 API error: Invalid email or password | code=UNAUTHORIZED | status=401 | path=/api/auth/login
INFO     httpx:_client.py:1025 HTTP Request: POST http://testserver/api/auth/login "HTTP/1.1 401 Unauthorized"
DEBUG    backend.api.tests.conftest:conftest.py:150 TestClient cleanup completed
DEBUG    backend.api.tests.conftest:conftest.py:120 Test DB cleanup completed
DEBUG    asyncio:proactor_events.py:633 Using proactor: IocpProactor
DEBUG    backend.api.services.auth_service:auth_service.py:61 AuthService initialized with db and settings
INFO     backend.api.routes.auth:auth.py:64 Trying to register new user: test@example.com
INFO     backend.api.services.auth_service:auth_service.py:116 User registered successfully: test@example.com
INFO     backend.api.routes.auth:auth.py:68 User registered successfully: test@example.com
INFO     httpx:_client.py:1025 HTTP Request: POST http://testserver/api/auth/register "HTTP/1.1 201 Created"
DEBUG    backend.api.tests.conftest:conftest.py:369 Test user registered: test@example.com
DEBUG    asyncio:proactor_events.py:633 Using proactor: IocpProactor
DEBUG    backend.api.services.auth_service:auth_service.py:61 AuthService initialized with db and settings
INFO     backend.api.routes.auth:auth.py:105 Trying to login user: test@example.com
DEBUG    backend.api.services.auth_service:auth_service.py:524 Refresh token saved for user 5bd00187-5435-4f97-91a8-d5473ed3e322
INFO     backend.api.services.auth_service:auth_service.py:181 Login successful for user test@example.com
INFO     backend.api.routes.auth:auth.py:109 Login successful for user: test@example.com
INFO     httpx:_client.py:1025 HTTP Request: POST http://testserver/api/auth/login "HTTP/1.1 200 OK"
DEBUG    backend.api.tests.conftest:conftest.py:415 JWT token generated for test user
DEBUG    asyncio:proactor_events.py:633 Using proactor: IocpProactor
DEBUG    backend.api.services.auth_service:auth_service.py:61 AuthService initialized with db and settings
INFO     backend.api.routes.processes:processes.py:64 POST /api/processes | user: test@example.com | title: Senior Backend Developer... | JD length: 211 characters
INFO     backend.api.services.process_service:process_service.py:88 Process created: baf3d613-d9bc-4f6e-9af4-3992287b76f8 | title: Senior Backend Developer | JD length: 211 chars
INFO     backend.api.routes.processes:processes.py:79 Process created successfully: baf3d613-d9bc-4f6e-9af4-3992287b76f8
INFO     httpx:_client.py:1025 HTTP Request: POST http://testserver/api/processes "HTTP/1.1 201 Created"
DEBUG    backend.api.tests.conftest:conftest.py:150 TestClient cleanup completed
DEBUG    backend.api.tests.conftest:conftest.py:120 Test DB cleanup completed
DEBUG    asyncio:proactor_events.py:633 Using proactor: IocpProactor
DEBUG    backend.api.services.auth_service:auth_service.py:61 AuthService initialized with db and settings
INFO     backend.api.routes.auth:auth.py:64 Trying to register new user: test@example.com
INFO     backend.api.services.auth_service:auth_service.py:116 User registered successfully: test@example.com
INFO     backend.api.routes.auth:auth.py:68 User registered successfully: test@example.com
INFO     httpx:_client.py:1025 HTTP Request: POST http://testserver/api/auth/register "HTTP/1.1 201 Created"
DEBUG    backend.api.tests.conftest:conftest.py:369 Test user registered: test@example.com
DEBUG    asyncio:proactor_events.py:633 Using proactor: IocpProactor
DEBUG    backend.api.services.auth_service:auth_service.py:61 AuthService initialized with db and settings
INFO     backend.api.routes.auth:auth.py:105 Trying to login user: test@example.com
DEBUG    backend.api.services.auth_service:auth_service.py:524 Refresh token saved for user 35d431b2-23a3-4ff7-9817-59d3b88b249e
INFO     backend.api.services.auth_service:auth_service.py:181 Login successful for user test@example.com
INFO     backend.api.routes.auth:auth.py:109 Login successful for user: test@example.com
INFO     httpx:_client.py:1025 HTTP Request: POST http://testserver/api/auth/login "HTTP/1.1 200 OK"
DEBUG    backend.api.tests.conftest:conftest.py:415 JWT token generated for test user
DEBUG    asyncio:proactor_events.py:633 Using proactor: IocpProactor
DEBUG    backend.api.services.auth_service:auth_service.py:61 AuthService initialized with db and settings
INFO     httpx:_client.py:1025 HTTP Request: POST http://testserver/api/processes "HTTP/1.1 422 Unprocessable Entity"
DEBUG    backend.api.tests.conftest:conftest.py:150 TestClient cleanup completed
DEBUG    backend.api.tests.conftest:conftest.py:120 Test DB cleanup completed
DEBUG    asyncio:proactor_events.py:633 Using proactor: IocpProactor
DEBUG    backend.api.services.auth_service:auth_service.py:61 AuthService initialized with db and settings
INFO     backend.api.routes.auth:auth.py:64 Trying to register new user: test@example.com
INFO     backend.api.services.auth_service:auth_service.py:116 User registered successfully: test@example.com
INFO     backend.api.routes.auth:auth.py:68 User registered successfully: test@example.com
INFO     httpx:_client.py:1025 HTTP Request: POST http://testserver/api/auth/register "HTTP/1.1 201 Created"
DEBUG    backend.api.tests.conftest:conftest.py:369 Test user registered: test@example.com
DEBUG    asyncio:proactor_events.py:633 Using proactor: IocpProactor
DEBUG    backend.api.services.auth_service:auth_service.py:61 AuthService initialized with db and settings
INFO     backend.api.routes.auth:auth.py:105 Trying to login user: test@example.com
DEBUG    backend.api.services.auth_service:auth_service.py:524 Refresh token saved for user 74ce6b39-4e39-4989-91f7-2bb490e82cde
INFO     backend.api.services.auth_service:auth_service.py:181 Login successful for user test@example.com
INFO     backend.api.routes.auth:auth.py:109 Login successful for user: test@example.com
INFO     httpx:_client.py:1025 HTTP Request: POST http://testserver/api/auth/login "HTTP/1.1 200 OK"
DEBUG    backend.api.tests.conftest:conftest.py:415 JWT token generated for test user
DEBUG    asyncio:proactor_events.py:633 Using proactor: IocpProactor
DEBUG    backend.api.services.auth_service:auth_service.py:61 AuthService initialized with db and settings
INFO     httpx:_client.py:1025 HTTP Request: POST http://testserver/api/processes "HTTP/1.1 422 Unprocessable Entity"
DEBUG    backend.api.tests.conftest:conftest.py:150 TestClient cleanup completed
DEBUG    backend.api.tests.conftest:conftest.py:120 Test DB cleanup completed
DEBUG    asyncio:proactor_events.py:633 Using proactor: IocpProactor
DEBUG    backend.api.services.auth_service:auth_service.py:61 AuthService initialized with db and settings
INFO     backend.api.routes.auth:auth.py:64 Trying to register new user: test@example.com
INFO     backend.api.services.auth_service:auth_service.py:116 User registered successfully: test@example.com
INFO     backend.api.routes.auth:auth.py:68 User registered successfully: test@example.com
INFO     httpx:_client.py:1025 HTTP Request: POST http://testserver/api/auth/register "HTTP/1.1 201 Created"
DEBUG    backend.api.tests.conftest:conftest.py:369 Test user registered: test@example.com
DEBUG    asyncio:proactor_events.py:633 Using proactor: IocpProactor
DEBUG    backend.api.services.auth_service:auth_service.py:61 AuthService initialized with db and settings
INFO     backend.api.routes.auth:auth.py:105 Trying to login user: test@example.com
DEBUG    backend.api.services.auth_service:auth_service.py:524 Refresh token saved for user 652dbf24-ed49-49d8-a86a-59aacabca968
INFO     backend.api.services.auth_service:auth_service.py:181 Login successful for user test@example.com
INFO     backend.api.routes.auth:auth.py:109 Login successful for user: test@example.com
INFO     httpx:_client.py:1025 HTTP Request: POST http://testserver/api/auth/login "HTTP/1.1 200 OK"
DEBUG    backend.api.tests.conftest:conftest.py:415 JWT token generated for test user
DEBUG    asyncio:proactor_events.py:633 Using proactor: IocpProactor
DEBUG    backend.api.services.auth_service:auth_service.py:61 AuthService initialized with db and settings
INFO     httpx:_client.py:1025 HTTP Request: POST http://testserver/api/processes "HTTP/1.1 422 Unprocessable Entity"
DEBUG    backend.api.tests.conftest:conftest.py:150 TestClient cleanup completed
DEBUG    backend.api.tests.conftest:conftest.py:120 Test DB cleanup completed
DEBUG    asyncio:proactor_events.py:633 Using proactor: IocpProactor
DEBUG    backend.api.services.auth_service:auth_service.py:61 AuthService initialized with db and settings
INFO     httpx:_client.py:1025 HTTP Request: POST http://testserver/api/processes "HTTP/1.1 422 Unprocessable Entity"
DEBUG    backend.api.tests.conftest:conftest.py:150 TestClient cleanup completed
DEBUG    backend.api.tests.conftest:conftest.py:120 Test DB cleanup completed
DEBUG    asyncio:proactor_events.py:633 Using proactor: IocpProactor
DEBUG    backend.api.services.auth_service:auth_service.py:61 AuthService initialized with db and settings
WARNING  backend.api.services.auth_service:auth_service.py:495 JWT error: Not enough segments
WARNING  backend.api.services.auth_service:auth_service.py:390 Invalid token or missing sub
WARNING  backend.api.main:main.py:153 API error: Invalid token | code=UNAUTHORIZED | status=401 | path=/api/processes
INFO     httpx:_client.py:1025 HTTP Request: POST http://testserver/api/processes "HTTP/1.1 401 Unauthorized"
DEBUG    backend.api.tests.conftest:conftest.py:150 TestClient cleanup completed
DEBUG    backend.api.tests.conftest:conftest.py:120 Test DB cleanup completed
DEBUG    asyncio:proactor_events.py:633 Using proactor: IocpProactor
DEBUG    backend.api.services.auth_service:auth_service.py:61 AuthService initialized with db and settings
INFO     backend.api.routes.auth:auth.py:64 Trying to register new user: test@example.com
INFO     backend.api.services.auth_service:auth_service.py:116 User registered successfully: test@example.com
INFO     backend.api.routes.auth:auth.py:68 User registered successfully: test@example.com
INFO     httpx:_client.py:1025 HTTP Request: POST http://testserver/api/auth/register "HTTP/1.1 201 Created"
DEBUG    backend.api.tests.conftest:conftest.py:369 Test user registered: test@example.com
DEBUG    asyncio:proactor_events.py:633 Using proactor: IocpProactor
DEBUG    backend.api.services.auth_service:auth_service.py:61 AuthService initialized with db and settings
INFO     backend.api.routes.auth:auth.py:105 Trying to login user: test@example.com
DEBUG    backend.api.services.auth_service:auth_service.py:524 Refresh token saved for user 583aa1a3-13fb-413e-be77-395f573af6ca
INFO     backend.api.services.auth_service:auth_service.py:181 Login successful for user test@example.com
INFO     backend.api.routes.auth:auth.py:109 Login successful for user: test@example.com
INFO     httpx:_client.py:1025 HTTP Request: POST http://testserver/api/auth/login "HTTP/1.1 200 OK"
DEBUG    backend.api.tests.conftest:conftest.py:415 JWT token generated for test user
DEBUG    asyncio:proactor_events.py:633 Using proactor: IocpProactor
DEBUG    backend.api.services.auth_service:auth_service.py:61 AuthService initialized with db and settings
INFO     backend.api.routes.processes:processes.py:129 GET /api/processes | user: test@example.com | page: 0 | limit: 10
DEBUG    backend.api.services.process_service:process_service.py:129 Listed 0 processes for user 583aa1a3-13fb-413e-be77-395f573af6ca from DB.
INFO     backend.api.routes.processes:processes.py:155 Listed 0 processes successfully for user test@example.com
INFO     httpx:_client.py:1025 HTTP Request: GET http://testserver/api/processes "HTTP/1.1 200 OK"
DEBUG    backend.api.tests.conftest:conftest.py:150 TestClient cleanup completed
DEBUG    backend.api.tests.conftest:conftest.py:120 Test DB cleanup completed
DEBUG    asyncio:proactor_events.py:633 Using proactor: IocpProactor
DEBUG    backend.api.services.auth_service:auth_service.py:61 AuthService initialized with db and settings
INFO     backend.api.routes.auth:auth.py:64 Trying to register new user: test@example.com
INFO     backend.api.services.auth_service:auth_service.py:116 User registered successfully: test@example.com
INFO     backend.api.routes.auth:auth.py:68 User registered successfully: test@example.com
INFO     httpx:_client.py:1025 HTTP Request: POST http://testserver/api/auth/register "HTTP/1.1 201 Created"
DEBUG    backend.api.tests.conftest:conftest.py:369 Test user registered: test@example.com
DEBUG    asyncio:proactor_events.py:633 Using proactor: IocpProactor
DEBUG    backend.api.services.auth_service:auth_service.py:61 AuthService initialized with db and settings
INFO     backend.api.routes.auth:auth.py:105 Trying to login user: test@example.com
DEBUG    backend.api.services.auth_service:auth_service.py:524 Refresh token saved for user 63e790e2-c3b5-4277-a7eb-1283205c0958
INFO     backend.api.services.auth_service:auth_service.py:181 Login successful for user test@example.com
INFO     backend.api.routes.auth:auth.py:109 Login successful for user: test@example.com
INFO     httpx:_client.py:1025 HTTP Request: POST http://testserver/api/auth/login "HTTP/1.1 200 OK"
DEBUG    backend.api.tests.conftest:conftest.py:415 JWT token generated for test user
DEBUG    asyncio:proactor_events.py:633 Using proactor: IocpProactor
DEBUG    backend.api.services.auth_service:auth_service.py:61 AuthService initialized with db and settings
INFO     backend.api.routes.processes:processes.py:64 POST /api/processes | user: test@example.com | title: Backend Developer... | JD length: 107 characters
INFO     backend.api.services.process_service:process_service.py:88 Process created: 52eb8b6e-c549-4954-bbff-67c0f7b9fec8 | title: Backend Developer | JD length: 107 chars
INFO     backend.api.routes.processes:processes.py:79 Process created successfully: 52eb8b6e-c549-4954-bbff-67c0f7b9fec8
INFO     httpx:_client.py:1025 HTTP Request: POST http://testserver/api/processes "HTTP/1.1 201 Created"
DEBUG    backend.api.tests.conftest:conftest.py:482 Test process created: 52eb8b6e-c549-4954-bbff-67c0f7b9fec8
DEBUG    asyncio:proactor_events.py:633 Using proactor: IocpProactor
DEBUG    backend.api.services.auth_service:auth_service.py:61 AuthService initialized with db and settings
INFO     backend.api.routes.processes:processes.py:64 POST /api/processes | user: test@example.com | title: Process 2... | JD length: 124 characters
INFO     backend.api.services.process_service:process_service.py:88 Process created: 22005183-d5c2-4096-91cf-fd873e7fe30e | title: Process 2 | JD length: 124 chars
INFO     backend.api.routes.processes:processes.py:79 Process created successfully: 22005183-d5c2-4096-91cf-fd873e7fe30e
INFO     httpx:_client.py:1025 HTTP Request: POST http://testserver/api/processes "HTTP/1.1 201 Created"
DEBUG    asyncio:proactor_events.py:633 Using proactor: IocpProactor
DEBUG    backend.api.services.auth_service:auth_service.py:61 AuthService initialized with db and settings
INFO     backend.api.routes.processes:processes.py:64 POST /api/processes | user: test@example.com | title: Process 3... | JD length: 124 characters
INFO     backend.api.services.process_service:process_service.py:88 Process created: 0dcf30e9-d0b7-430f-8051-c264595d7a1f | title: Process 3 | JD length: 124 chars
INFO     backend.api.routes.processes:processes.py:79 Process created successfully: 0dcf30e9-d0b7-430f-8051-c264595d7a1f
INFO     httpx:_client.py:1025 HTTP Request: POST http://testserver/api/processes "HTTP/1.1 201 Created"
DEBUG    asyncio:proactor_events.py:633 Using proactor: IocpProactor
DEBUG    backend.api.services.auth_service:auth_service.py:61 AuthService initialized with db and settings
INFO     backend.api.routes.processes:processes.py:129 GET /api/processes | user: test@example.com | page: 0 | limit: 10
DEBUG    backend.api.services.process_service:process_service.py:129 Listed 3 processes for user 63e790e2-c3b5-4277-a7eb-1283205c0958 from DB.
INFO     backend.api.routes.processes:processes.py:155 Listed 3 processes successfully for user test@example.com
INFO     httpx:_client.py:1025 HTTP Request: GET http://testserver/api/processes?page=0&limit=10 "HTTP/1.1 200 OK"
DEBUG    backend.api.tests.conftest:conftest.py:150 TestClient cleanup completed
DEBUG    backend.api.tests.conftest:conftest.py:120 Test DB cleanup completed
DEBUG    asyncio:proactor_events.py:633 Using proactor: IocpProactor
DEBUG    backend.api.services.auth_service:auth_service.py:61 AuthService initialized with db and settings
INFO     backend.api.routes.auth:auth.py:64 Trying to register new user: test@example.com
INFO     backend.api.services.auth_service:auth_service.py:116 User registered successfully: test@example.com
INFO     backend.api.routes.auth:auth.py:68 User registered successfully: test@example.com
INFO     httpx:_client.py:1025 HTTP Request: POST http://testserver/api/auth/register "HTTP/1.1 201 Created"
DEBUG    backend.api.tests.conftest:conftest.py:369 Test user registered: test@example.com
DEBUG    asyncio:proactor_events.py:633 Using proactor: IocpProactor
DEBUG    backend.api.services.auth_service:auth_service.py:61 AuthService initialized with db and settings
INFO     backend.api.routes.auth:auth.py:105 Trying to login user: test@example.com
DEBUG    backend.api.services.auth_service:auth_service.py:524 Refresh token saved for user 718126d2-80d6-4efd-bcd8-a9fac661dd8b
INFO     backend.api.services.auth_service:auth_service.py:181 Login successful for user test@example.com
INFO     backend.api.routes.auth:auth.py:109 Login successful for user: test@example.com
INFO     httpx:_client.py:1025 HTTP Request: POST http://testserver/api/auth/login "HTTP/1.1 200 OK"
DEBUG    backend.api.tests.conftest:conftest.py:415 JWT token generated for test user
DEBUG    asyncio:proactor_events.py:633 Using proactor: IocpProactor
DEBUG    backend.api.services.auth_service:auth_service.py:61 AuthService initialized with db and settings
INFO     backend.api.routes.processes:processes.py:64 POST /api/processes | user: test@example.com | title: Process 1... | JD length: 126 characters
INFO     backend.api.services.process_service:process_service.py:88 Process created: 9c729e73-1a37-41be-b549-fae6404c9871 | title: Process 1 | JD length: 125 chars
INFO     backend.api.routes.processes:processes.py:79 Process created successfully: 9c729e73-1a37-41be-b549-fae6404c9871
INFO     httpx:_client.py:1025 HTTP Request: POST http://testserver/api/processes "HTTP/1.1 201 Created"
DEBUG    asyncio:proactor_events.py:633 Using proactor: IocpProactor
DEBUG    backend.api.services.auth_service:auth_service.py:61 AuthService initialized with db and settings
INFO     backend.api.routes.processes:processes.py:64 POST /api/processes | user: test@example.com | title: Process 2... | JD length: 126 characters
INFO     backend.api.services.process_service:process_service.py:88 Process created: 815dd75c-5dab-4e56-9832-7a86fa1c51ef | title: Process 2 | JD length: 125 chars
INFO     backend.api.routes.processes:processes.py:79 Process created successfully: 815dd75c-5dab-4e56-9832-7a86fa1c51ef
INFO     httpx:_client.py:1025 HTTP Request: POST http://testserver/api/processes "HTTP/1.1 201 Created"
DEBUG    asyncio:proactor_events.py:633 Using proactor: IocpProactor
DEBUG    backend.api.services.auth_service:auth_service.py:61 AuthService initialized with db and settings
INFO     backend.api.routes.processes:processes.py:64 POST /api/processes | user: test@example.com | title: Process 3... | JD length: 126 characters
INFO     backend.api.services.process_service:process_service.py:88 Process created: c6f0274a-56e7-4fd8-a06b-c944b98a6150 | title: Process 3 | JD length: 125 chars
INFO     backend.api.routes.processes:processes.py:79 Process created successfully: c6f0274a-56e7-4fd8-a06b-c944b98a6150
INFO     httpx:_client.py:1025 HTTP Request: POST http://testserver/api/processes "HTTP/1.1 201 Created"
DEBUG    asyncio:proactor_events.py:633 Using proactor: IocpProactor
DEBUG    backend.api.services.auth_service:auth_service.py:61 AuthService initialized with db and settings
INFO     backend.api.routes.processes:processes.py:129 GET /api/processes | user: test@example.com | page: 1 | limit: 1
DEBUG    backend.api.services.process_service:process_service.py:129 Listed 1 processes for user 718126d2-80d6-4efd-bcd8-a9fac661dd8b from DB.
INFO     backend.api.routes.processes:processes.py:155 Listed 1 processes successfully for user test@example.com
INFO     httpx:_client.py:1025 HTTP Request: GET http://testserver/api/processes?page=1&limit=1 "HTTP/1.1 200 OK"
DEBUG    backend.api.tests.conftest:conftest.py:150 TestClient cleanup completed
DEBUG    backend.api.tests.conftest:conftest.py:120 Test DB cleanup completed
DEBUG    asyncio:proactor_events.py:633 Using proactor: IocpProactor
DEBUG    backend.api.services.auth_service:auth_service.py:61 AuthService initialized with db and settings
INFO     backend.api.routes.auth:auth.py:64 Trying to register new user: test@example.com
INFO     backend.api.services.auth_service:auth_service.py:116 User registered successfully: test@example.com
INFO     backend.api.routes.auth:auth.py:68 User registered successfully: test@example.com
INFO     httpx:_client.py:1025 HTTP Request: POST http://testserver/api/auth/register "HTTP/1.1 201 Created"
DEBUG    backend.api.tests.conftest:conftest.py:369 Test user registered: test@example.com
DEBUG    asyncio:proactor_events.py:633 Using proactor: IocpProactor
DEBUG    backend.api.services.auth_service:auth_service.py:61 AuthService initialized with db and settings
INFO     backend.api.routes.auth:auth.py:105 Trying to login user: test@example.com
DEBUG    backend.api.services.auth_service:auth_service.py:524 Refresh token saved for user 460f0310-76c8-4828-acce-65b0dc70c60f
INFO     backend.api.services.auth_service:auth_service.py:181 Login successful for user test@example.com
INFO     backend.api.routes.auth:auth.py:109 Login successful for user: test@example.com
INFO     httpx:_client.py:1025 HTTP Request: POST http://testserver/api/auth/login "HTTP/1.1 200 OK"
DEBUG    backend.api.tests.conftest:conftest.py:415 JWT token generated for test user
DEBUG    asyncio:proactor_events.py:633 Using proactor: IocpProactor
DEBUG    backend.api.services.auth_service:auth_service.py:61 AuthService initialized with db and settings
INFO     backend.api.routes.processes:processes.py:64 POST /api/processes | user: test@example.com | title: Backend Developer... | JD length: 107 characters
INFO     backend.api.services.process_service:process_service.py:88 Process created: f34ccfe5-4eb7-4e37-aa7d-ef1f8100b56c | title: Backend Developer | JD length: 107 chars
INFO     backend.api.routes.processes:processes.py:79 Process created successfully: f34ccfe5-4eb7-4e37-aa7d-ef1f8100b56c
INFO     httpx:_client.py:1025 HTTP Request: POST http://testserver/api/processes "HTTP/1.1 201 Created"
DEBUG    backend.api.tests.conftest:conftest.py:482 Test process created: f34ccfe5-4eb7-4e37-aa7d-ef1f8100b56c
DEBUG    asyncio:proactor_events.py:633 Using proactor: IocpProactor
DEBUG    backend.api.services.auth_service:auth_service.py:61 AuthService initialized with db and settings
INFO     backend.api.routes.processes:processes.py:129 GET /api/processes | user: test@example.com | page: 0 | limit: 10
DEBUG    backend.api.services.process_service:process_service.py:129 Listed 1 processes for user 460f0310-76c8-4828-acce-65b0dc70c60f from DB.
INFO     backend.api.routes.processes:processes.py:155 Listed 1 processes successfully for user test@example.com
INFO     httpx:_client.py:1025 HTTP Request: GET http://testserver/api/processes "HTTP/1.1 200 OK"
DEBUG    backend.api.tests.conftest:conftest.py:150 TestClient cleanup completed
DEBUG    backend.api.tests.conftest:conftest.py:120 Test DB cleanup completed
DEBUG    asyncio:proactor_events.py:633 Using proactor: IocpProactor
DEBUG    backend.api.services.auth_service:auth_service.py:61 AuthService initialized with db and settings
INFO     httpx:_client.py:1025 HTTP Request: GET http://testserver/api/processes "HTTP/1.1 422 Unprocessable Entity"
DEBUG    backend.api.tests.conftest:conftest.py:150 TestClient cleanup completed
DEBUG    backend.api.tests.conftest:conftest.py:120 Test DB cleanup completed
DEBUG    asyncio:proactor_events.py:633 Using proactor: IocpProactor
DEBUG    backend.api.services.auth_service:auth_service.py:61 AuthService initialized with db and settings
INFO     backend.api.routes.auth:auth.py:64 Trying to register new user: test@example.com
INFO     backend.api.services.auth_service:auth_service.py:116 User registered successfully: test@example.com
INFO     backend.api.routes.auth:auth.py:68 User registered successfully: test@example.com
INFO     httpx:_client.py:1025 HTTP Request: POST http://testserver/api/auth/register "HTTP/1.1 201 Created"
DEBUG    backend.api.tests.conftest:conftest.py:369 Test user registered: test@example.com
DEBUG    asyncio:proactor_events.py:633 Using proactor: IocpProactor
DEBUG    backend.api.services.auth_service:auth_service.py:61 AuthService initialized with db and settings
INFO     backend.api.routes.auth:auth.py:105 Trying to login user: test@example.com
DEBUG    backend.api.services.auth_service:auth_service.py:524 Refresh token saved for user f1e77738-dc18-49ac-bd7c-c814d0158ff5
INFO     backend.api.services.auth_service:auth_service.py:181 Login successful for user test@example.com
INFO     backend.api.routes.auth:auth.py:109 Login successful for user: test@example.com
INFO     httpx:_client.py:1025 HTTP Request: POST http://testserver/api/auth/login "HTTP/1.1 200 OK"
DEBUG    backend.api.tests.conftest:conftest.py:415 JWT token generated for test user
DEBUG    asyncio:proactor_events.py:633 Using proactor: IocpProactor
DEBUG    backend.api.services.auth_service:auth_service.py:61 AuthService initialized with db and settings
INFO     httpx:_client.py:1025 HTTP Request: GET http://testserver/api/processes?page=abc "HTTP/1.1 422 Unprocessable Entity"
DEBUG    backend.api.tests.conftest:conftest.py:150 TestClient cleanup completed
DEBUG    backend.api.tests.conftest:conftest.py:120 Test DB cleanup completed
DEBUG    asyncio:proactor_events.py:633 Using proactor: IocpProactor
DEBUG    backend.api.services.auth_service:auth_service.py:61 AuthService initialized with db and settings
INFO     backend.api.routes.auth:auth.py:64 Trying to register new user: test@example.com
INFO     backend.api.services.auth_service:auth_service.py:116 User registered successfully: test@example.com
INFO     backend.api.routes.auth:auth.py:68 User registered successfully: test@example.com
INFO     httpx:_client.py:1025 HTTP Request: POST http://testserver/api/auth/register "HTTP/1.1 201 Created"
DEBUG    backend.api.tests.conftest:conftest.py:369 Test user registered: test@example.com
DEBUG    asyncio:proactor_events.py:633 Using proactor: IocpProactor
DEBUG    backend.api.services.auth_service:auth_service.py:61 AuthService initialized with db and settings
INFO     backend.api.routes.auth:auth.py:105 Trying to login user: test@example.com
DEBUG    backend.api.services.auth_service:auth_service.py:524 Refresh token saved for user 41e4ec4b-bccf-4f96-a19e-6ee73b421d6e
INFO     backend.api.services.auth_service:auth_service.py:181 Login successful for user test@example.com
INFO     backend.api.routes.auth:auth.py:109 Login successful for user: test@example.com
INFO     httpx:_client.py:1025 HTTP Request: POST http://testserver/api/auth/login "HTTP/1.1 200 OK"
DEBUG    backend.api.tests.conftest:conftest.py:415 JWT token generated for test user
DEBUG    asyncio:proactor_events.py:633 Using proactor: IocpProactor
DEBUG    backend.api.services.auth_service:auth_service.py:61 AuthService initialized with db and settings
INFO     backend.api.routes.processes:processes.py:129 GET /api/processes | user: test@example.com | page: 0 | limit: 101
WARNING  backend.api.main:main.py:153 API error: Limit must be between 1 and 100 | code=VALIDATION_ERROR | status=400 | path=/api/processes
INFO     httpx:_client.py:1025 HTTP Request: GET http://testserver/api/processes?limit=101 "HTTP/1.1 400 Bad Request"
DEBUG    backend.api.tests.conftest:conftest.py:150 TestClient cleanup completed
DEBUG    backend.api.tests.conftest:conftest.py:120 Test DB cleanup completed
DEBUG    asyncio:proactor_events.py:633 Using proactor: IocpProactor
DEBUG    backend.api.services.auth_service:auth_service.py:61 AuthService initialized with db and settings
INFO     backend.api.routes.auth:auth.py:64 Trying to register new user: test@example.com
INFO     backend.api.services.auth_service:auth_service.py:116 User registered successfully: test@example.com
INFO     backend.api.routes.auth:auth.py:68 User registered successfully: test@example.com
INFO     httpx:_client.py:1025 HTTP Request: POST http://testserver/api/auth/register "HTTP/1.1 201 Created"
DEBUG    backend.api.tests.conftest:conftest.py:369 Test user registered: test@example.com
DEBUG    asyncio:proactor_events.py:633 Using proactor: IocpProactor
DEBUG    backend.api.services.auth_service:auth_service.py:61 AuthService initialized with db and settings
INFO     backend.api.routes.auth:auth.py:105 Trying to login user: test@example.com
DEBUG    backend.api.services.auth_service:auth_service.py:524 Refresh token saved for user 4601dc98-5c21-4b11-970c-07f9ec6f1626
INFO     backend.api.services.auth_service:auth_service.py:181 Login successful for user test@example.com
INFO     backend.api.routes.auth:auth.py:109 Login successful for user: test@example.com
INFO     httpx:_client.py:1025 HTTP Request: POST http://testserver/api/auth/login "HTTP/1.1 200 OK"
DEBUG    backend.api.tests.conftest:conftest.py:415 JWT token generated for test user
DEBUG    asyncio:proactor_events.py:633 Using proactor: IocpProactor
DEBUG    backend.api.services.auth_service:auth_service.py:61 AuthService initialized with db and settings
INFO     backend.api.routes.processes:processes.py:64 POST /api/processes | user: test@example.com | title: Backend Developer... | JD length: 107 characters
INFO     backend.api.services.process_service:process_service.py:88 Process created: 1b12bb11-1b7b-4eb5-95b8-85163b5b8ae9 | title: Backend Developer | JD length: 107 chars
INFO     backend.api.routes.processes:processes.py:79 Process created successfully: 1b12bb11-1b7b-4eb5-95b8-85163b5b8ae9
INFO     httpx:_client.py:1025 HTTP Request: POST http://testserver/api/processes "HTTP/1.1 201 Created"
DEBUG    backend.api.tests.conftest:conftest.py:482 Test process created: 1b12bb11-1b7b-4eb5-95b8-85163b5b8ae9
DEBUG    asyncio:proactor_events.py:633 Using proactor: IocpProactor
DEBUG    backend.api.services.auth_service:auth_service.py:61 AuthService initialized with db and settings
DEBUG    backend.api.routes.processes:processes.py:272 GET /api/processes/1b12bb11-1b7b-4eb5-95b8-85163b5b8ae9 | user: test@example.com
DEBUG    backend.api.services.process_service:process_service.py:177 Retrieved process: 1b12bb11-1b7b-4eb5-95b8-85163b5b8ae9 | status: ProcessStatus.CREATED | owner: 4601dc98-5c21-4b11-970c-07f9ec6f1626
INFO     backend.api.routes.processes:processes.py:280 Process 1b12bb11-1b7b-4eb5-95b8-85163b5b8ae9 retrieved successfully for user test@example.com | status: ProcessStatus.CREATED
INFO     httpx:_client.py:1025 HTTP Request: GET http://testserver/api/processes/1b12bb11-1b7b-4eb5-95b8-85163b5b8ae9 "HTTP/1.1 200 OK"
DEBUG    backend.api.tests.conftest:conftest.py:150 TestClient cleanup completed
DEBUG    backend.api.tests.conftest:conftest.py:120 Test DB cleanup completed
DEBUG    asyncio:proactor_events.py:633 Using proactor: IocpProactor
DEBUG    backend.api.services.auth_service:auth_service.py:61 AuthService initialized with db and settings
INFO     backend.api.routes.auth:auth.py:64 Trying to register new user: test@example.com
INFO     backend.api.services.auth_service:auth_service.py:116 User registered successfully: test@example.com
INFO     backend.api.routes.auth:auth.py:68 User registered successfully: test@example.com
INFO     httpx:_client.py:1025 HTTP Request: POST http://testserver/api/auth/register "HTTP/1.1 201 Created"
DEBUG    backend.api.tests.conftest:conftest.py:369 Test user registered: test@example.com
DEBUG    asyncio:proactor_events.py:633 Using proactor: IocpProactor
DEBUG    backend.api.services.auth_service:auth_service.py:61 AuthService initialized with db and settings
INFO     backend.api.routes.auth:auth.py:105 Trying to login user: test@example.com
DEBUG    backend.api.services.auth_service:auth_service.py:524 Refresh token saved for user 994b5ac4-de20-44df-929f-251f0d83eeb5
INFO     backend.api.services.auth_service:auth_service.py:181 Login successful for user test@example.com
INFO     backend.api.routes.auth:auth.py:109 Login successful for user: test@example.com
INFO     httpx:_client.py:1025 HTTP Request: POST http://testserver/api/auth/login "HTTP/1.1 200 OK"
DEBUG    backend.api.tests.conftest:conftest.py:415 JWT token generated for test user
DEBUG    asyncio:proactor_events.py:633 Using proactor: IocpProactor
DEBUG    backend.api.services.auth_service:auth_service.py:61 AuthService initialized with db and settings
INFO     backend.api.routes.auth:auth.py:64 Trying to register new user: other+1778505690469@example.com
INFO     backend.api.services.auth_service:auth_service.py:116 User registered successfully: other+1778505690469@example.com
INFO     backend.api.routes.auth:auth.py:68 User registered successfully: other+1778505690469@example.com
INFO     httpx:_client.py:1025 HTTP Request: POST http://testserver/api/auth/register "HTTP/1.1 201 Created"
DEBUG    asyncio:proactor_events.py:633 Using proactor: IocpProactor
DEBUG    backend.api.services.auth_service:auth_service.py:61 AuthService initialized with db and settings
INFO     backend.api.routes.auth:auth.py:105 Trying to login user: other+1778505690469@example.com
DEBUG    backend.api.services.auth_service:auth_service.py:524 Refresh token saved for user 4c470682-f2cd-4116-bd0c-d242e3f8fe18
INFO     backend.api.services.auth_service:auth_service.py:181 Login successful for user other+1778505690469@example.com
INFO     backend.api.routes.auth:auth.py:109 Login successful for user: other+1778505690469@example.com
INFO     httpx:_client.py:1025 HTTP Request: POST http://testserver/api/auth/login "HTTP/1.1 200 OK"
DEBUG    backend.api.tests.conftest:conftest.py:710 JWT token generated for other test user
DEBUG    asyncio:proactor_events.py:633 Using proactor: IocpProactor
DEBUG    backend.api.services.auth_service:auth_service.py:61 AuthService initialized with db and settings
INFO     backend.api.routes.processes:processes.py:64 POST /api/processes | user: test@example.com | title: Backend Developer... | JD length: 107 characters
INFO     backend.api.services.process_service:process_service.py:88 Process created: d8492ff9-e31f-4c46-91fa-e6e7687c696e | title: Backend Developer | JD length: 107 chars
INFO     backend.api.routes.processes:processes.py:79 Process created successfully: d8492ff9-e31f-4c46-91fa-e6e7687c696e
INFO     httpx:_client.py:1025 HTTP Request: POST http://testserver/api/processes "HTTP/1.1 201 Created"
DEBUG    backend.api.tests.conftest:conftest.py:482 Test process created: d8492ff9-e31f-4c46-91fa-e6e7687c696e
DEBUG    asyncio:proactor_events.py:633 Using proactor: IocpProactor
DEBUG    backend.api.services.auth_service:auth_service.py:61 AuthService initialized with db and settings
DEBUG    backend.api.routes.processes:processes.py:272 GET /api/processes/d8492ff9-e31f-4c46-91fa-e6e7687c696e | user: test@example.com
DEBUG    backend.api.services.process_service:process_service.py:177 Retrieved process: d8492ff9-e31f-4c46-91fa-e6e7687c696e | status: ProcessStatus.CREATED | owner: 994b5ac4-de20-44df-929f-251f0d83eeb5
INFO     backend.api.routes.processes:processes.py:280 Process d8492ff9-e31f-4c46-91fa-e6e7687c696e retrieved successfully for user test@example.com | status: ProcessStatus.CREATED
INFO     httpx:_client.py:1025 HTTP Request: GET http://testserver/api/processes/d8492ff9-e31f-4c46-91fa-e6e7687c696e "HTTP/1.1 200 OK"
DEBUG    asyncio:proactor_events.py:633 Using proactor: IocpProactor
DEBUG    backend.api.services.auth_service:auth_service.py:61 AuthService initialized with db and settings
DEBUG    backend.api.routes.processes:processes.py:272 GET /api/processes/d8492ff9-e31f-4c46-91fa-e6e7687c696e | user: other+1778505690469@example.com
WARNING  backend.api.services.process_service:process_service.py:168 Access denied: user 4c470682-f2cd-4116-bd0c-d242e3f8fe18 tried to access process d8492ff9-e31f-4c46-91fa-e6e7687c696e
WARNING  backend.api.main:main.py:153 API error: Access denied: user 4c470682-f2cd-4116-bd0c-d242e3f8fe18 tried to access process d8492ff9-e31f-4c46-91fa-e6e7687c696e. | code=FORBIDDEN | status=403 | path=/api/processes/d8492ff9-e31f-4c46-91fa-e6e7687c696e
INFO     httpx:_client.py:1025 HTTP Request: GET http://testserver/api/processes/d8492ff9-e31f-4c46-91fa-e6e7687c696e "HTTP/1.1 403 Forbidden"
DEBUG    backend.api.tests.conftest:conftest.py:150 TestClient cleanup completed
DEBUG    backend.api.tests.conftest:conftest.py:120 Test DB cleanup completed
DEBUG    asyncio:proactor_events.py:633 Using proactor: IocpProactor
DEBUG    backend.api.services.auth_service:auth_service.py:61 AuthService initialized with db and settings
INFO     backend.api.routes.auth:auth.py:64 Trying to register new user: test@example.com
INFO     backend.api.services.auth_service:auth_service.py:116 User registered successfully: test@example.com
INFO     backend.api.routes.auth:auth.py:68 User registered successfully: test@example.com
INFO     httpx:_client.py:1025 HTTP Request: POST http://testserver/api/auth/register "HTTP/1.1 201 Created"
DEBUG    backend.api.tests.conftest:conftest.py:369 Test user registered: test@example.com
DEBUG    asyncio:proactor_events.py:633 Using proactor: IocpProactor
DEBUG    backend.api.services.auth_service:auth_service.py:61 AuthService initialized with db and settings
INFO     backend.api.routes.auth:auth.py:105 Trying to login user: test@example.com
DEBUG    backend.api.services.auth_service:auth_service.py:524 Refresh token saved for user 59fd0a2e-5e40-4169-80aa-fbce96ab51e7
INFO     backend.api.services.auth_service:auth_service.py:181 Login successful for user test@example.com
INFO     backend.api.routes.auth:auth.py:109 Login successful for user: test@example.com
INFO     httpx:_client.py:1025 HTTP Request: POST http://testserver/api/auth/login "HTTP/1.1 200 OK"
DEBUG    backend.api.tests.conftest:conftest.py:415 JWT token generated for test user
DEBUG    asyncio:proactor_events.py:633 Using proactor: IocpProactor
DEBUG    backend.api.services.auth_service:auth_service.py:61 AuthService initialized with db and settings
DEBUG    backend.api.routes.processes:processes.py:272 GET /api/processes/00000000-0000-0000-0000-000000000000 | user: test@example.com
WARNING  backend.api.services.process_service:process_service.py:163 Process not found: 00000000-0000-0000-0000-000000000000
WARNING  backend.api.main:main.py:153 API error: Process 00000000-0000-0000-0000-000000000000 not found. | code=NOT_FOUND | status=404 | path=/api/processes/00000000-0000-0000-0000-000000000000
INFO     httpx:_client.py:1025 HTTP Request: GET http://testserver/api/processes/00000000-0000-0000-0000-000000000000 "HTTP/1.1 404 Not Found"
DEBUG    backend.api.tests.conftest:conftest.py:150 TestClient cleanup completed
DEBUG    backend.api.tests.conftest:conftest.py:120 Test DB cleanup completed
DEBUG    asyncio:proactor_events.py:633 Using proactor: IocpProactor
DEBUG    backend.api.services.auth_service:auth_service.py:61 AuthService initialized with db and settings
INFO     backend.api.routes.auth:auth.py:64 Trying to register new user: test@example.com
INFO     backend.api.services.auth_service:auth_service.py:116 User registered successfully: test@example.com
INFO     backend.api.routes.auth:auth.py:68 User registered successfully: test@example.com
INFO     httpx:_client.py:1025 HTTP Request: POST http://testserver/api/auth/register "HTTP/1.1 201 Created"
DEBUG    backend.api.tests.conftest:conftest.py:369 Test user registered: test@example.com
DEBUG    asyncio:proactor_events.py:633 Using proactor: IocpProactor
DEBUG    backend.api.services.auth_service:auth_service.py:61 AuthService initialized with db and settings
INFO     backend.api.routes.auth:auth.py:105 Trying to login user: test@example.com
DEBUG    backend.api.services.auth_service:auth_service.py:524 Refresh token saved for user 7a7768bc-089e-4835-9d96-bb78c7b93bdd
INFO     backend.api.services.auth_service:auth_service.py:181 Login successful for user test@example.com
INFO     backend.api.routes.auth:auth.py:109 Login successful for user: test@example.com
INFO     httpx:_client.py:1025 HTTP Request: POST http://testserver/api/auth/login "HTTP/1.1 200 OK"
DEBUG    backend.api.tests.conftest:conftest.py:415 JWT token generated for test user
DEBUG    asyncio:proactor_events.py:633 Using proactor: IocpProactor
DEBUG    backend.api.services.auth_service:auth_service.py:61 AuthService initialized with db and settings
INFO     backend.api.routes.processes:processes.py:64 POST /api/processes | user: test@example.com | title: Backend Developer... | JD length: 107 characters
INFO     backend.api.services.process_service:process_service.py:88 Process created: ac5668af-8728-4690-b881-28ac003aca79 | title: Backend Developer | JD length: 107 chars
INFO     backend.api.routes.processes:processes.py:79 Process created successfully: ac5668af-8728-4690-b881-28ac003aca79
INFO     httpx:_client.py:1025 HTTP Request: POST http://testserver/api/processes "HTTP/1.1 201 Created"
DEBUG    backend.api.tests.conftest:conftest.py:482 Test process created: ac5668af-8728-4690-b881-28ac003aca79
DEBUG    asyncio:proactor_events.py:633 Using proactor: IocpProactor
DEBUG    backend.api.services.auth_service:auth_service.py:61 AuthService initialized with db and settings
INFO     httpx:_client.py:1025 HTTP Request: GET http://testserver/api/processes/ac5668af-8728-4690-b881-28ac003aca79 "HTTP/1.1 422 Unprocessable Entity"
DEBUG    backend.api.tests.conftest:conftest.py:150 TestClient cleanup completed
DEBUG    backend.api.tests.conftest:conftest.py:120 Test DB cleanup completed
DEBUG    asyncio:proactor_events.py:633 Using proactor: IocpProactor
DEBUG    backend.api.services.auth_service:auth_service.py:61 AuthService initialized with db and settings
INFO     backend.api.routes.auth:auth.py:64 Trying to register new user: test@example.com
INFO     backend.api.services.auth_service:auth_service.py:116 User registered successfully: test@example.com
INFO     backend.api.routes.auth:auth.py:68 User registered successfully: test@example.com
INFO     httpx:_client.py:1025 HTTP Request: POST http://testserver/api/auth/register "HTTP/1.1 201 Created"
DEBUG    backend.api.tests.conftest:conftest.py:369 Test user registered: test@example.com
DEBUG    asyncio:proactor_events.py:633 Using proactor: IocpProactor
DEBUG    backend.api.services.auth_service:auth_service.py:61 AuthService initialized with db and settings
INFO     backend.api.routes.auth:auth.py:105 Trying to login user: test@example.com
DEBUG    backend.api.services.auth_service:auth_service.py:524 Refresh token saved for user 981a7bca-2653-4976-919b-f381046404dc
INFO     backend.api.services.auth_service:auth_service.py:181 Login successful for user test@example.com
INFO     backend.api.routes.auth:auth.py:109 Login successful for user: test@example.com
INFO     httpx:_client.py:1025 HTTP Request: POST http://testserver/api/auth/login "HTTP/1.1 200 OK"
DEBUG    backend.api.tests.conftest:conftest.py:415 JWT token generated for test user
DEBUG    asyncio:proactor_events.py:633 Using proactor: IocpProactor
DEBUG    backend.api.services.auth_service:auth_service.py:61 AuthService initialized with db and settings
INFO     httpx:_client.py:1025 HTTP Request: GET http://testserver/api/processes/invalid-uuid "HTTP/1.1 422 Unprocessable Entity"
DEBUG    backend.api.tests.conftest:conftest.py:150 TestClient cleanup completed
DEBUG    backend.api.tests.conftest:conftest.py:120 Test DB cleanup completed
DEBUG    asyncio:proactor_events.py:633 Using proactor: IocpProactor
DEBUG    backend.api.services.auth_service:auth_service.py:61 AuthService initialized with db and settings
INFO     backend.api.routes.auth:auth.py:64 Trying to register new user: test@example.com
INFO     backend.api.services.auth_service:auth_service.py:116 User registered successfully: test@example.com
INFO     backend.api.routes.auth:auth.py:68 User registered successfully: test@example.com
INFO     httpx:_client.py:1025 HTTP Request: POST http://testserver/api/auth/register "HTTP/1.1 201 Created"
DEBUG    backend.api.tests.conftest:conftest.py:369 Test user registered: test@example.com
DEBUG    asyncio:proactor_events.py:633 Using proactor: IocpProactor
DEBUG    backend.api.services.auth_service:auth_service.py:61 AuthService initialized with db and settings
INFO     backend.api.routes.auth:auth.py:105 Trying to login user: test@example.com
DEBUG    backend.api.services.auth_service:auth_service.py:524 Refresh token saved for user 60c297e6-291a-4901-9c58-6ff4bba24a7a
INFO     backend.api.services.auth_service:auth_service.py:181 Login successful for user test@example.com
INFO     backend.api.routes.auth:auth.py:109 Login successful for user: test@example.com
INFO     httpx:_client.py:1025 HTTP Request: POST http://testserver/api/auth/login "HTTP/1.1 200 OK"
DEBUG    backend.api.tests.conftest:conftest.py:415 JWT token generated for test user
DEBUG    asyncio:proactor_events.py:633 Using proactor: IocpProactor
DEBUG    backend.api.services.auth_service:auth_service.py:61 AuthService initialized with db and settings
INFO     backend.api.routes.processes:processes.py:64 POST /api/processes | user: test@example.com | title: Backend Developer... | JD length: 107 characters
INFO     backend.api.services.process_service:process_service.py:88 Process created: 5173972e-415b-4260-a6e6-bd1724997575 | title: Backend Developer | JD length: 107 chars
INFO     backend.api.routes.processes:processes.py:79 Process created successfully: 5173972e-415b-4260-a6e6-bd1724997575
INFO     httpx:_client.py:1025 HTTP Request: POST http://testserver/api/processes "HTTP/1.1 201 Created"
DEBUG    backend.api.tests.conftest:conftest.py:482 Test process created: 5173972e-415b-4260-a6e6-bd1724997575
DEBUG    asyncio:proactor_events.py:633 Using proactor: IocpProactor
DEBUG    backend.api.services.auth_service:auth_service.py:61 AuthService initialized with db and settings
DEBUG    backend.api.routes.processes:processes.py:272 GET /api/processes/5173972e-415b-4260-a6e6-bd1724997575 | user: test@example.com
DEBUG    backend.api.services.process_service:process_service.py:177 Retrieved process: 5173972e-415b-4260-a6e6-bd1724997575 | status: ProcessStatus.CANCELLED | owner: 60c297e6-291a-4901-9c58-6ff4bba24a7a
INFO     backend.api.routes.processes:processes.py:280 Process 5173972e-415b-4260-a6e6-bd1724997575 retrieved successfully for user test@example.com | status: ProcessStatus.CANCELLED
INFO     httpx:_client.py:1025 HTTP Request: GET http://testserver/api/processes/5173972e-415b-4260-a6e6-bd1724997575 "HTTP/1.1 200 OK"
DEBUG    backend.api.tests.conftest:conftest.py:150 TestClient cleanup completed
DEBUG    backend.api.tests.conftest:conftest.py:120 Test DB cleanup completed
DEBUG    asyncio:proactor_events.py:633 Using proactor: IocpProactor
DEBUG    backend.api.services.auth_service:auth_service.py:61 AuthService initialized with db and settings
INFO     backend.api.routes.auth:auth.py:64 Trying to register new user: test@example.com
INFO     backend.api.services.auth_service:auth_service.py:116 User registered successfully: test@example.com
INFO     backend.api.routes.auth:auth.py:68 User registered successfully: test@example.com
INFO     httpx:_client.py:1025 HTTP Request: POST http://testserver/api/auth/register "HTTP/1.1 201 Created"
DEBUG    backend.api.tests.conftest:conftest.py:369 Test user registered: test@example.com
DEBUG    asyncio:proactor_events.py:633 Using proactor: IocpProactor
DEBUG    backend.api.services.auth_service:auth_service.py:61 AuthService initialized with db and settings
INFO     backend.api.routes.auth:auth.py:105 Trying to login user: test@example.com
DEBUG    backend.api.services.auth_service:auth_service.py:524 Refresh token saved for user ba2f4da0-09cc-4e6b-8b67-662722acaf5f
INFO     backend.api.services.auth_service:auth_service.py:181 Login successful for user test@example.com
INFO     backend.api.routes.auth:auth.py:109 Login successful for user: test@example.com
INFO     httpx:_client.py:1025 HTTP Request: POST http://testserver/api/auth/login "HTTP/1.1 200 OK"
DEBUG    backend.api.tests.conftest:conftest.py:415 JWT token generated for test user
DEBUG    asyncio:proactor_events.py:633 Using proactor: IocpProactor
DEBUG    backend.api.services.auth_service:auth_service.py:61 AuthService initialized with db and settings
INFO     backend.api.routes.processes:processes.py:64 POST /api/processes | user: test@example.com | title: Backend Developer... | JD length: 107 characters
INFO     backend.api.services.process_service:process_service.py:88 Process created: 4b5cebf5-4bfa-4ed7-8d03-51f243013655 | title: Backend Developer | JD length: 107 chars
INFO     backend.api.routes.processes:processes.py:79 Process created successfully: 4b5cebf5-4bfa-4ed7-8d03-51f243013655
INFO     httpx:_client.py:1025 HTTP Request: POST http://testserver/api/processes "HTTP/1.1 201 Created"
DEBUG    backend.api.tests.conftest:conftest.py:482 Test process created: 4b5cebf5-4bfa-4ed7-8d03-51f243013655
DEBUG    asyncio:proactor_events.py:633 Using proactor: IocpProactor
DEBUG    backend.api.services.auth_service:auth_service.py:61 AuthService initialized with db and settings
DEBUG    backend.api.routes.processes:processes.py:272 GET /api/processes/4b5cebf5-4bfa-4ed7-8d03-51f243013655 | user: test@example.com
DEBUG    backend.api.services.process_service:process_service.py:177 Retrieved process: 4b5cebf5-4bfa-4ed7-8d03-51f243013655 | status: ProcessStatus.CREATED | owner: ba2f4da0-09cc-4e6b-8b67-662722acaf5f
INFO     backend.api.routes.processes:processes.py:280 Process 4b5cebf5-4bfa-4ed7-8d03-51f243013655 retrieved successfully for user test@example.com | status: ProcessStatus.CREATED
INFO     httpx:_client.py:1025 HTTP Request: GET http://testserver/api/processes/4b5cebf5-4bfa-4ed7-8d03-51f243013655 "HTTP/1.1 200 OK"
DEBUG    asyncio:proactor_events.py:633 Using proactor: IocpProactor
DEBUG    backend.api.services.auth_service:auth_service.py:61 AuthService initialized with db and settings
DEBUG    backend.api.routes.processes:processes.py:272 GET /api/processes/4b5cebf5-4bfa-4ed7-8d03-51f243013655 | user: test@example.com
DEBUG    backend.api.services.process_service:process_service.py:177 Retrieved process: 4b5cebf5-4bfa-4ed7-8d03-51f243013655 | status: ProcessStatus.FILES_UPLOADED | owner: ba2f4da0-09cc-4e6b-8b67-662722acaf5f
INFO     backend.api.routes.processes:processes.py:280 Process 4b5cebf5-4bfa-4ed7-8d03-51f243013655 retrieved successfully for user test@example.com | status: ProcessStatus.FILES_UPLOADED
INFO     httpx:_client.py:1025 HTTP Request: GET http://testserver/api/processes/4b5cebf5-4bfa-4ed7-8d03-51f243013655 "HTTP/1.1 200 OK"
DEBUG    asyncio:proactor_events.py:633 Using proactor: IocpProactor
DEBUG    backend.api.services.auth_service:auth_service.py:61 AuthService initialized with db and settings
DEBUG    backend.api.routes.processes:processes.py:272 GET /api/processes/4b5cebf5-4bfa-4ed7-8d03-51f243013655 | user: test@example.com
DEBUG    backend.api.services.process_service:process_service.py:177 Retrieved process: 4b5cebf5-4bfa-4ed7-8d03-51f243013655 | status: ProcessStatus.PROCESSING | owner: ba2f4da0-09cc-4e6b-8b67-662722acaf5f
INFO     backend.api.routes.processes:processes.py:280 Process 4b5cebf5-4bfa-4ed7-8d03-51f243013655 retrieved successfully for user test@example.com | status: ProcessStatus.PROCESSING
INFO     httpx:_client.py:1025 HTTP Request: GET http://testserver/api/processes/4b5cebf5-4bfa-4ed7-8d03-51f243013655 "HTTP/1.1 200 OK"
DEBUG    asyncio:proactor_events.py:633 Using proactor: IocpProactor
DEBUG    backend.api.services.auth_service:auth_service.py:61 AuthService initialized with db and settings
DEBUG    backend.api.routes.processes:processes.py:272 GET /api/processes/4b5cebf5-4bfa-4ed7-8d03-51f243013655 | user: test@example.com
DEBUG    backend.api.services.process_service:process_service.py:177 Retrieved process: 4b5cebf5-4bfa-4ed7-8d03-51f243013655 | status: ProcessStatus.COMPLETED | owner: ba2f4da0-09cc-4e6b-8b67-662722acaf5f
INFO     backend.api.routes.processes:processes.py:280 Process 4b5cebf5-4bfa-4ed7-8d03-51f243013655 retrieved successfully for user test@example.com | status: ProcessStatus.COMPLETED
INFO     httpx:_client.py:1025 HTTP Request: GET http://testserver/api/processes/4b5cebf5-4bfa-4ed7-8d03-51f243013655 "HTTP/1.1 200 OK"
DEBUG    asyncio:proactor_events.py:633 Using proactor: IocpProactor
DEBUG    backend.api.services.auth_service:auth_service.py:61 AuthService initialized with db and settings
DEBUG    backend.api.routes.processes:processes.py:272 GET /api/processes/4b5cebf5-4bfa-4ed7-8d03-51f243013655 | user: test@example.com
DEBUG    backend.api.services.process_service:process_service.py:177 Retrieved process: 4b5cebf5-4bfa-4ed7-8d03-51f243013655 | status: ProcessStatus.FAILED | owner: ba2f4da0-09cc-4e6b-8b67-662722acaf5f
INFO     backend.api.routes.processes:processes.py:280 Process 4b5cebf5-4bfa-4ed7-8d03-51f243013655 retrieved successfully for user test@example.com | status: ProcessStatus.FAILED
INFO     httpx:_client.py:1025 HTTP Request: GET http://testserver/api/processes/4b5cebf5-4bfa-4ed7-8d03-51f243013655 "HTTP/1.1 200 OK"
DEBUG    asyncio:proactor_events.py:633 Using proactor: IocpProactor
DEBUG    backend.api.services.auth_service:auth_service.py:61 AuthService initialized with db and settings
DEBUG    backend.api.routes.processes:processes.py:272 GET /api/processes/4b5cebf5-4bfa-4ed7-8d03-51f243013655 | user: test@example.com
DEBUG    backend.api.services.process_service:process_service.py:177 Retrieved process: 4b5cebf5-4bfa-4ed7-8d03-51f243013655 | status: ProcessStatus.CANCELLED | owner: ba2f4da0-09cc-4e6b-8b67-662722acaf5f
INFO     backend.api.routes.processes:processes.py:280 Process 4b5cebf5-4bfa-4ed7-8d03-51f243013655 retrieved successfully for user test@example.com | status: ProcessStatus.CANCELLED
INFO     httpx:_client.py:1025 HTTP Request: GET http://testserver/api/processes/4b5cebf5-4bfa-4ed7-8d03-51f243013655 "HTTP/1.1 200 OK"
DEBUG    backend.api.tests.conftest:conftest.py:150 TestClient cleanup completed
DEBUG    backend.api.tests.conftest:conftest.py:120 Test DB cleanup completed
DEBUG    asyncio:proactor_events.py:633 Using proactor: IocpProactor
DEBUG    backend.api.services.auth_service:auth_service.py:61 AuthService initialized with db and settings
INFO     backend.api.routes.auth:auth.py:64 Trying to register new user: test@example.com
INFO     backend.api.services.auth_service:auth_service.py:116 User registered successfully: test@example.com
INFO     backend.api.routes.auth:auth.py:68 User registered successfully: test@example.com
INFO     httpx:_client.py:1025 HTTP Request: POST http://testserver/api/auth/register "HTTP/1.1 201 Created"
DEBUG    backend.api.tests.conftest:conftest.py:369 Test user registered: test@example.com
DEBUG    asyncio:proactor_events.py:633 Using proactor: IocpProactor
DEBUG    backend.api.services.auth_service:auth_service.py:61 AuthService initialized with db and settings
INFO     backend.api.routes.auth:auth.py:105 Trying to login user: test@example.com
DEBUG    backend.api.services.auth_service:auth_service.py:524 Refresh token saved for user 5990d725-2f7a-4ab2-8269-794793ccd6f7
INFO     backend.api.services.auth_service:auth_service.py:181 Login successful for user test@example.com
INFO     backend.api.routes.auth:auth.py:109 Login successful for user: test@example.com
INFO     httpx:_client.py:1025 HTTP Request: POST http://testserver/api/auth/login "HTTP/1.1 200 OK"
DEBUG    backend.api.tests.conftest:conftest.py:415 JWT token generated for test user
DEBUG    asyncio:proactor_events.py:633 Using proactor: IocpProactor
DEBUG    backend.api.services.auth_service:auth_service.py:61 AuthService initialized with db and settings
INFO     backend.api.routes.processes:processes.py:64 POST /api/processes | user: test@example.com | title: Backend Developer... | JD length: 107 characters
INFO     backend.api.services.process_service:process_service.py:88 Process created: 080d7a9d-5ec7-4931-8027-2e87322c64ba | title: Backend Developer | JD length: 107 chars
INFO     backend.api.routes.processes:processes.py:79 Process created successfully: 080d7a9d-5ec7-4931-8027-2e87322c64ba
INFO     httpx:_client.py:1025 HTTP Request: POST http://testserver/api/processes "HTTP/1.1 201 Created"
DEBUG    backend.api.tests.conftest:conftest.py:482 Test process created: 080d7a9d-5ec7-4931-8027-2e87322c64ba
DEBUG    asyncio:proactor_events.py:633 Using proactor: IocpProactor
DEBUG    backend.api.services.auth_service:auth_service.py:61 AuthService initialized with db and settings
INFO     backend.api.routes.processes:processes.py:209 DELETE /api/processes/080d7a9d-5ec7-4931-8027-2e87322c64ba | user: test@example.com
DEBUG    backend.api.services.process_service:process_service.py:177 Retrieved process: 080d7a9d-5ec7-4931-8027-2e87322c64ba | status: ProcessStatus.CREATED | owner: 5990d725-2f7a-4ab2-8269-794793ccd6f7
INFO     backend.api.services.process_service:process_service.py:270 Status updated: 080d7a9d-5ec7-4931-8027-2e87322c64ba | ProcessStatus.CREATED → cancelled
INFO     backend.api.routes.processes:processes.py:218 Process 080d7a9d-5ec7-4931-8027-2e87322c64ba cancelled successfully by user test@example.com
INFO     httpx:_client.py:1025 HTTP Request: DELETE http://testserver/api/processes/080d7a9d-5ec7-4931-8027-2e87322c64ba "HTTP/1.1 200 OK"
DEBUG    backend.api.tests.conftest:conftest.py:150 TestClient cleanup completed
DEBUG    backend.api.tests.conftest:conftest.py:120 Test DB cleanup completed
DEBUG    asyncio:proactor_events.py:633 Using proactor: IocpProactor
DEBUG    backend.api.services.auth_service:auth_service.py:61 AuthService initialized with db and settings
INFO     backend.api.routes.auth:auth.py:64 Trying to register new user: test@example.com
INFO     backend.api.services.auth_service:auth_service.py:116 User registered successfully: test@example.com
INFO     backend.api.routes.auth:auth.py:68 User registered successfully: test@example.com
INFO     httpx:_client.py:1025 HTTP Request: POST http://testserver/api/auth/register "HTTP/1.1 201 Created"
DEBUG    backend.api.tests.conftest:conftest.py:369 Test user registered: test@example.com
DEBUG    asyncio:proactor_events.py:633 Using proactor: IocpProactor
DEBUG    backend.api.services.auth_service:auth_service.py:61 AuthService initialized with db and settings
INFO     backend.api.routes.auth:auth.py:105 Trying to login user: test@example.com
DEBUG    backend.api.services.auth_service:auth_service.py:524 Refresh token saved for user 80e56c7c-ca7e-4ed7-a2ba-c43e08bfa767
INFO     backend.api.services.auth_service:auth_service.py:181 Login successful for user test@example.com
INFO     backend.api.routes.auth:auth.py:109 Login successful for user: test@example.com
INFO     httpx:_client.py:1025 HTTP Request: POST http://testserver/api/auth/login "HTTP/1.1 200 OK"
DEBUG    backend.api.tests.conftest:conftest.py:415 JWT token generated for test user
DEBUG    asyncio:proactor_events.py:633 Using proactor: IocpProactor
DEBUG    backend.api.services.auth_service:auth_service.py:61 AuthService initialized with db and settings
INFO     backend.api.routes.auth:auth.py:64 Trying to register new user: other+1778505691733@example.com
INFO     backend.api.services.auth_service:auth_service.py:116 User registered successfully: other+1778505691733@example.com
INFO     backend.api.routes.auth:auth.py:68 User registered successfully: other+1778505691733@example.com
INFO     httpx:_client.py:1025 HTTP Request: POST http://testserver/api/auth/register "HTTP/1.1 201 Created"
DEBUG    asyncio:proactor_events.py:633 Using proactor: IocpProactor
DEBUG    backend.api.services.auth_service:auth_service.py:61 AuthService initialized with db and settings
INFO     backend.api.routes.auth:auth.py:105 Trying to login user: other+1778505691733@example.com
DEBUG    backend.api.services.auth_service:auth_service.py:524 Refresh token saved for user cef23623-5bb5-494b-a72f-bbb69c0e4566
INFO     backend.api.services.auth_service:auth_service.py:181 Login successful for user other+1778505691733@example.com
INFO     backend.api.routes.auth:auth.py:109 Login successful for user: other+1778505691733@example.com
INFO     httpx:_client.py:1025 HTTP Request: POST http://testserver/api/auth/login "HTTP/1.1 200 OK"
DEBUG    backend.api.tests.conftest:conftest.py:710 JWT token generated for other test user
DEBUG    asyncio:proactor_events.py:633 Using proactor: IocpProactor
DEBUG    backend.api.services.auth_service:auth_service.py:61 AuthService initialized with db and settings
INFO     backend.api.routes.processes:processes.py:64 POST /api/processes | user: test@example.com | title: Backend Developer... | JD length: 107 characters
INFO     backend.api.services.process_service:process_service.py:88 Process created: 2d532ef1-704e-48af-ab8c-274a57697f70 | title: Backend Developer | JD length: 107 chars
INFO     backend.api.routes.processes:processes.py:79 Process created successfully: 2d532ef1-704e-48af-ab8c-274a57697f70
INFO     httpx:_client.py:1025 HTTP Request: POST http://testserver/api/processes "HTTP/1.1 201 Created"
DEBUG    backend.api.tests.conftest:conftest.py:482 Test process created: 2d532ef1-704e-48af-ab8c-274a57697f70
DEBUG    asyncio:proactor_events.py:633 Using proactor: IocpProactor
DEBUG    backend.api.services.auth_service:auth_service.py:61 AuthService initialized with db and settings
DEBUG    backend.api.routes.processes:processes.py:272 GET /api/processes/2d532ef1-704e-48af-ab8c-274a57697f70 | user: test@example.com
DEBUG    backend.api.services.process_service:process_service.py:177 Retrieved process: 2d532ef1-704e-48af-ab8c-274a57697f70 | status: ProcessStatus.CREATED | owner: 80e56c7c-ca7e-4ed7-a2ba-c43e08bfa767
INFO     backend.api.routes.processes:processes.py:280 Process 2d532ef1-704e-48af-ab8c-274a57697f70 retrieved successfully for user test@example.com | status: ProcessStatus.CREATED
INFO     httpx:_client.py:1025 HTTP Request: GET http://testserver/api/processes/2d532ef1-704e-48af-ab8c-274a57697f70 "HTTP/1.1 200 OK"
DEBUG    asyncio:proactor_events.py:633 Using proactor: IocpProactor
DEBUG    backend.api.services.auth_service:auth_service.py:61 AuthService initialized with db and settings
INFO     backend.api.routes.processes:processes.py:209 DELETE /api/processes/2d532ef1-704e-48af-ab8c-274a57697f70 | user: other+1778505691733@example.com
WARNING  backend.api.services.process_service:process_service.py:168 Access denied: user cef23623-5bb5-494b-a72f-bbb69c0e4566 tried to access process 2d532ef1-704e-48af-ab8c-274a57697f70
WARNING  backend.api.main:main.py:153 API error: Access denied: user cef23623-5bb5-494b-a72f-bbb69c0e4566 tried to access process 2d532ef1-704e-48af-ab8c-274a57697f70. | code=FORBIDDEN | status=403 | path=/api/processes/2d532ef1-704e-48af-ab8c-274a57697f70
INFO     httpx:_client.py:1025 HTTP Request: DELETE http://testserver/api/processes/2d532ef1-704e-48af-ab8c-274a57697f70 "HTTP/1.1 403 Forbidden"
DEBUG    backend.api.tests.conftest:conftest.py:150 TestClient cleanup completed
DEBUG    backend.api.tests.conftest:conftest.py:120 Test DB cleanup completed
DEBUG    asyncio:proactor_events.py:633 Using proactor: IocpProactor
DEBUG    backend.api.services.auth_service:auth_service.py:61 AuthService initialized with db and settings
INFO     backend.api.routes.auth:auth.py:64 Trying to register new user: test@example.com
INFO     backend.api.services.auth_service:auth_service.py:116 User registered successfully: test@example.com
INFO     backend.api.routes.auth:auth.py:68 User registered successfully: test@example.com
INFO     httpx:_client.py:1025 HTTP Request: POST http://testserver/api/auth/register "HTTP/1.1 201 Created"
DEBUG    backend.api.tests.conftest:conftest.py:369 Test user registered: test@example.com
DEBUG    asyncio:proactor_events.py:633 Using proactor: IocpProactor
DEBUG    backend.api.services.auth_service:auth_service.py:61 AuthService initialized with db and settings
INFO     backend.api.routes.auth:auth.py:105 Trying to login user: test@example.com
DEBUG    backend.api.services.auth_service:auth_service.py:524 Refresh token saved for user b9f729e7-0707-414d-96de-6532fd782fbe
INFO     backend.api.services.auth_service:auth_service.py:181 Login successful for user test@example.com
INFO     backend.api.routes.auth:auth.py:109 Login successful for user: test@example.com
INFO     httpx:_client.py:1025 HTTP Request: POST http://testserver/api/auth/login "HTTP/1.1 200 OK"
DEBUG    backend.api.tests.conftest:conftest.py:415 JWT token generated for test user
DEBUG    asyncio:proactor_events.py:633 Using proactor: IocpProactor
DEBUG    backend.api.services.auth_service:auth_service.py:61 AuthService initialized with db and settings
INFO     backend.api.routes.processes:processes.py:209 DELETE /api/processes/00000000-0000-0000-0000-000000000000 | user: test@example.com
WARNING  backend.api.services.process_service:process_service.py:163 Process not found: 00000000-0000-0000-0000-000000000000
WARNING  backend.api.main:main.py:153 API error: Process 00000000-0000-0000-0000-000000000000 not found. | code=NOT_FOUND | status=404 | path=/api/processes/00000000-0000-0000-0000-000000000000
INFO     httpx:_client.py:1025 HTTP Request: DELETE http://testserver/api/processes/00000000-0000-0000-0000-000000000000 "HTTP/1.1 404 Not Found"
DEBUG    backend.api.tests.conftest:conftest.py:150 TestClient cleanup completed
DEBUG    backend.api.tests.conftest:conftest.py:120 Test DB cleanup completed
DEBUG    asyncio:proactor_events.py:633 Using proactor: IocpProactor
DEBUG    backend.api.services.auth_service:auth_service.py:61 AuthService initialized with db and settings
INFO     backend.api.routes.auth:auth.py:64 Trying to register new user: test@example.com
INFO     backend.api.services.auth_service:auth_service.py:116 User registered successfully: test@example.com
INFO     backend.api.routes.auth:auth.py:68 User registered successfully: test@example.com
INFO     httpx:_client.py:1025 HTTP Request: POST http://testserver/api/auth/register "HTTP/1.1 201 Created"
DEBUG    backend.api.tests.conftest:conftest.py:369 Test user registered: test@example.com
DEBUG    asyncio:proactor_events.py:633 Using proactor: IocpProactor
DEBUG    backend.api.services.auth_service:auth_service.py:61 AuthService initialized with db and settings
INFO     backend.api.routes.auth:auth.py:105 Trying to login user: test@example.com
DEBUG    backend.api.services.auth_service:auth_service.py:524 Refresh token saved for user cefa240a-8671-4d29-bd7b-1d0f2b62d555
INFO     backend.api.services.auth_service:auth_service.py:181 Login successful for user test@example.com
INFO     backend.api.routes.auth:auth.py:109 Login successful for user: test@example.com
INFO     httpx:_client.py:1025 HTTP Request: POST http://testserver/api/auth/login "HTTP/1.1 200 OK"
DEBUG    backend.api.tests.conftest:conftest.py:415 JWT token generated for test user
DEBUG    asyncio:proactor_events.py:633 Using proactor: IocpProactor
DEBUG    backend.api.services.auth_service:auth_service.py:61 AuthService initialized with db and settings
INFO     backend.api.routes.processes:processes.py:64 POST /api/processes | user: test@example.com | title: Backend Developer... | JD length: 107 characters
INFO     backend.api.services.process_service:process_service.py:88 Process created: 2a620f66-5617-4b9b-ab61-0a3287267eea | title: Backend Developer | JD length: 107 chars
INFO     backend.api.routes.processes:processes.py:79 Process created successfully: 2a620f66-5617-4b9b-ab61-0a3287267eea
INFO     httpx:_client.py:1025 HTTP Request: POST http://testserver/api/processes "HTTP/1.1 201 Created"
DEBUG    backend.api.tests.conftest:conftest.py:482 Test process created: 2a620f66-5617-4b9b-ab61-0a3287267eea
DEBUG    asyncio:proactor_events.py:633 Using proactor: IocpProactor
DEBUG    backend.api.services.auth_service:auth_service.py:61 AuthService initialized with db and settings
INFO     backend.api.routes.processes:processes.py:209 DELETE /api/processes/2a620f66-5617-4b9b-ab61-0a3287267eea | user: test@example.com
DEBUG    backend.api.services.process_service:process_service.py:177 Retrieved process: 2a620f66-5617-4b9b-ab61-0a3287267eea | status: ProcessStatus.COMPLETED | owner: cefa240a-8671-4d29-bd7b-1d0f2b62d555
WARNING  backend.api.services.process_service:process_service.py:246 Invalid transition: 2a620f66-5617-4b9b-ab61-0a3287267eea | ProcessStatus.COMPLETED → cancelled
WARNING  backend.api.main:main.py:153 API error: Invalid status transition: ProcessStatus.COMPLETED → cancelled. | code=CONFLICT | status=409 | path=/api/processes/2a620f66-5617-4b9b-ab61-0a3287267eea
INFO     httpx:_client.py:1025 HTTP Request: DELETE http://testserver/api/processes/2a620f66-5617-4b9b-ab61-0a3287267eea "HTTP/1.1 409 Conflict"
DEBUG    backend.api.tests.conftest:conftest.py:150 TestClient cleanup completed
DEBUG    backend.api.tests.conftest:conftest.py:120 Test DB cleanup completed
DEBUG    asyncio:proactor_events.py:633 Using proactor: IocpProactor
DEBUG    backend.api.services.auth_service:auth_service.py:61 AuthService initialized with db and settings
INFO     backend.api.routes.auth:auth.py:64 Trying to register new user: test@example.com
INFO     backend.api.services.auth_service:auth_service.py:116 User registered successfully: test@example.com
INFO     backend.api.routes.auth:auth.py:68 User registered successfully: test@example.com
INFO     httpx:_client.py:1025 HTTP Request: POST http://testserver/api/auth/register "HTTP/1.1 201 Created"
DEBUG    backend.api.tests.conftest:conftest.py:369 Test user registered: test@example.com
DEBUG    asyncio:proactor_events.py:633 Using proactor: IocpProactor
DEBUG    backend.api.services.auth_service:auth_service.py:61 AuthService initialized with db and settings
INFO     backend.api.routes.auth:auth.py:105 Trying to login user: test@example.com
DEBUG    backend.api.services.auth_service:auth_service.py:524 Refresh token saved for user 36e24f92-556e-40d0-991b-a5dca7f91e58
INFO     backend.api.services.auth_service:auth_service.py:181 Login successful for user test@example.com
INFO     backend.api.routes.auth:auth.py:109 Login successful for user: test@example.com
INFO     httpx:_client.py:1025 HTTP Request: POST http://testserver/api/auth/login "HTTP/1.1 200 OK"
DEBUG    backend.api.tests.conftest:conftest.py:415 JWT token generated for test user
DEBUG    asyncio:proactor_events.py:633 Using proactor: IocpProactor
DEBUG    backend.api.services.auth_service:auth_service.py:61 AuthService initialized with db and settings
INFO     backend.api.routes.processes:processes.py:64 POST /api/processes | user: test@example.com | title: Backend Developer... | JD length: 107 characters
INFO     backend.api.services.process_service:process_service.py:88 Process created: 2c9acaf0-c84f-411f-a138-98bad778e6d5 | title: Backend Developer | JD length: 107 chars
INFO     backend.api.routes.processes:processes.py:79 Process created successfully: 2c9acaf0-c84f-411f-a138-98bad778e6d5
INFO     httpx:_client.py:1025 HTTP Request: POST http://testserver/api/processes "HTTP/1.1 201 Created"
DEBUG    backend.api.tests.conftest:conftest.py:482 Test process created: 2c9acaf0-c84f-411f-a138-98bad778e6d5
DEBUG    asyncio:proactor_events.py:633 Using proactor: IocpProactor
DEBUG    backend.api.services.auth_service:auth_service.py:61 AuthService initialized with db and settings
INFO     backend.api.routes.processes:processes.py:209 DELETE /api/processes/2c9acaf0-c84f-411f-a138-98bad778e6d5 | user: test@example.com
DEBUG    backend.api.services.process_service:process_service.py:177 Retrieved process: 2c9acaf0-c84f-411f-a138-98bad778e6d5 | status: ProcessStatus.FAILED | owner: 36e24f92-556e-40d0-991b-a5dca7f91e58
WARNING  backend.api.services.process_service:process_service.py:246 Invalid transition: 2c9acaf0-c84f-411f-a138-98bad778e6d5 | ProcessStatus.FAILED → cancelled
WARNING  backend.api.main:main.py:153 API error: Invalid status transition: ProcessStatus.FAILED → cancelled. | code=CONFLICT | status=409 | path=/api/processes/2c9acaf0-c84f-411f-a138-98bad778e6d5
INFO     httpx:_client.py:1025 HTTP Request: DELETE http://testserver/api/processes/2c9acaf0-c84f-411f-a138-98bad778e6d5 "HTTP/1.1 409 Conflict"
DEBUG    backend.api.tests.conftest:conftest.py:150 TestClient cleanup completed
DEBUG    backend.api.tests.conftest:conftest.py:120 Test DB cleanup completed
DEBUG    asyncio:proactor_events.py:633 Using proactor: IocpProactor
DEBUG    backend.api.services.auth_service:auth_service.py:61 AuthService initialized with db and settings
INFO     backend.api.routes.auth:auth.py:64 Trying to register new user: test@example.com
INFO     backend.api.services.auth_service:auth_service.py:116 User registered successfully: test@example.com
INFO     backend.api.routes.auth:auth.py:68 User registered successfully: test@example.com
INFO     httpx:_client.py:1025 HTTP Request: POST http://testserver/api/auth/register "HTTP/1.1 201 Created"
DEBUG    backend.api.tests.conftest:conftest.py:369 Test user registered: test@example.com
DEBUG    asyncio:proactor_events.py:633 Using proactor: IocpProactor
DEBUG    backend.api.services.auth_service:auth_service.py:61 AuthService initialized with db and settings
INFO     backend.api.routes.auth:auth.py:105 Trying to login user: test@example.com
DEBUG    backend.api.services.auth_service:auth_service.py:524 Refresh token saved for user a6c1f9a6-a00d-463b-9add-5437f66b95f2
INFO     backend.api.services.auth_service:auth_service.py:181 Login successful for user test@example.com
INFO     backend.api.routes.auth:auth.py:109 Login successful for user: test@example.com
INFO     httpx:_client.py:1025 HTTP Request: POST http://testserver/api/auth/login "HTTP/1.1 200 OK"
DEBUG    backend.api.tests.conftest:conftest.py:415 JWT token generated for test user
DEBUG    asyncio:proactor_events.py:633 Using proactor: IocpProactor
DEBUG    backend.api.services.auth_service:auth_service.py:61 AuthService initialized with db and settings
INFO     backend.api.routes.processes:processes.py:64 POST /api/processes | user: test@example.com | title: Backend Developer... | JD length: 107 characters
INFO     backend.api.services.process_service:process_service.py:88 Process created: f0eac679-c224-44a1-8ba0-38ac947b4a7c | title: Backend Developer | JD length: 107 chars
INFO     backend.api.routes.processes:processes.py:79 Process created successfully: f0eac679-c224-44a1-8ba0-38ac947b4a7c
INFO     httpx:_client.py:1025 HTTP Request: POST http://testserver/api/processes "HTTP/1.1 201 Created"
DEBUG    backend.api.tests.conftest:conftest.py:482 Test process created: f0eac679-c224-44a1-8ba0-38ac947b4a7c
DEBUG    asyncio:proactor_events.py:633 Using proactor: IocpProactor
DEBUG    backend.api.services.auth_service:auth_service.py:61 AuthService initialized with db and settings
INFO     backend.api.routes.processes:processes.py:209 DELETE /api/processes/f0eac679-c224-44a1-8ba0-38ac947b4a7c | user: test@example.com
DEBUG    backend.api.services.process_service:process_service.py:177 Retrieved process: f0eac679-c224-44a1-8ba0-38ac947b4a7c | status: ProcessStatus.CREATED | owner: a6c1f9a6-a00d-463b-9add-5437f66b95f2
INFO     backend.api.services.process_service:process_service.py:270 Status updated: f0eac679-c224-44a1-8ba0-38ac947b4a7c | ProcessStatus.CREATED → cancelled
INFO     backend.api.routes.processes:processes.py:218 Process f0eac679-c224-44a1-8ba0-38ac947b4a7c cancelled successfully by user test@example.com
INFO     httpx:_client.py:1025 HTTP Request: DELETE http://testserver/api/processes/f0eac679-c224-44a1-8ba0-38ac947b4a7c "HTTP/1.1 200 OK"
DEBUG    asyncio:proactor_events.py:633 Using proactor: IocpProactor
DEBUG    backend.api.services.auth_service:auth_service.py:61 AuthService initialized with db and settings
INFO     backend.api.routes.processes:processes.py:209 DELETE /api/processes/f0eac679-c224-44a1-8ba0-38ac947b4a7c | user: test@example.com
DEBUG    backend.api.services.process_service:process_service.py:177 Retrieved process: f0eac679-c224-44a1-8ba0-38ac947b4a7c | status: ProcessStatus.CANCELLED | owner: a6c1f9a6-a00d-463b-9add-5437f66b95f2
INFO     backend.api.services.process_service:process_service.py:270 Status updated: f0eac679-c224-44a1-8ba0-38ac947b4a7c | ProcessStatus.CANCELLED → cancelled
INFO     backend.api.routes.processes:processes.py:218 Process f0eac679-c224-44a1-8ba0-38ac947b4a7c cancelled successfully by user test@example.com
INFO     httpx:_client.py:1025 HTTP Request: DELETE http://testserver/api/processes/f0eac679-c224-44a1-8ba0-38ac947b4a7c "HTTP/1.1 200 OK"
DEBUG    backend.api.tests.conftest:conftest.py:150 TestClient cleanup completed
DEBUG    backend.api.tests.conftest:conftest.py:120 Test DB cleanup completed
DEBUG    asyncio:proactor_events.py:633 Using proactor: IocpProactor
DEBUG    backend.api.services.auth_service:auth_service.py:61 AuthService initialized with db and settings
INFO     backend.api.routes.auth:auth.py:64 Trying to register new user: test@example.com
INFO     backend.api.services.auth_service:auth_service.py:116 User registered successfully: test@example.com
INFO     backend.api.routes.auth:auth.py:68 User registered successfully: test@example.com
INFO     httpx:_client.py:1025 HTTP Request: POST http://testserver/api/auth/register "HTTP/1.1 201 Created"
DEBUG    backend.api.tests.conftest:conftest.py:369 Test user registered: test@example.com
DEBUG    asyncio:proactor_events.py:633 Using proactor: IocpProactor
DEBUG    backend.api.services.auth_service:auth_service.py:61 AuthService initialized with db and settings
INFO     backend.api.routes.auth:auth.py:105 Trying to login user: test@example.com
DEBUG    backend.api.services.auth_service:auth_service.py:524 Refresh token saved for user d70c2b47-fd0b-4941-8311-d0a2d55a4f13
INFO     backend.api.services.auth_service:auth_service.py:181 Login successful for user test@example.com
INFO     backend.api.routes.auth:auth.py:109 Login successful for user: test@example.com
INFO     httpx:_client.py:1025 HTTP Request: POST http://testserver/api/auth/login "HTTP/1.1 200 OK"
DEBUG    backend.api.tests.conftest:conftest.py:415 JWT token generated for test user
DEBUG    asyncio:proactor_events.py:633 Using proactor: IocpProactor
DEBUG    backend.api.services.auth_service:auth_service.py:61 AuthService initialized with db and settings
INFO     backend.api.routes.processes:processes.py:64 POST /api/processes | user: test@example.com | title: Backend Developer... | JD length: 107 characters
INFO     backend.api.services.process_service:process_service.py:88 Process created: c35ce220-8f92-46fa-9d25-e2d15d063878 | title: Backend Developer | JD length: 107 chars
INFO     backend.api.routes.processes:processes.py:79 Process created successfully: c35ce220-8f92-46fa-9d25-e2d15d063878
INFO     httpx:_client.py:1025 HTTP Request: POST http://testserver/api/processes "HTTP/1.1 201 Created"
DEBUG    backend.api.tests.conftest:conftest.py:482 Test process created: c35ce220-8f92-46fa-9d25-e2d15d063878
DEBUG    asyncio:proactor_events.py:633 Using proactor: IocpProactor
DEBUG    backend.api.services.auth_service:auth_service.py:61 AuthService initialized with db and settings
INFO     httpx:_client.py:1025 HTTP Request: DELETE http://testserver/api/processes/c35ce220-8f92-46fa-9d25-e2d15d063878 "HTTP/1.1 422 Unprocessable Entity"
DEBUG    backend.api.tests.conftest:conftest.py:150 TestClient cleanup completed
DEBUG    backend.api.tests.conftest:conftest.py:120 Test DB cleanup completed
DEBUG    asyncio:proactor_events.py:633 Using proactor: IocpProactor
DEBUG    backend.api.services.auth_service:auth_service.py:61 AuthService initialized with db and settings
INFO     backend.api.routes.auth:auth.py:64 Trying to register new user: test@example.com
INFO     backend.api.services.auth_service:auth_service.py:116 User registered successfully: test@example.com
INFO     backend.api.routes.auth:auth.py:68 User registered successfully: test@example.com
INFO     httpx:_client.py:1025 HTTP Request: POST http://testserver/api/auth/register "HTTP/1.1 201 Created"
DEBUG    backend.api.tests.conftest:conftest.py:369 Test user registered: test@example.com
DEBUG    asyncio:proactor_events.py:633 Using proactor: IocpProactor
DEBUG    backend.api.services.auth_service:auth_service.py:61 AuthService initialized with db and settings
INFO     backend.api.routes.auth:auth.py:105 Trying to login user: test@example.com
DEBUG    backend.api.services.auth_service:auth_service.py:524 Refresh token saved for user c6dd95c2-7f2c-471f-8771-c07003275510
INFO     backend.api.services.auth_service:auth_service.py:181 Login successful for user test@example.com
INFO     backend.api.routes.auth:auth.py:109 Login successful for user: test@example.com
INFO     httpx:_client.py:1025 HTTP Request: POST http://testserver/api/auth/login "HTTP/1.1 200 OK"
DEBUG    backend.api.tests.conftest:conftest.py:415 JWT token generated for test user
DEBUG    asyncio:proactor_events.py:633 Using proactor: IocpProactor
DEBUG    backend.api.services.auth_service:auth_service.py:61 AuthService initialized with db and settings
INFO     backend.api.routes.processes:processes.py:64 POST /api/processes | user: test@example.com | title: Backend Developer... | JD length: 107 characters
INFO     backend.api.services.process_service:process_service.py:88 Process created: c76b4775-77ba-423d-9221-2ae35e8eb7ca | title: Backend Developer | JD length: 107 chars
INFO     backend.api.routes.processes:processes.py:79 Process created successfully: c76b4775-77ba-423d-9221-2ae35e8eb7ca
INFO     httpx:_client.py:1025 HTTP Request: POST http://testserver/api/processes "HTTP/1.1 201 Created"
DEBUG    backend.api.tests.conftest:conftest.py:482 Test process created: c76b4775-77ba-423d-9221-2ae35e8eb7ca
DEBUG    asyncio:proactor_events.py:633 Using proactor: IocpProactor
DEBUG    python_multipart.multipart:multipart.py:636 Calling on_part_begin with no data
DEBUG    python_multipart.multipart:multipart.py:633 Calling on_header_field with data[36:55]
DEBUG    python_multipart.multipart:multipart.py:633 Calling on_header_value with data[57:103]
DEBUG    python_multipart.multipart:multipart.py:636 Calling on_header_end with no data
DEBUG    python_multipart.multipart:multipart.py:633 Calling on_header_field with data[105:117]
DEBUG    python_multipart.multipart:multipart.py:633 Calling on_header_value with data[119:134]
DEBUG    python_multipart.multipart:multipart.py:636 Calling on_header_end with no data
DEBUG    python_multipart.multipart:multipart.py:636 Calling on_headers_finished with no data
DEBUG    python_multipart.multipart:multipart.py:633 Calling on_part_data with data[138:439]
DEBUG    python_multipart.multipart:multipart.py:636 Calling on_part_end with no data
DEBUG    python_multipart.multipart:multipart.py:636 Calling on_end with no data
DEBUG    backend.api.services.auth_service:auth_service.py:61 AuthService initialized with db and settings
INFO     backend.api.routes.upload:upload.py:83 POST /api/processes/c76b4775-77ba-423d-9221-2ae35e8eb7ca/upload | files received: 1
DEBUG    backend.api.routes.upload:upload.py:102 Processing upload for file: resume.pdf | size:301 bytes
DEBUG    backend.api.services.process_service:process_service.py:177 Retrieved process: c76b4775-77ba-423d-9221-2ae35e8eb7ca | status: ProcessStatus.CREATED | owner: c6dd95c2-7f2c-471f-8771-c07003275510
DEBUG    backend.api.services.candidate_service:candidate_service.py:180 Created directory: storage\processes\c76b4775-77ba-423d-9221-2ae35e8eb7ca\uploads
DEBUG    backend.api.services.candidate_service:candidate_service.py:195 Upload: resume.pdf -> f35c2807-83a5-4a0c-b3b3-82595b8cb8dd-resume.pdf | path: storage\processes\c76b4775-77ba-423d-9221-2ae35e8eb7ca\uploads\f35c2807-83a5-4a0c-b3b3-82595b8cb8dd-resume.pdf
INFO     backend.api.services.candidate_service:candidate_service.py:212 File saved successfully: f35c2807-83a5-4a0c-b3b3-82595b8cb8dd-resume.pdf | size: 301 bytes
INFO     backend.api.services.candidate_service:candidate_service.py:254 Candidate record created: f1c32ff6-0c17-4998-95a0-29134e13c0bc | process: c76b4775-77ba-423d-9221-2ae35e8eb7ca | file: f35c2807-83a5-4a0c-b3b3-82595b8cb8dd-resume.pdf
DEBUG    backend.api.services.process_service:process_service.py:177 Retrieved process: c76b4775-77ba-423d-9221-2ae35e8eb7ca | status: ProcessStatus.CREATED | owner: c6dd95c2-7f2c-471f-8771-c07003275510
DEBUG    backend.api.services.process_service:process_service.py:177 Retrieved process: c76b4775-77ba-423d-9221-2ae35e8eb7ca | status: ProcessStatus.CREATED | owner: c6dd95c2-7f2c-471f-8771-c07003275510
INFO     backend.api.services.process_service:process_service.py:270 Status updated: c76b4775-77ba-423d-9221-2ae35e8eb7ca | ProcessStatus.CREATED → files_uploaded
INFO     backend.api.services.candidate_service:candidate_service.py:286 Process marked as files_uploaded: c76b4775-77ba-423d-9221-2ae35e8eb7ca
INFO     backend.api.routes.upload:upload.py:122 File uploaded successfully: resume.pdf | candidate: f1c32ff6-0c17-4998-95a0-29134e13c0bc
INFO     backend.api.routes.upload:upload.py:194 File upload completed for process: c76b4775-77ba-423d-9221-2ae35e8eb7ca | success: 1 | failed: 0
INFO     httpx:_client.py:1025 HTTP Request: POST http://testserver/api/processes/c76b4775-77ba-423d-9221-2ae35e8eb7ca/upload "HTTP/1.1 200 OK"
DEBUG    backend.api.tests.conftest:conftest.py:150 TestClient cleanup completed
DEBUG    backend.api.tests.conftest:conftest.py:120 Test DB cleanup completed
DEBUG    asyncio:proactor_events.py:633 Using proactor: IocpProactor
DEBUG    backend.api.services.auth_service:auth_service.py:61 AuthService initialized with db and settings
INFO     backend.api.routes.auth:auth.py:64 Trying to register new user: test@example.com
INFO     backend.api.services.auth_service:auth_service.py:116 User registered successfully: test@example.com
INFO     backend.api.routes.auth:auth.py:68 User registered successfully: test@example.com
INFO     httpx:_client.py:1025 HTTP Request: POST http://testserver/api/auth/register "HTTP/1.1 201 Created"
DEBUG    backend.api.tests.conftest:conftest.py:369 Test user registered: test@example.com
DEBUG    asyncio:proactor_events.py:633 Using proactor: IocpProactor
DEBUG    backend.api.services.auth_service:auth_service.py:61 AuthService initialized with db and settings
INFO     backend.api.routes.auth:auth.py:105 Trying to login user: test@example.com
DEBUG    backend.api.services.auth_service:auth_service.py:524 Refresh token saved for user a2d1b586-6a4d-436d-9131-08356fdbd2fa
INFO     backend.api.services.auth_service:auth_service.py:181 Login successful for user test@example.com
INFO     backend.api.routes.auth:auth.py:109 Login successful for user: test@example.com
INFO     httpx:_client.py:1025 HTTP Request: POST http://testserver/api/auth/login "HTTP/1.1 200 OK"
DEBUG    backend.api.tests.conftest:conftest.py:415 JWT token generated for test user
DEBUG    asyncio:proactor_events.py:633 Using proactor: IocpProactor
DEBUG    backend.api.services.auth_service:auth_service.py:61 AuthService initialized with db and settings
INFO     backend.api.routes.processes:processes.py:64 POST /api/processes | user: test@example.com | title: Backend Developer... | JD length: 107 characters
INFO     backend.api.services.process_service:process_service.py:88 Process created: 2e786a0a-201d-4109-8699-3724fae66876 | title: Backend Developer | JD length: 107 chars
INFO     backend.api.routes.processes:processes.py:79 Process created successfully: 2e786a0a-201d-4109-8699-3724fae66876
INFO     httpx:_client.py:1025 HTTP Request: POST http://testserver/api/processes "HTTP/1.1 201 Created"
DEBUG    backend.api.tests.conftest:conftest.py:482 Test process created: 2e786a0a-201d-4109-8699-3724fae66876
DEBUG    asyncio:proactor_events.py:633 Using proactor: IocpProactor
DEBUG    python_multipart.multipart:multipart.py:636 Calling on_part_begin with no data
DEBUG    python_multipart.multipart:multipart.py:633 Calling on_header_field with data[36:55]
DEBUG    python_multipart.multipart:multipart.py:633 Calling on_header_value with data[57:103]
DEBUG    python_multipart.multipart:multipart.py:636 Calling on_header_end with no data
DEBUG    python_multipart.multipart:multipart.py:633 Calling on_header_field with data[105:117]
DEBUG    python_multipart.multipart:multipart.py:633 Calling on_header_value with data[119:134]
DEBUG    python_multipart.multipart:multipart.py:636 Calling on_header_end with no data
DEBUG    python_multipart.multipart:multipart.py:636 Calling on_headers_finished with no data
DEBUG    python_multipart.multipart:multipart.py:633 Calling on_part_data with data[138:439]
DEBUG    python_multipart.multipart:multipart.py:636 Calling on_part_end with no data
DEBUG    python_multipart.multipart:multipart.py:636 Calling on_part_begin with no data
DEBUG    python_multipart.multipart:multipart.py:633 Calling on_header_field with data[477:496]
DEBUG    python_multipart.multipart:multipart.py:633 Calling on_header_value with data[498:540]
DEBUG    python_multipart.multipart:multipart.py:636 Calling on_header_end with no data
DEBUG    python_multipart.multipart:multipart.py:633 Calling on_header_field with data[542:554]
DEBUG    python_multipart.multipart:multipart.py:633 Calling on_header_value with data[556:566]
DEBUG    python_multipart.multipart:multipart.py:636 Calling on_header_end with no data
DEBUG    python_multipart.multipart:multipart.py:636 Calling on_headers_finished with no data
DEBUG    python_multipart.multipart:multipart.py:633 Calling on_part_data with data[570:638]
DEBUG    python_multipart.multipart:multipart.py:636 Calling on_part_end with no data
DEBUG    python_multipart.multipart:multipart.py:636 Calling on_end with no data
DEBUG    backend.api.services.auth_service:auth_service.py:61 AuthService initialized with db and settings
INFO     backend.api.routes.upload:upload.py:83 POST /api/processes/2e786a0a-201d-4109-8699-3724fae66876/upload | files received: 2
DEBUG    backend.api.routes.upload:upload.py:102 Processing upload for file: resume.pdf | size:301 bytes
DEBUG    backend.api.services.process_service:process_service.py:177 Retrieved process: 2e786a0a-201d-4109-8699-3724fae66876 | status: ProcessStatus.CREATED | owner: a2d1b586-6a4d-436d-9131-08356fdbd2fa
DEBUG    backend.api.services.candidate_service:candidate_service.py:180 Created directory: storage\processes\2e786a0a-201d-4109-8699-3724fae66876\uploads
DEBUG    backend.api.services.candidate_service:candidate_service.py:195 Upload: resume.pdf -> 300d1b6a-cf9e-41cc-ad49-676485bf02b7-resume.pdf | path: storage\processes\2e786a0a-201d-4109-8699-3724fae66876\uploads\300d1b6a-cf9e-41cc-ad49-676485bf02b7-resume.pdf
INFO     backend.api.services.candidate_service:candidate_service.py:212 File saved successfully: 300d1b6a-cf9e-41cc-ad49-676485bf02b7-resume.pdf | size: 301 bytes
INFO     backend.api.services.candidate_service:candidate_service.py:254 Candidate record created: bbe8ffb0-1930-4dc4-a413-a9f5d8fcc0a9 | process: 2e786a0a-201d-4109-8699-3724fae66876 | file: 300d1b6a-cf9e-41cc-ad49-676485bf02b7-resume.pdf
DEBUG    backend.api.services.process_service:process_service.py:177 Retrieved process: 2e786a0a-201d-4109-8699-3724fae66876 | status: ProcessStatus.CREATED | owner: a2d1b586-6a4d-436d-9131-08356fdbd2fa
DEBUG    backend.api.services.process_service:process_service.py:177 Retrieved process: 2e786a0a-201d-4109-8699-3724fae66876 | status: ProcessStatus.CREATED | owner: a2d1b586-6a4d-436d-9131-08356fdbd2fa
INFO     backend.api.services.process_service:process_service.py:270 Status updated: 2e786a0a-201d-4109-8699-3724fae66876 | ProcessStatus.CREATED → files_uploaded
INFO     backend.api.services.candidate_service:candidate_service.py:286 Process marked as files_uploaded: 2e786a0a-201d-4109-8699-3724fae66876
INFO     backend.api.routes.upload:upload.py:122 File uploaded successfully: resume.pdf | candidate: bbe8ffb0-1930-4dc4-a413-a9f5d8fcc0a9
DEBUG    backend.api.routes.upload:upload.py:102 Processing upload for file: cv.txt | size:68 bytes
DEBUG    backend.api.services.process_service:process_service.py:177 Retrieved process: 2e786a0a-201d-4109-8699-3724fae66876 | status: ProcessStatus.FILES_UPLOADED | owner: a2d1b586-6a4d-436d-9131-08356fdbd2fa
DEBUG    backend.api.services.candidate_service:candidate_service.py:180 Created directory: storage\processes\2e786a0a-201d-4109-8699-3724fae66876\uploads
DEBUG    backend.api.services.candidate_service:candidate_service.py:195 Upload: cv.txt -> 1911905c-5f31-4d4a-959c-fdcf0d3a4471-cv.txt | path: storage\processes\2e786a0a-201d-4109-8699-3724fae66876\uploads\1911905c-5f31-4d4a-959c-fdcf0d3a4471-cv.txt
INFO     backend.api.services.candidate_service:candidate_service.py:212 File saved successfully: 1911905c-5f31-4d4a-959c-fdcf0d3a4471-cv.txt | size: 68 bytes
INFO     backend.api.services.candidate_service:candidate_service.py:254 Candidate record created: c33ae9f8-070b-45f7-a880-37cdcc2cce57 | process: 2e786a0a-201d-4109-8699-3724fae66876 | file: 1911905c-5f31-4d4a-959c-fdcf0d3a4471-cv.txt
DEBUG    backend.api.services.process_service:process_service.py:177 Retrieved process: 2e786a0a-201d-4109-8699-3724fae66876 | status: ProcessStatus.FILES_UPLOADED | owner: a2d1b586-6a4d-436d-9131-08356fdbd2fa
INFO     backend.api.services.candidate_service:candidate_service.py:286 Process marked as files_uploaded: 2e786a0a-201d-4109-8699-3724fae66876
INFO     backend.api.routes.upload:upload.py:122 File uploaded successfully: cv.txt | candidate: c33ae9f8-070b-45f7-a880-37cdcc2cce57
INFO     backend.api.routes.upload:upload.py:194 File upload completed for process: 2e786a0a-201d-4109-8699-3724fae66876 | success: 2 | failed: 0
INFO     httpx:_client.py:1025 HTTP Request: POST http://testserver/api/processes/2e786a0a-201d-4109-8699-3724fae66876/upload "HTTP/1.1 200 OK"
DEBUG    backend.api.tests.conftest:conftest.py:150 TestClient cleanup completed
DEBUG    backend.api.tests.conftest:conftest.py:120 Test DB cleanup completed
DEBUG    asyncio:proactor_events.py:633 Using proactor: IocpProactor
DEBUG    backend.api.services.auth_service:auth_service.py:61 AuthService initialized with db and settings
INFO     backend.api.routes.auth:auth.py:64 Trying to register new user: test@example.com
INFO     backend.api.services.auth_service:auth_service.py:116 User registered successfully: test@example.com
INFO     backend.api.routes.auth:auth.py:68 User registered successfully: test@example.com
INFO     httpx:_client.py:1025 HTTP Request: POST http://testserver/api/auth/register "HTTP/1.1 201 Created"
DEBUG    backend.api.tests.conftest:conftest.py:369 Test user registered: test@example.com
DEBUG    asyncio:proactor_events.py:633 Using proactor: IocpProactor
DEBUG    backend.api.services.auth_service:auth_service.py:61 AuthService initialized with db and settings
INFO     backend.api.routes.auth:auth.py:105 Trying to login user: test@example.com
DEBUG    backend.api.services.auth_service:auth_service.py:524 Refresh token saved for user 4a5db59d-8cbd-40a6-834c-b965f0a78325
INFO     backend.api.services.auth_service:auth_service.py:181 Login successful for user test@example.com
INFO     backend.api.routes.auth:auth.py:109 Login successful for user: test@example.com
INFO     httpx:_client.py:1025 HTTP Request: POST http://testserver/api/auth/login "HTTP/1.1 200 OK"
DEBUG    backend.api.tests.conftest:conftest.py:415 JWT token generated for test user
DEBUG    asyncio:proactor_events.py:633 Using proactor: IocpProactor
DEBUG    backend.api.services.auth_service:auth_service.py:61 AuthService initialized with db and settings
INFO     backend.api.routes.processes:processes.py:64 POST /api/processes | user: test@example.com | title: Backend Developer... | JD length: 107 characters
INFO     backend.api.services.process_service:process_service.py:88 Process created: 6e889849-3137-4156-b39b-72c08a2d2a25 | title: Backend Developer | JD length: 107 chars
INFO     backend.api.routes.processes:processes.py:79 Process created successfully: 6e889849-3137-4156-b39b-72c08a2d2a25
INFO     httpx:_client.py:1025 HTTP Request: POST http://testserver/api/processes "HTTP/1.1 201 Created"
DEBUG    backend.api.tests.conftest:conftest.py:482 Test process created: 6e889849-3137-4156-b39b-72c08a2d2a25
DEBUG    asyncio:proactor_events.py:633 Using proactor: IocpProactor
DEBUG    python_multipart.multipart:multipart.py:636 Calling on_part_begin with no data
DEBUG    python_multipart.multipart:multipart.py:633 Calling on_header_field with data[36:55]
DEBUG    python_multipart.multipart:multipart.py:633 Calling on_header_value with data[57:104]
DEBUG    python_multipart.multipart:multipart.py:636 Calling on_header_end with no data
DEBUG    python_multipart.multipart:multipart.py:633 Calling on_header_field with data[106:118]
DEBUG    python_multipart.multipart:multipart.py:633 Calling on_header_value with data[120:144]
DEBUG    python_multipart.multipart:multipart.py:636 Calling on_header_end with no data
DEBUG    python_multipart.multipart:multipart.py:636 Calling on_headers_finished with no data
DEBUG    python_multipart.multipart:multipart.py:633 Calling on_part_data with data[148:156]
DEBUG    python_multipart.multipart:multipart.py:636 Calling on_part_end with no data
DEBUG    python_multipart.multipart:multipart.py:636 Calling on_end with no data
DEBUG    backend.api.services.auth_service:auth_service.py:61 AuthService initialized with db and settings
INFO     backend.api.routes.upload:upload.py:83 POST /api/processes/6e889849-3137-4156-b39b-72c08a2d2a25/upload | files received: 1
DEBUG    backend.api.routes.upload:upload.py:102 Processing upload for file: malware.exe | size:8 bytes
WARNING  backend.api.services.candidate_service:candidate_service.py:98 Validation failed: malware.exe | validator rejected upload
WARNING  backend.api.routes.upload:upload.py:130 File upload failed: malware.exe | Error: File 'malware.exe' has unsupported type or extension. Supported types: .pdf, .docx, .txt
WARNING  backend.api.routes.upload:upload.py:184 All file uploads failed for process: 6e889849-3137-4156-b39b-72c08a2d2a25 | failures: 1
WARNING  backend.api.main:main.py:153 API error: All files failed to upload. Details: ["File 'malware.exe' has unsupported type or extension. Supported types: .pdf, .docx, .txt"] | code=VALIDATION_ERROR | status=400 | path=/api/processes/6e889849-3137-4156-b39b-72c08a2d2a25/upload
INFO     httpx:_client.py:1025 HTTP Request: POST http://testserver/api/processes/6e889849-3137-4156-b39b-72c08a2d2a25/upload "HTTP/1.1 400 Bad Request"
DEBUG    backend.api.tests.conftest:conftest.py:150 TestClient cleanup completed
DEBUG    backend.api.tests.conftest:conftest.py:120 Test DB cleanup completed
DEBUG    asyncio:proactor_events.py:633 Using proactor: IocpProactor
DEBUG    backend.api.services.auth_service:auth_service.py:61 AuthService initialized with db and settings
INFO     backend.api.routes.auth:auth.py:64 Trying to register new user: test@example.com
INFO     backend.api.services.auth_service:auth_service.py:116 User registered successfully: test@example.com
INFO     backend.api.routes.auth:auth.py:68 User registered successfully: test@example.com
INFO     httpx:_client.py:1025 HTTP Request: POST http://testserver/api/auth/register "HTTP/1.1 201 Created"
DEBUG    backend.api.tests.conftest:conftest.py:369 Test user registered: test@example.com
DEBUG    asyncio:proactor_events.py:633 Using proactor: IocpProactor
DEBUG    backend.api.services.auth_service:auth_service.py:61 AuthService initialized with db and settings
INFO     backend.api.routes.auth:auth.py:105 Trying to login user: test@example.com
DEBUG    backend.api.services.auth_service:auth_service.py:524 Refresh token saved for user b93d51eb-7ac1-4cb1-8d71-814599ba35b2
INFO     backend.api.services.auth_service:auth_service.py:181 Login successful for user test@example.com
INFO     backend.api.routes.auth:auth.py:109 Login successful for user: test@example.com
INFO     httpx:_client.py:1025 HTTP Request: POST http://testserver/api/auth/login "HTTP/1.1 200 OK"
DEBUG    backend.api.tests.conftest:conftest.py:415 JWT token generated for test user
DEBUG    asyncio:proactor_events.py:633 Using proactor: IocpProactor
DEBUG    backend.api.services.auth_service:auth_service.py:61 AuthService initialized with db and settings
INFO     backend.api.routes.processes:processes.py:64 POST /api/processes | user: test@example.com | title: Backend Developer... | JD length: 107 characters
INFO     backend.api.services.process_service:process_service.py:88 Process created: fbbbf00f-1f5c-470b-9ca1-a41c9aefdf08 | title: Backend Developer | JD length: 107 chars
INFO     backend.api.routes.processes:processes.py:79 Process created successfully: fbbbf00f-1f5c-470b-9ca1-a41c9aefdf08
INFO     httpx:_client.py:1025 HTTP Request: POST http://testserver/api/processes "HTTP/1.1 201 Created"
DEBUG    backend.api.tests.conftest:conftest.py:482 Test process created: fbbbf00f-1f5c-470b-9ca1-a41c9aefdf08
DEBUG    asyncio:proactor_events.py:633 Using proactor: IocpProactor
DEBUG    python_multipart.multipart:multipart.py:636 Calling on_part_begin with no data
DEBUG    python_multipart.multipart:multipart.py:633 Calling on_header_field with data[36:55]
DEBUG    python_multipart.multipart:multipart.py:633 Calling on_header_value with data[57:101]
DEBUG    python_multipart.multipart:multipart.py:636 Calling on_header_end with no data
DEBUG    python_multipart.multipart:multipart.py:633 Calling on_header_field with data[103:115]
DEBUG    python_multipart.multipart:multipart.py:633 Calling on_header_value with data[117:132]
DEBUG    python_multipart.multipart:multipart.py:636 Calling on_header_end with no data
DEBUG    python_multipart.multipart:multipart.py:636 Calling on_headers_finished with no data
DEBUG    python_multipart.multipart:multipart.py:633 Calling on_part_data with data[136:11534472]
DEBUG    python_multipart.multipart:multipart.py:636 Calling on_part_end with no data
DEBUG    python_multipart.multipart:multipart.py:636 Calling on_end with no data
DEBUG    backend.api.services.auth_service:auth_service.py:61 AuthService initialized with db and settings
INFO     backend.api.routes.upload:upload.py:83 POST /api/processes/fbbbf00f-1f5c-470b-9ca1-a41c9aefdf08/upload | files received: 1
DEBUG    backend.api.routes.upload:upload.py:102 Processing upload for file: huge.txt | size:11534336 bytes
WARNING  backend.api.routes.upload:upload.py:130 File upload failed: huge.txt | Error: File exceeds maximum size of 10 MB
WARNING  backend.api.routes.upload:upload.py:184 All file uploads failed for process: fbbbf00f-1f5c-470b-9ca1-a41c9aefdf08 | failures: 1
WARNING  backend.api.main:main.py:153 API error: All files failed to upload. Details: ['File exceeds maximum size of 10 MB'] | code=VALIDATION_ERROR | status=400 | path=/api/processes/fbbbf00f-1f5c-470b-9ca1-a41c9aefdf08/upload
INFO     httpx:_client.py:1025 HTTP Request: POST http://testserver/api/processes/fbbbf00f-1f5c-470b-9ca1-a41c9aefdf08/upload "HTTP/1.1 400 Bad Request"
DEBUG    backend.api.tests.conftest:conftest.py:150 TestClient cleanup completed
DEBUG    backend.api.tests.conftest:conftest.py:120 Test DB cleanup completed
DEBUG    asyncio:proactor_events.py:633 Using proactor: IocpProactor
DEBUG    backend.api.services.auth_service:auth_service.py:61 AuthService initialized with db and settings
INFO     backend.api.routes.auth:auth.py:64 Trying to register new user: test@example.com
INFO     backend.api.services.auth_service:auth_service.py:116 User registered successfully: test@example.com
INFO     backend.api.routes.auth:auth.py:68 User registered successfully: test@example.com
INFO     httpx:_client.py:1025 HTTP Request: POST http://testserver/api/auth/register "HTTP/1.1 201 Created"
DEBUG    backend.api.tests.conftest:conftest.py:369 Test user registered: test@example.com
DEBUG    asyncio:proactor_events.py:633 Using proactor: IocpProactor
DEBUG    backend.api.services.auth_service:auth_service.py:61 AuthService initialized with db and settings
INFO     backend.api.routes.auth:auth.py:105 Trying to login user: test@example.com
DEBUG    backend.api.services.auth_service:auth_service.py:524 Refresh token saved for user 1ea9dd03-72a0-4a2f-b378-131b89aab4da
INFO     backend.api.services.auth_service:auth_service.py:181 Login successful for user test@example.com
INFO     backend.api.routes.auth:auth.py:109 Login successful for user: test@example.com
INFO     httpx:_client.py:1025 HTTP Request: POST http://testserver/api/auth/login "HTTP/1.1 200 OK"
DEBUG    backend.api.tests.conftest:conftest.py:415 JWT token generated for test user
DEBUG    asyncio:proactor_events.py:633 Using proactor: IocpProactor
DEBUG    python_multipart.multipart:multipart.py:636 Calling on_part_begin with no data
DEBUG    python_multipart.multipart:multipart.py:633 Calling on_header_field with data[36:55]
DEBUG    python_multipart.multipart:multipart.py:633 Calling on_header_value with data[57:103]
DEBUG    python_multipart.multipart:multipart.py:636 Calling on_header_end with no data
DEBUG    python_multipart.multipart:multipart.py:633 Calling on_header_field with data[105:117]
DEBUG    python_multipart.multipart:multipart.py:633 Calling on_header_value with data[119:134]
DEBUG    python_multipart.multipart:multipart.py:636 Calling on_header_end with no data
DEBUG    python_multipart.multipart:multipart.py:636 Calling on_headers_finished with no data
DEBUG    python_multipart.multipart:multipart.py:633 Calling on_part_data with data[138:439]
DEBUG    python_multipart.multipart:multipart.py:636 Calling on_part_end with no data
DEBUG    python_multipart.multipart:multipart.py:636 Calling on_end with no data
DEBUG    backend.api.services.auth_service:auth_service.py:61 AuthService initialized with db and settings
INFO     backend.api.routes.upload:upload.py:83 POST /api/processes/00000000-0000-0000-0000-000000000000/upload | files received: 1
DEBUG    backend.api.routes.upload:upload.py:102 Processing upload for file: resume.pdf | size:301 bytes
WARNING  backend.api.services.process_service:process_service.py:163 Process not found: 00000000-0000-0000-0000-000000000000
WARNING  backend.api.services.candidate_service:candidate_service.py:158 Try to upload for a inexistent process: 00000000-0000-0000-0000-000000000000
WARNING  backend.api.routes.upload:upload.py:155 Process not found for file upload: resume.pdf | process: 00000000-0000-0000-0000-000000000000 | error: Process 00000000-0000-0000-0000-000000000000 not found.
WARNING  backend.api.main:main.py:153 API error: Process 00000000-0000-0000-0000-000000000000 not found. | code=NOT_FOUND | status=404 | path=/api/processes/00000000-0000-0000-0000-000000000000/upload
INFO     httpx:_client.py:1025 HTTP Request: POST http://testserver/api/processes/00000000-0000-0000-0000-000000000000/upload "HTTP/1.1 404 Not Found"
DEBUG    backend.api.tests.conftest:conftest.py:150 TestClient cleanup completed
DEBUG    backend.api.tests.conftest:conftest.py:120 Test DB cleanup completed
DEBUG    asyncio:proactor_events.py:633 Using proactor: IocpProactor
DEBUG    backend.api.services.auth_service:auth_service.py:61 AuthService initialized with db and settings
INFO     backend.api.routes.auth:auth.py:64 Trying to register new user: test@example.com
INFO     backend.api.services.auth_service:auth_service.py:116 User registered successfully: test@example.com
INFO     backend.api.routes.auth:auth.py:68 User registered successfully: test@example.com
INFO     httpx:_client.py:1025 HTTP Request: POST http://testserver/api/auth/register "HTTP/1.1 201 Created"
DEBUG    backend.api.tests.conftest:conftest.py:369 Test user registered: test@example.com
DEBUG    asyncio:proactor_events.py:633 Using proactor: IocpProactor
DEBUG    backend.api.services.auth_service:auth_service.py:61 AuthService initialized with db and settings
INFO     backend.api.routes.auth:auth.py:105 Trying to login user: test@example.com
DEBUG    backend.api.services.auth_service:auth_service.py:524 Refresh token saved for user f5c63d23-6a06-4318-9280-5ec000d8c2b7
INFO     backend.api.services.auth_service:auth_service.py:181 Login successful for user test@example.com
INFO     backend.api.routes.auth:auth.py:109 Login successful for user: test@example.com
INFO     httpx:_client.py:1025 HTTP Request: POST http://testserver/api/auth/login "HTTP/1.1 200 OK"
DEBUG    backend.api.tests.conftest:conftest.py:415 JWT token generated for test user
DEBUG    asyncio:proactor_events.py:633 Using proactor: IocpProactor
DEBUG    backend.api.services.auth_service:auth_service.py:61 AuthService initialized with db and settings
INFO     backend.api.routes.processes:processes.py:64 POST /api/processes | user: test@example.com | title: Backend Developer... | JD length: 107 characters
INFO     backend.api.services.process_service:process_service.py:88 Process created: c6f58eb4-bbf3-4d19-ad68-c299744e976d | title: Backend Developer | JD length: 107 chars
INFO     backend.api.routes.processes:processes.py:79 Process created successfully: c6f58eb4-bbf3-4d19-ad68-c299744e976d
INFO     httpx:_client.py:1025 HTTP Request: POST http://testserver/api/processes "HTTP/1.1 201 Created"
DEBUG    backend.api.tests.conftest:conftest.py:482 Test process created: c6f58eb4-bbf3-4d19-ad68-c299744e976d
DEBUG    asyncio:proactor_events.py:633 Using proactor: IocpProactor
DEBUG    python_multipart.multipart:multipart.py:636 Calling on_part_begin with no data
DEBUG    python_multipart.multipart:multipart.py:633 Calling on_header_field with data[36:55]
DEBUG    python_multipart.multipart:multipart.py:633 Calling on_header_value with data[57:103]
DEBUG    python_multipart.multipart:multipart.py:636 Calling on_header_end with no data
DEBUG    python_multipart.multipart:multipart.py:633 Calling on_header_field with data[105:117]
DEBUG    python_multipart.multipart:multipart.py:633 Calling on_header_value with data[119:134]
DEBUG    python_multipart.multipart:multipart.py:636 Calling on_header_end with no data
DEBUG    python_multipart.multipart:multipart.py:636 Calling on_headers_finished with no data
DEBUG    python_multipart.multipart:multipart.py:633 Calling on_part_data with data[138:439]
DEBUG    python_multipart.multipart:multipart.py:636 Calling on_part_end with no data
DEBUG    python_multipart.multipart:multipart.py:636 Calling on_end with no data
DEBUG    backend.api.services.auth_service:auth_service.py:61 AuthService initialized with db and settings
INFO     httpx:_client.py:1025 HTTP Request: POST http://testserver/api/processes/c6f58eb4-bbf3-4d19-ad68-c299744e976d/upload "HTTP/1.1 422 Unprocessable Entity"
DEBUG    backend.api.tests.conftest:conftest.py:150 TestClient cleanup completed
DEBUG    backend.api.tests.conftest:conftest.py:120 Test DB cleanup completed
DEBUG    asyncio:proactor_events.py:633 Using proactor: IocpProactor
DEBUG    backend.api.services.auth_service:auth_service.py:61 AuthService initialized with db and settings
INFO     backend.api.routes.auth:auth.py:64 Trying to register new user: test@example.com
INFO     backend.api.services.auth_service:auth_service.py:116 User registered successfully: test@example.com
INFO     backend.api.routes.auth:auth.py:68 User registered successfully: test@example.com
INFO     httpx:_client.py:1025 HTTP Request: POST http://testserver/api/auth/register "HTTP/1.1 201 Created"
DEBUG    backend.api.tests.conftest:conftest.py:369 Test user registered: test@example.com
DEBUG    asyncio:proactor_events.py:633 Using proactor: IocpProactor
DEBUG    backend.api.services.auth_service:auth_service.py:61 AuthService initialized with db and settings
INFO     backend.api.routes.auth:auth.py:105 Trying to login user: test@example.com
DEBUG    backend.api.services.auth_service:auth_service.py:524 Refresh token saved for user edee0deb-a35b-4a0a-bb77-89047a12b9fa
INFO     backend.api.services.auth_service:auth_service.py:181 Login successful for user test@example.com
INFO     backend.api.routes.auth:auth.py:109 Login successful for user: test@example.com
INFO     httpx:_client.py:1025 HTTP Request: POST http://testserver/api/auth/login "HTTP/1.1 200 OK"
DEBUG    backend.api.tests.conftest:conftest.py:415 JWT token generated for test user
DEBUG    asyncio:proactor_events.py:633 Using proactor: IocpProactor
DEBUG    backend.api.services.auth_service:auth_service.py:61 AuthService initialized with db and settings
INFO     backend.api.routes.processes:processes.py:64 POST /api/processes | user: test@example.com | title: Backend Developer... | JD length: 107 characters
INFO     backend.api.services.process_service:process_service.py:88 Process created: b7876d08-54ba-411d-b68a-c22e33f041fd | title: Backend Developer | JD length: 107 chars
INFO     backend.api.routes.processes:processes.py:79 Process created successfully: b7876d08-54ba-411d-b68a-c22e33f041fd
INFO     httpx:_client.py:1025 HTTP Request: POST http://testserver/api/processes "HTTP/1.1 201 Created"
DEBUG    backend.api.tests.conftest:conftest.py:482 Test process created: b7876d08-54ba-411d-b68a-c22e33f041fd
DEBUG    asyncio:proactor_events.py:633 Using proactor: IocpProactor
DEBUG    backend.api.services.auth_service:auth_service.py:61 AuthService initialized with db and settings
INFO     httpx:_client.py:1025 HTTP Request: POST http://testserver/api/processes/b7876d08-54ba-411d-b68a-c22e33f041fd/upload "HTTP/1.1 422 Unprocessable Entity"
DEBUG    backend.api.tests.conftest:conftest.py:150 TestClient cleanup completed
DEBUG    backend.api.tests.conftest:conftest.py:120 Test DB cleanup completed
DEBUG    asyncio:proactor_events.py:633 Using proactor: IocpProactor
DEBUG    backend.api.services.auth_service:auth_service.py:61 AuthService initialized with db and settings
INFO     backend.api.routes.auth:auth.py:64 Trying to register new user: test@example.com
INFO     backend.api.services.auth_service:auth_service.py:116 User registered successfully: test@example.com
INFO     backend.api.routes.auth:auth.py:68 User registered successfully: test@example.com
INFO     httpx:_client.py:1025 HTTP Request: POST http://testserver/api/auth/register "HTTP/1.1 201 Created"
DEBUG    backend.api.tests.conftest:conftest.py:369 Test user registered: test@example.com
DEBUG    asyncio:proactor_events.py:633 Using proactor: IocpProactor
DEBUG    backend.api.services.auth_service:auth_service.py:61 AuthService initialized with db and settings
INFO     backend.api.routes.auth:auth.py:105 Trying to login user: test@example.com
DEBUG    backend.api.services.auth_service:auth_service.py:524 Refresh token saved for user 5e6e485a-1303-4110-be91-2300eead08d0
INFO     backend.api.services.auth_service:auth_service.py:181 Login successful for user test@example.com
INFO     backend.api.routes.auth:auth.py:109 Login successful for user: test@example.com
INFO     httpx:_client.py:1025 HTTP Request: POST http://testserver/api/auth/login "HTTP/1.1 200 OK"
DEBUG    backend.api.tests.conftest:conftest.py:415 JWT token generated for test user
DEBUG    asyncio:proactor_events.py:633 Using proactor: IocpProactor
DEBUG    backend.api.services.auth_service:auth_service.py:61 AuthService initialized with db and settings
DEBUG    backend.parser.jd_parser:jd_parser.py:111 JobDescriptionParser initialised
DEBUG    backend.nlp.preprocessor:preprocessor.py:28 TextPreprocessor initialised.
INFO     backend.nlp.extractor:extractor.py:30 ResumeFeatureExtractor initialised.
DEBUG    backend.api.services.screening_service:screening_service.py:69 ScreeningService initialised with v1.0 components.
INFO     backend.api.routes.results:results.py:137 POST /run request for process 00000000-0000-0000-0000-000000000000 by user test@example.com
WARNING  backend.api.services.process_service:process_service.py:163 Process not found: 00000000-0000-0000-0000-000000000000
WARNING  backend.api.main:main.py:153 API error: Process 00000000-0000-0000-0000-000000000000 not found. | code=NOT_FOUND | status=404 | path=/api/processes/00000000-0000-0000-0000-000000000000/run
INFO     httpx:_client.py:1025 HTTP Request: POST http://testserver/api/processes/00000000-0000-0000-0000-000000000000/run "HTTP/1.1 404 Not Found"
DEBUG    backend.api.tests.conftest:conftest.py:150 TestClient cleanup completed
DEBUG    backend.api.tests.conftest:conftest.py:120 Test DB cleanup completed
DEBUG    asyncio:proactor_events.py:633 Using proactor: IocpProactor
DEBUG    backend.api.services.auth_service:auth_service.py:61 AuthService initialized with db and settings
INFO     backend.api.routes.auth:auth.py:64 Trying to register new user: other+1778505694013@example.com
INFO     backend.api.services.auth_service:auth_service.py:116 User registered successfully: other+1778505694013@example.com
INFO     backend.api.routes.auth:auth.py:68 User registered successfully: other+1778505694013@example.com
INFO     httpx:_client.py:1025 HTTP Request: POST http://testserver/api/auth/register "HTTP/1.1 201 Created"
DEBUG    asyncio:proactor_events.py:633 Using proactor: IocpProactor
DEBUG    backend.api.services.auth_service:auth_service.py:61 AuthService initialized with db and settings
INFO     backend.api.routes.auth:auth.py:105 Trying to login user: other+1778505694013@example.com
DEBUG    backend.api.services.auth_service:auth_service.py:524 Refresh token saved for user 5c0477eb-9f84-41ae-9e44-1031bd36a337
INFO     backend.api.services.auth_service:auth_service.py:181 Login successful for user other+1778505694013@example.com
INFO     backend.api.routes.auth:auth.py:109 Login successful for user: other+1778505694013@example.com
INFO     httpx:_client.py:1025 HTTP Request: POST http://testserver/api/auth/login "HTTP/1.1 200 OK"
DEBUG    backend.api.tests.conftest:conftest.py:710 JWT token generated for other test user
DEBUG    asyncio:proactor_events.py:633 Using proactor: IocpProactor
DEBUG    backend.api.services.auth_service:auth_service.py:61 AuthService initialized with db and settings
INFO     backend.api.routes.auth:auth.py:64 Trying to register new user: test@example.com
INFO     backend.api.services.auth_service:auth_service.py:116 User registered successfully: test@example.com
INFO     backend.api.routes.auth:auth.py:68 User registered successfully: test@example.com
INFO     httpx:_client.py:1025 HTTP Request: POST http://testserver/api/auth/register "HTTP/1.1 201 Created"
DEBUG    backend.api.tests.conftest:conftest.py:369 Test user registered: test@example.com
DEBUG    asyncio:proactor_events.py:633 Using proactor: IocpProactor
DEBUG    backend.api.services.auth_service:auth_service.py:61 AuthService initialized with db and settings
INFO     backend.api.routes.auth:auth.py:105 Trying to login user: test@example.com
DEBUG    backend.api.services.auth_service:auth_service.py:524 Refresh token saved for user d750a0bd-1311-416d-987e-2bff5254a1ed
INFO     backend.api.services.auth_service:auth_service.py:181 Login successful for user test@example.com
INFO     backend.api.routes.auth:auth.py:109 Login successful for user: test@example.com
INFO     httpx:_client.py:1025 HTTP Request: POST http://testserver/api/auth/login "HTTP/1.1 200 OK"
DEBUG    backend.api.tests.conftest:conftest.py:415 JWT token generated for test user
DEBUG    asyncio:proactor_events.py:633 Using proactor: IocpProactor
DEBUG    backend.api.services.auth_service:auth_service.py:61 AuthService initialized with db and settings
INFO     backend.api.routes.processes:processes.py:64 POST /api/processes | user: test@example.com | title: Backend Developer... | JD length: 107 characters
INFO     backend.api.services.process_service:process_service.py:88 Process created: ed0e63bc-6011-45bc-96cd-89b7527f9134 | title: Backend Developer | JD length: 107 chars
INFO     backend.api.routes.processes:processes.py:79 Process created successfully: ed0e63bc-6011-45bc-96cd-89b7527f9134
INFO     httpx:_client.py:1025 HTTP Request: POST http://testserver/api/processes "HTTP/1.1 201 Created"
DEBUG    backend.api.tests.conftest:conftest.py:482 Test process created: ed0e63bc-6011-45bc-96cd-89b7527f9134
DEBUG    asyncio:proactor_events.py:633 Using proactor: IocpProactor
DEBUG    backend.api.services.auth_service:auth_service.py:61 AuthService initialized with db and settings
DEBUG    backend.parser.jd_parser:jd_parser.py:111 JobDescriptionParser initialised
DEBUG    backend.nlp.preprocessor:preprocessor.py:28 TextPreprocessor initialised.
INFO     backend.nlp.extractor:extractor.py:30 ResumeFeatureExtractor initialised.
DEBUG    backend.api.services.screening_service:screening_service.py:69 ScreeningService initialised with v1.0 components.
INFO     backend.api.routes.results:results.py:137 POST /run request for process ed0e63bc-6011-45bc-96cd-89b7527f9134 by user other+1778505694013@example.com
WARNING  backend.api.services.process_service:process_service.py:168 Access denied: user 5c0477eb-9f84-41ae-9e44-1031bd36a337 tried to access process ed0e63bc-6011-45bc-96cd-89b7527f9134
WARNING  backend.api.main:main.py:153 API error: Access denied: user 5c0477eb-9f84-41ae-9e44-1031bd36a337 tried to access process ed0e63bc-6011-45bc-96cd-89b7527f9134. | code=FORBIDDEN | status=403 | path=/api/processes/ed0e63bc-6011-45bc-96cd-89b7527f9134/run
INFO     httpx:_client.py:1025 HTTP Request: POST http://testserver/api/processes/ed0e63bc-6011-45bc-96cd-89b7527f9134/run "HTTP/1.1 403 Forbidden"
DEBUG    backend.api.tests.conftest:conftest.py:150 TestClient cleanup completed
DEBUG    backend.api.tests.conftest:conftest.py:120 Test DB cleanup completed
DEBUG    asyncio:proactor_events.py:633 Using proactor: IocpProactor
DEBUG    backend.api.services.auth_service:auth_service.py:61 AuthService initialized with db and settings
INFO     backend.api.routes.auth:auth.py:64 Trying to register new user: test@example.com
INFO     backend.api.services.auth_service:auth_service.py:116 User registered successfully: test@example.com
INFO     backend.api.routes.auth:auth.py:68 User registered successfully: test@example.com
INFO     httpx:_client.py:1025 HTTP Request: POST http://testserver/api/auth/register "HTTP/1.1 201 Created"
DEBUG    backend.api.tests.conftest:conftest.py:369 Test user registered: test@example.com
DEBUG    asyncio:proactor_events.py:633 Using proactor: IocpProactor
DEBUG    backend.api.services.auth_service:auth_service.py:61 AuthService initialized with db and settings
INFO     backend.api.routes.auth:auth.py:105 Trying to login user: test@example.com
DEBUG    backend.api.services.auth_service:auth_service.py:524 Refresh token saved for user 7b9ea0c7-2d47-490b-b7b2-9637e966a32c
INFO     backend.api.services.auth_service:auth_service.py:181 Login successful for user test@example.com
INFO     backend.api.routes.auth:auth.py:109 Login successful for user: test@example.com
INFO     httpx:_client.py:1025 HTTP Request: POST http://testserver/api/auth/login "HTTP/1.1 200 OK"
DEBUG    backend.api.tests.conftest:conftest.py:415 JWT token generated for test user
DEBUG    asyncio:proactor_events.py:633 Using proactor: IocpProactor
DEBUG    backend.api.services.auth_service:auth_service.py:61 AuthService initialized with db and settings
INFO     backend.api.routes.processes:processes.py:64 POST /api/processes | user: test@example.com | title: Backend Developer... | JD length: 107 characters
INFO     backend.api.services.process_service:process_service.py:88 Process created: 88d85932-5564-4e25-94df-aa5442449d03 | title: Backend Developer | JD length: 107 chars
INFO     backend.api.routes.processes:processes.py:79 Process created successfully: 88d85932-5564-4e25-94df-aa5442449d03
INFO     httpx:_client.py:1025 HTTP Request: POST http://testserver/api/processes "HTTP/1.1 201 Created"
DEBUG    backend.api.tests.conftest:conftest.py:482 Test process created: 88d85932-5564-4e25-94df-aa5442449d03
DEBUG    asyncio:proactor_events.py:633 Using proactor: IocpProactor
DEBUG    backend.api.services.auth_service:auth_service.py:61 AuthService initialized with db and settings
DEBUG    backend.parser.jd_parser:jd_parser.py:111 JobDescriptionParser initialised
DEBUG    backend.nlp.preprocessor:preprocessor.py:28 TextPreprocessor initialised.
INFO     backend.nlp.extractor:extractor.py:30 ResumeFeatureExtractor initialised.
DEBUG    backend.api.services.screening_service:screening_service.py:69 ScreeningService initialised with v1.0 components.
INFO     backend.api.routes.results:results.py:137 POST /run request for process 88d85932-5564-4e25-94df-aa5442449d03 by user test@example.com
DEBUG    backend.api.services.process_service:process_service.py:177 Retrieved process: 88d85932-5564-4e25-94df-aa5442449d03 | status: ProcessStatus.CREATED | owner: 7b9ea0c7-2d47-490b-b7b2-9637e966a32c
DEBUG    backend.api.routes.results:results.py:152 Process 88d85932-5564-4e25-94df-aa5442449d03 loaded: state=ProcessStatus.CREATED, title=Backend Developer
WARNING  backend.api.routes.results:results.py:161 Cannot run screening on process 88d85932-5564-4e25-94df-aa5442449d03: current state is ProcessStatus.CREATED, requires files_uploaded
WARNING  backend.api.main:main.py:153 API error: Cannot run screening: process is in 'ProcessStatus.CREATED' state. Expected: files_uploaded. | code=CONFLICT | status=409 | path=/api/processes/88d85932-5564-4e25-94df-aa5442449d03/run
INFO     httpx:_client.py:1025 HTTP Request: POST http://testserver/api/processes/88d85932-5564-4e25-94df-aa5442449d03/run "HTTP/1.1 409 Conflict"
DEBUG    backend.api.tests.conftest:conftest.py:150 TestClient cleanup completed
DEBUG    backend.api.tests.conftest:conftest.py:120 Test DB cleanup completed
DEBUG    asyncio:proactor_events.py:633 Using proactor: IocpProactor
DEBUG    backend.api.services.auth_service:auth_service.py:61 AuthService initialized with db and settings
INFO     backend.api.routes.auth:auth.py:64 Trying to register new user: test@example.com
INFO     backend.api.services.auth_service:auth_service.py:116 User registered successfully: test@example.com
INFO     backend.api.routes.auth:auth.py:68 User registered successfully: test@example.com
INFO     httpx:_client.py:1025 HTTP Request: POST http://testserver/api/auth/register "HTTP/1.1 201 Created"
DEBUG    backend.api.tests.conftest:conftest.py:369 Test user registered: test@example.com
DEBUG    asyncio:proactor_events.py:633 Using proactor: IocpProactor
DEBUG    backend.api.services.auth_service:auth_service.py:61 AuthService initialized with db and settings
INFO     backend.api.routes.auth:auth.py:105 Trying to login user: test@example.com
DEBUG    backend.api.services.auth_service:auth_service.py:524 Refresh token saved for user 74332469-ed75-4d39-b424-5cb03e836df8
INFO     backend.api.services.auth_service:auth_service.py:181 Login successful for user test@example.com
INFO     backend.api.routes.auth:auth.py:109 Login successful for user: test@example.com
INFO     httpx:_client.py:1025 HTTP Request: POST http://testserver/api/auth/login "HTTP/1.1 200 OK"
DEBUG    backend.api.tests.conftest:conftest.py:415 JWT token generated for test user
DEBUG    asyncio:proactor_events.py:633 Using proactor: IocpProactor
DEBUG    backend.api.services.auth_service:auth_service.py:61 AuthService initialized with db and settings
INFO     backend.api.routes.processes:processes.py:64 POST /api/processes | user: test@example.com | title: Backend Developer... | JD length: 107 characters
INFO     backend.api.services.process_service:process_service.py:88 Process created: af7a9f74-09ba-4438-85f2-8c9d44e11e61 | title: Backend Developer | JD length: 107 chars
INFO     backend.api.routes.processes:processes.py:79 Process created successfully: af7a9f74-09ba-4438-85f2-8c9d44e11e61
INFO     httpx:_client.py:1025 HTTP Request: POST http://testserver/api/processes "HTTP/1.1 201 Created"
DEBUG    backend.api.tests.conftest:conftest.py:482 Test process created: af7a9f74-09ba-4438-85f2-8c9d44e11e61
DEBUG    asyncio:proactor_events.py:633 Using proactor: IocpProactor
DEBUG    backend.api.services.auth_service:auth_service.py:61 AuthService initialized with db and settings
DEBUG    backend.parser.jd_parser:jd_parser.py:111 JobDescriptionParser initialised
DEBUG    backend.nlp.preprocessor:preprocessor.py:28 TextPreprocessor initialised.
INFO     backend.nlp.extractor:extractor.py:30 ResumeFeatureExtractor initialised.
DEBUG    backend.api.services.screening_service:screening_service.py:69 ScreeningService initialised with v1.0 components.
INFO     backend.api.routes.results:results.py:137 POST /run request for process af7a9f74-09ba-4438-85f2-8c9d44e11e61 by user test@example.com
DEBUG    backend.api.services.process_service:process_service.py:177 Retrieved process: af7a9f74-09ba-4438-85f2-8c9d44e11e61 | status: ProcessStatus.FILES_UPLOADED | owner: 74332469-ed75-4d39-b424-5cb03e836df8
DEBUG    backend.api.routes.results:results.py:152 Process af7a9f74-09ba-4438-85f2-8c9d44e11e61 loaded: state=ProcessStatus.FILES_UPLOADED, title=Backend Developer
INFO     backend.api.routes.results:results.py:190 Running screening for process af7a9f74-09ba-4438-85f2-8c9d44e11e61 with 1 candidate(s)
INFO     backend.api.routes.results:results.py:204 Screening task dispatched in background for process af7a9f74-09ba-4438-85f2-8c9d44e11e61
INFO     httpx:_client.py:1025 HTTP Request: POST http://testserver/api/processes/af7a9f74-09ba-4438-85f2-8c9d44e11e61/run "HTTP/1.1 200 OK"
DEBUG    backend.api.tests.conftest:conftest.py:150 TestClient cleanup completed
DEBUG    backend.api.tests.conftest:conftest.py:120 Test DB cleanup completed
DEBUG    asyncio:proactor_events.py:633 Using proactor: IocpProactor
DEBUG    backend.api.services.auth_service:auth_service.py:61 AuthService initialized with db and settings
INFO     backend.api.routes.auth:auth.py:64 Trying to register new user: test@example.com
INFO     backend.api.services.auth_service:auth_service.py:116 User registered successfully: test@example.com
INFO     backend.api.routes.auth:auth.py:68 User registered successfully: test@example.com
INFO     httpx:_client.py:1025 HTTP Request: POST http://testserver/api/auth/register "HTTP/1.1 201 Created"
DEBUG    backend.api.tests.conftest:conftest.py:369 Test user registered: test@example.com
DEBUG    asyncio:proactor_events.py:633 Using proactor: IocpProactor
DEBUG    backend.api.services.auth_service:auth_service.py:61 AuthService initialized with db and settings
INFO     backend.api.routes.auth:auth.py:105 Trying to login user: test@example.com
DEBUG    backend.api.services.auth_service:auth_service.py:524 Refresh token saved for user 2fcfde3f-e399-489b-9d4a-87c8ec755747
INFO     backend.api.services.auth_service:auth_service.py:181 Login successful for user test@example.com
INFO     backend.api.routes.auth:auth.py:109 Login successful for user: test@example.com
INFO     httpx:_client.py:1025 HTTP Request: POST http://testserver/api/auth/login "HTTP/1.1 200 OK"
DEBUG    backend.api.tests.conftest:conftest.py:415 JWT token generated for test user
DEBUG    asyncio:proactor_events.py:633 Using proactor: IocpProactor
DEBUG    backend.api.services.auth_service:auth_service.py:61 AuthService initialized with db and settings
INFO     backend.api.routes.processes:processes.py:64 POST /api/processes | user: test@example.com | title: Backend Developer... | JD length: 107 characters
INFO     backend.api.services.process_service:process_service.py:88 Process created: bef4be66-08c6-469a-a40a-e5e7fe4a0a63 | title: Backend Developer | JD length: 107 chars
INFO     backend.api.routes.processes:processes.py:79 Process created successfully: bef4be66-08c6-469a-a40a-e5e7fe4a0a63
INFO     httpx:_client.py:1025 HTTP Request: POST http://testserver/api/processes "HTTP/1.1 201 Created"
DEBUG    backend.api.tests.conftest:conftest.py:482 Test process created: bef4be66-08c6-469a-a40a-e5e7fe4a0a63
DEBUG    asyncio:proactor_events.py:633 Using proactor: IocpProactor
DEBUG    backend.api.services.auth_service:auth_service.py:61 AuthService initialized with db and settings
DEBUG    backend.parser.jd_parser:jd_parser.py:111 JobDescriptionParser initialised
DEBUG    backend.nlp.preprocessor:preprocessor.py:28 TextPreprocessor initialised.
INFO     backend.nlp.extractor:extractor.py:30 ResumeFeatureExtractor initialised.
DEBUG    backend.api.services.screening_service:screening_service.py:69 ScreeningService initialised with v1.0 components.
INFO     httpx:_client.py:1025 HTTP Request: POST http://testserver/api/processes/bef4be66-08c6-469a-a40a-e5e7fe4a0a63/run "HTTP/1.1 422 Unprocessable Entity"
DEBUG    backend.api.tests.conftest:conftest.py:150 TestClient cleanup completed
DEBUG    backend.api.tests.conftest:conftest.py:120 Test DB cleanup completed
DEBUG    asyncio:proactor_events.py:633 Using proactor: IocpProactor
DEBUG    backend.api.services.auth_service:auth_service.py:61 AuthService initialized with db and settings
INFO     backend.api.routes.auth:auth.py:64 Trying to register new user: test@example.com
INFO     backend.api.services.auth_service:auth_service.py:116 User registered successfully: test@example.com
INFO     backend.api.routes.auth:auth.py:68 User registered successfully: test@example.com
INFO     httpx:_client.py:1025 HTTP Request: POST http://testserver/api/auth/register "HTTP/1.1 201 Created"
DEBUG    backend.api.tests.conftest:conftest.py:369 Test user registered: test@example.com
DEBUG    asyncio:proactor_events.py:633 Using proactor: IocpProactor
DEBUG    backend.api.services.auth_service:auth_service.py:61 AuthService initialized with db and settings
INFO     backend.api.routes.auth:auth.py:105 Trying to login user: test@example.com
DEBUG    backend.api.services.auth_service:auth_service.py:524 Refresh token saved for user c6982037-081c-4956-915b-674b0e0d8107
INFO     backend.api.services.auth_service:auth_service.py:181 Login successful for user test@example.com
INFO     backend.api.routes.auth:auth.py:109 Login successful for user: test@example.com
INFO     httpx:_client.py:1025 HTTP Request: POST http://testserver/api/auth/login "HTTP/1.1 200 OK"
DEBUG    backend.api.tests.conftest:conftest.py:415 JWT token generated for test user
DEBUG    asyncio:proactor_events.py:633 Using proactor: IocpProactor
DEBUG    backend.api.services.auth_service:auth_service.py:61 AuthService initialized with db and settings
DEBUG    backend.parser.jd_parser:jd_parser.py:111 JobDescriptionParser initialised
DEBUG    backend.nlp.preprocessor:preprocessor.py:28 TextPreprocessor initialised.
INFO     backend.nlp.extractor:extractor.py:30 ResumeFeatureExtractor initialised.
DEBUG    backend.api.services.screening_service:screening_service.py:69 ScreeningService initialised with v1.0 components.
INFO     backend.api.routes.results:results.py:309 GET /results request for process 00000000-0000-0000-0000-000000000000 by user test@example.com
WARNING  backend.api.services.process_service:process_service.py:163 Process not found: 00000000-0000-0000-0000-000000000000
WARNING  backend.api.main:main.py:153 API error: Process 00000000-0000-0000-0000-000000000000 not found. | code=NOT_FOUND | status=404 | path=/api/processes/00000000-0000-0000-0000-000000000000/results
INFO     httpx:_client.py:1025 HTTP Request: GET http://testserver/api/processes/00000000-0000-0000-0000-000000000000/results "HTTP/1.1 404 Not Found"
DEBUG    backend.api.tests.conftest:conftest.py:150 TestClient cleanup completed
DEBUG    backend.api.tests.conftest:conftest.py:120 Test DB cleanup completed
DEBUG    asyncio:proactor_events.py:633 Using proactor: IocpProactor
DEBUG    backend.api.services.auth_service:auth_service.py:61 AuthService initialized with db and settings
INFO     backend.api.routes.auth:auth.py:64 Trying to register new user: other+1778505694976@example.com
INFO     backend.api.services.auth_service:auth_service.py:116 User registered successfully: other+1778505694976@example.com
INFO     backend.api.routes.auth:auth.py:68 User registered successfully: other+1778505694976@example.com
INFO     httpx:_client.py:1025 HTTP Request: POST http://testserver/api/auth/register "HTTP/1.1 201 Created"
DEBUG    asyncio:proactor_events.py:633 Using proactor: IocpProactor
DEBUG    backend.api.services.auth_service:auth_service.py:61 AuthService initialized with db and settings
INFO     backend.api.routes.auth:auth.py:105 Trying to login user: other+1778505694976@example.com
DEBUG    backend.api.services.auth_service:auth_service.py:524 Refresh token saved for user 83a8c22f-844b-4d6d-bb1d-00e2270bb3ad
INFO     backend.api.services.auth_service:auth_service.py:181 Login successful for user other+1778505694976@example.com
INFO     backend.api.routes.auth:auth.py:109 Login successful for user: other+1778505694976@example.com
INFO     httpx:_client.py:1025 HTTP Request: POST http://testserver/api/auth/login "HTTP/1.1 200 OK"
DEBUG    backend.api.tests.conftest:conftest.py:710 JWT token generated for other test user
DEBUG    asyncio:proactor_events.py:633 Using proactor: IocpProactor
DEBUG    backend.api.services.auth_service:auth_service.py:61 AuthService initialized with db and settings
INFO     backend.api.routes.auth:auth.py:64 Trying to register new user: test@example.com
INFO     backend.api.services.auth_service:auth_service.py:116 User registered successfully: test@example.com
INFO     backend.api.routes.auth:auth.py:68 User registered successfully: test@example.com
INFO     httpx:_client.py:1025 HTTP Request: POST http://testserver/api/auth/register "HTTP/1.1 201 Created"
DEBUG    backend.api.tests.conftest:conftest.py:369 Test user registered: test@example.com
DEBUG    asyncio:proactor_events.py:633 Using proactor: IocpProactor
DEBUG    backend.api.services.auth_service:auth_service.py:61 AuthService initialized with db and settings
INFO     backend.api.routes.auth:auth.py:105 Trying to login user: test@example.com
DEBUG    backend.api.services.auth_service:auth_service.py:524 Refresh token saved for user 15ec14e9-cd6e-4fd3-80ea-9eec881de7ee
INFO     backend.api.services.auth_service:auth_service.py:181 Login successful for user test@example.com
INFO     backend.api.routes.auth:auth.py:109 Login successful for user: test@example.com
INFO     httpx:_client.py:1025 HTTP Request: POST http://testserver/api/auth/login "HTTP/1.1 200 OK"
DEBUG    backend.api.tests.conftest:conftest.py:415 JWT token generated for test user
DEBUG    asyncio:proactor_events.py:633 Using proactor: IocpProactor
DEBUG    backend.api.services.auth_service:auth_service.py:61 AuthService initialized with db and settings
INFO     backend.api.routes.processes:processes.py:64 POST /api/processes | user: test@example.com | title: Backend Developer... | JD length: 107 characters
INFO     backend.api.services.process_service:process_service.py:88 Process created: ce9b328d-4a61-48eb-a6f4-47da99f1bf95 | title: Backend Developer | JD length: 107 chars
INFO     backend.api.routes.processes:processes.py:79 Process created successfully: ce9b328d-4a61-48eb-a6f4-47da99f1bf95
INFO     httpx:_client.py:1025 HTTP Request: POST http://testserver/api/processes "HTTP/1.1 201 Created"
DEBUG    backend.api.tests.conftest:conftest.py:482 Test process created: ce9b328d-4a61-48eb-a6f4-47da99f1bf95
DEBUG    asyncio:proactor_events.py:633 Using proactor: IocpProactor
DEBUG    backend.api.services.auth_service:auth_service.py:61 AuthService initialized with db and settings
DEBUG    backend.parser.jd_parser:jd_parser.py:111 JobDescriptionParser initialised
DEBUG    backend.nlp.preprocessor:preprocessor.py:28 TextPreprocessor initialised.
INFO     backend.nlp.extractor:extractor.py:30 ResumeFeatureExtractor initialised.
DEBUG    backend.api.services.screening_service:screening_service.py:69 ScreeningService initialised with v1.0 components.
INFO     backend.api.routes.results:results.py:309 GET /results request for process ce9b328d-4a61-48eb-a6f4-47da99f1bf95 by user other+1778505694976@example.com
WARNING  backend.api.services.process_service:process_service.py:168 Access denied: user 83a8c22f-844b-4d6d-bb1d-00e2270bb3ad tried to access process ce9b328d-4a61-48eb-a6f4-47da99f1bf95
WARNING  backend.api.main:main.py:153 API error: Access denied: user 83a8c22f-844b-4d6d-bb1d-00e2270bb3ad tried to access process ce9b328d-4a61-48eb-a6f4-47da99f1bf95. | code=FORBIDDEN | status=403 | path=/api/processes/ce9b328d-4a61-48eb-a6f4-47da99f1bf95/results
INFO     httpx:_client.py:1025 HTTP Request: GET http://testserver/api/processes/ce9b328d-4a61-48eb-a6f4-47da99f1bf95/results "HTTP/1.1 403 Forbidden"
DEBUG    backend.api.tests.conftest:conftest.py:150 TestClient cleanup completed
DEBUG    backend.api.tests.conftest:conftest.py:120 Test DB cleanup completed
DEBUG    asyncio:proactor_events.py:633 Using proactor: IocpProactor
DEBUG    backend.api.services.auth_service:auth_service.py:61 AuthService initialized with db and settings
INFO     backend.api.routes.auth:auth.py:64 Trying to register new user: test@example.com
INFO     backend.api.services.auth_service:auth_service.py:116 User registered successfully: test@example.com
INFO     backend.api.routes.auth:auth.py:68 User registered successfully: test@example.com
INFO     httpx:_client.py:1025 HTTP Request: POST http://testserver/api/auth/register "HTTP/1.1 201 Created"
DEBUG    backend.api.tests.conftest:conftest.py:369 Test user registered: test@example.com
DEBUG    asyncio:proactor_events.py:633 Using proactor: IocpProactor
DEBUG    backend.api.services.auth_service:auth_service.py:61 AuthService initialized with db and settings
INFO     backend.api.routes.auth:auth.py:105 Trying to login user: test@example.com
DEBUG    backend.api.services.auth_service:auth_service.py:524 Refresh token saved for user 22ac14c8-71fa-4e0e-a3c3-fb050220e00b
INFO     backend.api.services.auth_service:auth_service.py:181 Login successful for user test@example.com
INFO     backend.api.routes.auth:auth.py:109 Login successful for user: test@example.com
INFO     httpx:_client.py:1025 HTTP Request: POST http://testserver/api/auth/login "HTTP/1.1 200 OK"
DEBUG    backend.api.tests.conftest:conftest.py:415 JWT token generated for test user
DEBUG    asyncio:proactor_events.py:633 Using proactor: IocpProactor
DEBUG    backend.api.services.auth_service:auth_service.py:61 AuthService initialized with db and settings
INFO     backend.api.routes.processes:processes.py:64 POST /api/processes | user: test@example.com | title: Backend Developer... | JD length: 107 characters
INFO     backend.api.services.process_service:process_service.py:88 Process created: 34da09a5-8932-4774-81fa-24fa7e29686b | title: Backend Developer | JD length: 107 chars
INFO     backend.api.routes.processes:processes.py:79 Process created successfully: 34da09a5-8932-4774-81fa-24fa7e29686b
INFO     httpx:_client.py:1025 HTTP Request: POST http://testserver/api/processes "HTTP/1.1 201 Created"
DEBUG    backend.api.tests.conftest:conftest.py:482 Test process created: 34da09a5-8932-4774-81fa-24fa7e29686b
DEBUG    asyncio:proactor_events.py:633 Using proactor: IocpProactor
DEBUG    backend.api.services.auth_service:auth_service.py:61 AuthService initialized with db and settings
DEBUG    backend.parser.jd_parser:jd_parser.py:111 JobDescriptionParser initialised
DEBUG    backend.nlp.preprocessor:preprocessor.py:28 TextPreprocessor initialised.
INFO     backend.nlp.extractor:extractor.py:30 ResumeFeatureExtractor initialised.
DEBUG    backend.api.services.screening_service:screening_service.py:69 ScreeningService initialised with v1.0 components.
INFO     backend.api.routes.results:results.py:309 GET /results request for process 34da09a5-8932-4774-81fa-24fa7e29686b by user test@example.com
DEBUG    backend.api.services.process_service:process_service.py:177 Retrieved process: 34da09a5-8932-4774-81fa-24fa7e29686b | status: ProcessStatus.CREATED | owner: 22ac14c8-71fa-4e0e-a3c3-fb050220e00b
DEBUG    backend.api.routes.results:results.py:324 Process 34da09a5-8932-4774-81fa-24fa7e29686b status: ProcessStatus.CREATED, screening_service.get_results() called
DEBUG    backend.api.services.process_service:process_service.py:177 Retrieved process: 34da09a5-8932-4774-81fa-24fa7e29686b | status: ProcessStatus.CREATED | owner: 22ac14c8-71fa-4e0e-a3c3-fb050220e00b
WARNING  backend.api.services.screening_service:screening_service.py:365 Process 34da09a5-8932-4774-81fa-24fa7e29686b in unexpected state ProcessStatus.CREATED. No results available.
INFO     backend.api.routes.results:results.py:345 Results retrieved for process 34da09a5-8932-4774-81fa-24fa7e29686b: status=ProcessStatus.CREATED
INFO     httpx:_client.py:1025 HTTP Request: GET http://testserver/api/processes/34da09a5-8932-4774-81fa-24fa7e29686b/results "HTTP/1.1 200 OK"
DEBUG    backend.api.tests.conftest:conftest.py:150 TestClient cleanup completed
DEBUG    backend.api.tests.conftest:conftest.py:120 Test DB cleanup completed
DEBUG    asyncio:proactor_events.py:633 Using proactor: IocpProactor
DEBUG    backend.api.services.auth_service:auth_service.py:61 AuthService initialized with db and settings
INFO     backend.api.routes.auth:auth.py:64 Trying to register new user: test@example.com
INFO     backend.api.services.auth_service:auth_service.py:116 User registered successfully: test@example.com
INFO     backend.api.routes.auth:auth.py:68 User registered successfully: test@example.com
INFO     httpx:_client.py:1025 HTTP Request: POST http://testserver/api/auth/register "HTTP/1.1 201 Created"
DEBUG    backend.api.tests.conftest:conftest.py:369 Test user registered: test@example.com
DEBUG    asyncio:proactor_events.py:633 Using proactor: IocpProactor
DEBUG    backend.api.services.auth_service:auth_service.py:61 AuthService initialized with db and settings
INFO     backend.api.routes.auth:auth.py:105 Trying to login user: test@example.com
DEBUG    backend.api.services.auth_service:auth_service.py:524 Refresh token saved for user 2b299425-1b35-4008-9bcb-211a2e18a01d
INFO     backend.api.services.auth_service:auth_service.py:181 Login successful for user test@example.com
INFO     backend.api.routes.auth:auth.py:109 Login successful for user: test@example.com
INFO     httpx:_client.py:1025 HTTP Request: POST http://testserver/api/auth/login "HTTP/1.1 200 OK"
DEBUG    backend.api.tests.conftest:conftest.py:415 JWT token generated for test user
DEBUG    asyncio:proactor_events.py:633 Using proactor: IocpProactor
DEBUG    backend.api.services.auth_service:auth_service.py:61 AuthService initialized with db and settings
INFO     backend.api.routes.processes:processes.py:64 POST /api/processes | user: test@example.com | title: Backend Developer... | JD length: 107 characters
INFO     backend.api.services.process_service:process_service.py:88 Process created: 507399fe-43f0-41e6-a28d-f22286f57ee7 | title: Backend Developer | JD length: 107 chars
INFO     backend.api.routes.processes:processes.py:79 Process created successfully: 507399fe-43f0-41e6-a28d-f22286f57ee7
INFO     httpx:_client.py:1025 HTTP Request: POST http://testserver/api/processes "HTTP/1.1 201 Created"
DEBUG    backend.api.tests.conftest:conftest.py:482 Test process created: 507399fe-43f0-41e6-a28d-f22286f57ee7
DEBUG    asyncio:proactor_events.py:633 Using proactor: IocpProactor
DEBUG    backend.api.services.auth_service:auth_service.py:61 AuthService initialized with db and settings
DEBUG    backend.parser.jd_parser:jd_parser.py:111 JobDescriptionParser initialised
DEBUG    backend.nlp.preprocessor:preprocessor.py:28 TextPreprocessor initialised.
INFO     backend.nlp.extractor:extractor.py:30 ResumeFeatureExtractor initialised.
DEBUG    backend.api.services.screening_service:screening_service.py:69 ScreeningService initialised with v1.0 components.
INFO     backend.api.routes.results:results.py:309 GET /results request for process 507399fe-43f0-41e6-a28d-f22286f57ee7 by user test@example.com
DEBUG    backend.api.services.process_service:process_service.py:177 Retrieved process: 507399fe-43f0-41e6-a28d-f22286f57ee7 | status: ProcessStatus.PROCESSING | owner: 2b299425-1b35-4008-9bcb-211a2e18a01d
DEBUG    backend.api.routes.results:results.py:324 Process 507399fe-43f0-41e6-a28d-f22286f57ee7 status: ProcessStatus.PROCESSING, screening_service.get_results() called
DEBUG    backend.api.routes.results:results.py:332 Process 507399fe-43f0-41e6-a28d-f22286f57ee7 is still processing. Returning 202.
INFO     httpx:_client.py:1025 HTTP Request: GET http://testserver/api/processes/507399fe-43f0-41e6-a28d-f22286f57ee7/results "HTTP/1.1 202 Accepted"
DEBUG    backend.api.tests.conftest:conftest.py:150 TestClient cleanup completed
DEBUG    backend.api.tests.conftest:conftest.py:120 Test DB cleanup completed
DEBUG    asyncio:proactor_events.py:633 Using proactor: IocpProactor
DEBUG    backend.api.services.auth_service:auth_service.py:61 AuthService initialized with db and settings
INFO     backend.api.routes.auth:auth.py:64 Trying to register new user: test@example.com
INFO     backend.api.services.auth_service:auth_service.py:116 User registered successfully: test@example.com
INFO     backend.api.routes.auth:auth.py:68 User registered successfully: test@example.com
INFO     httpx:_client.py:1025 HTTP Request: POST http://testserver/api/auth/register "HTTP/1.1 201 Created"
DEBUG    backend.api.tests.conftest:conftest.py:369 Test user registered: test@example.com
DEBUG    asyncio:proactor_events.py:633 Using proactor: IocpProactor
DEBUG    backend.api.services.auth_service:auth_service.py:61 AuthService initialized with db and settings
INFO     backend.api.routes.auth:auth.py:105 Trying to login user: test@example.com
DEBUG    backend.api.services.auth_service:auth_service.py:524 Refresh token saved for user da67b499-6cfe-45a3-93b5-79addb645ada
INFO     backend.api.services.auth_service:auth_service.py:181 Login successful for user test@example.com
INFO     backend.api.routes.auth:auth.py:109 Login successful for user: test@example.com
INFO     httpx:_client.py:1025 HTTP Request: POST http://testserver/api/auth/login "HTTP/1.1 200 OK"
DEBUG    backend.api.tests.conftest:conftest.py:415 JWT token generated for test user
DEBUG    asyncio:proactor_events.py:633 Using proactor: IocpProactor
DEBUG    backend.api.services.auth_service:auth_service.py:61 AuthService initialized with db and settings
INFO     backend.api.routes.processes:processes.py:64 POST /api/processes | user: test@example.com | title: Backend Developer... | JD length: 107 characters
INFO     backend.api.services.process_service:process_service.py:88 Process created: 220d912e-883a-447d-afa6-f3e799756486 | title: Backend Developer | JD length: 107 chars
INFO     backend.api.routes.processes:processes.py:79 Process created successfully: 220d912e-883a-447d-afa6-f3e799756486
INFO     httpx:_client.py:1025 HTTP Request: POST http://testserver/api/processes "HTTP/1.1 201 Created"
DEBUG    backend.api.tests.conftest:conftest.py:482 Test process created: 220d912e-883a-447d-afa6-f3e799756486
DEBUG    asyncio:proactor_events.py:633 Using proactor: IocpProactor
DEBUG    backend.api.services.auth_service:auth_service.py:61 AuthService initialized with db and settings
DEBUG    backend.parser.jd_parser:jd_parser.py:111 JobDescriptionParser initialised
DEBUG    backend.nlp.preprocessor:preprocessor.py:28 TextPreprocessor initialised.
INFO     backend.nlp.extractor:extractor.py:30 ResumeFeatureExtractor initialised.
DEBUG    backend.api.services.screening_service:screening_service.py:69 ScreeningService initialised with v1.0 components.
INFO     backend.api.routes.results:results.py:309 GET /results request for process 220d912e-883a-447d-afa6-f3e799756486 by user test@example.com
DEBUG    backend.api.services.process_service:process_service.py:177 Retrieved process: 220d912e-883a-447d-afa6-f3e799756486 | status: ProcessStatus.COMPLETED | owner: da67b499-6cfe-45a3-93b5-79addb645ada
DEBUG    backend.api.routes.results:results.py:324 Process 220d912e-883a-447d-afa6-f3e799756486 status: ProcessStatus.COMPLETED, screening_service.get_results() called
DEBUG    backend.api.services.process_service:process_service.py:177 Retrieved process: 220d912e-883a-447d-afa6-f3e799756486 | status: ProcessStatus.COMPLETED | owner: da67b499-6cfe-45a3-93b5-79addb645ada
INFO     backend.api.services.screening_service:screening_service.py:351 Results retrieved for process 220d912e-883a-447d-afa6-f3e799756486: 2 candidates, 1 strong_matches
INFO     backend.api.routes.results:results.py:345 Results retrieved for process 220d912e-883a-447d-afa6-f3e799756486: status=completed
INFO     httpx:_client.py:1025 HTTP Request: GET http://testserver/api/processes/220d912e-883a-447d-afa6-f3e799756486/results "HTTP/1.1 200 OK"
DEBUG    backend.api.tests.conftest:conftest.py:150 TestClient cleanup completed
DEBUG    backend.api.tests.conftest:conftest.py:120 Test DB cleanup completed
DEBUG    asyncio:proactor_events.py:633 Using proactor: IocpProactor
DEBUG    backend.api.services.auth_service:auth_service.py:61 AuthService initialized with db and settings
INFO     backend.api.routes.auth:auth.py:64 Trying to register new user: test@example.com
INFO     backend.api.services.auth_service:auth_service.py:116 User registered successfully: test@example.com
INFO     backend.api.routes.auth:auth.py:68 User registered successfully: test@example.com
INFO     httpx:_client.py:1025 HTTP Request: POST http://testserver/api/auth/register "HTTP/1.1 201 Created"
DEBUG    backend.api.tests.conftest:conftest.py:369 Test user registered: test@example.com
DEBUG    asyncio:proactor_events.py:633 Using proactor: IocpProactor
DEBUG    backend.api.services.auth_service:auth_service.py:61 AuthService initialized with db and settings
INFO     backend.api.routes.auth:auth.py:105 Trying to login user: test@example.com
DEBUG    backend.api.services.auth_service:auth_service.py:524 Refresh token saved for user 978c20cf-b61b-407b-b72b-9b27b86e4ed9
INFO     backend.api.services.auth_service:auth_service.py:181 Login successful for user test@example.com
INFO     backend.api.routes.auth:auth.py:109 Login successful for user: test@example.com
INFO     httpx:_client.py:1025 HTTP Request: POST http://testserver/api/auth/login "HTTP/1.1 200 OK"
DEBUG    backend.api.tests.conftest:conftest.py:415 JWT token generated for test user
DEBUG    asyncio:proactor_events.py:633 Using proactor: IocpProactor
DEBUG    backend.api.services.auth_service:auth_service.py:61 AuthService initialized with db and settings
INFO     backend.api.routes.processes:processes.py:64 POST /api/processes | user: test@example.com | title: Backend Developer... | JD length: 107 characters
INFO     backend.api.services.process_service:process_service.py:88 Process created: 58e036e0-3710-4a5f-b121-79c5e7133104 | title: Backend Developer | JD length: 107 chars
INFO     backend.api.routes.processes:processes.py:79 Process created successfully: 58e036e0-3710-4a5f-b121-79c5e7133104
INFO     httpx:_client.py:1025 HTTP Request: POST http://testserver/api/processes "HTTP/1.1 201 Created"
DEBUG    backend.api.tests.conftest:conftest.py:482 Test process created: 58e036e0-3710-4a5f-b121-79c5e7133104
DEBUG    asyncio:proactor_events.py:633 Using proactor: IocpProactor
DEBUG    backend.api.services.auth_service:auth_service.py:61 AuthService initialized with db and settings
DEBUG    backend.parser.jd_parser:jd_parser.py:111 JobDescriptionParser initialised
DEBUG    backend.nlp.preprocessor:preprocessor.py:28 TextPreprocessor initialised.
INFO     backend.nlp.extractor:extractor.py:30 ResumeFeatureExtractor initialised.
DEBUG    backend.api.services.screening_service:screening_service.py:69 ScreeningService initialised with v1.0 components.
INFO     httpx:_client.py:1025 HTTP Request: GET http://testserver/api/processes/58e036e0-3710-4a5f-b121-79c5e7133104/results "HTTP/1.1 422 Unprocessable Entity"
DEBUG    backend.api.tests.conftest:conftest.py:150 TestClient cleanup completed
DEBUG    backend.api.tests.conftest:conftest.py:120 Test DB cleanup completed
DEBUG    asyncio:proactor_events.py:633 Using proactor: IocpProactor
DEBUG    backend.api.services.auth_service:auth_service.py:61 AuthService initialized with db and settings
INFO     backend.api.routes.auth:auth.py:64 Trying to register new user: test@example.com
INFO     backend.api.services.auth_service:auth_service.py:116 User registered successfully: test@example.com
INFO     backend.api.routes.auth:auth.py:68 User registered successfully: test@example.com
INFO     httpx:_client.py:1025 HTTP Request: POST http://testserver/api/auth/register "HTTP/1.1 201 Created"
DEBUG    backend.api.tests.conftest:conftest.py:369 Test user registered: test@example.com
DEBUG    asyncio:proactor_events.py:633 Using proactor: IocpProactor
DEBUG    backend.api.services.auth_service:auth_service.py:61 AuthService initialized with db and settings
INFO     backend.api.routes.auth:auth.py:105 Trying to login user: test@example.com
DEBUG    backend.api.services.auth_service:auth_service.py:524 Refresh token saved for user cd5ca284-4da3-4a8f-b713-59488ec84a29
INFO     backend.api.services.auth_service:auth_service.py:181 Login successful for user test@example.com
INFO     backend.api.routes.auth:auth.py:109 Login successful for user: test@example.com
INFO     httpx:_client.py:1025 HTTP Request: POST http://testserver/api/auth/login "HTTP/1.1 200 OK"
DEBUG    backend.api.tests.conftest:conftest.py:415 JWT token generated for test user
DEBUG    asyncio:proactor_events.py:633 Using proactor: IocpProactor
DEBUG    backend.api.services.auth_service:auth_service.py:61 AuthService initialized with db and settings
INFO     backend.api.routes.processes:processes.py:64 POST /api/processes | user: test@example.com | title: Backend Developer... | JD length: 107 characters
INFO     backend.api.services.process_service:process_service.py:88 Process created: f3647262-435c-4aa2-9940-1c1ffb689e40 | title: Backend Developer | JD length: 107 chars
INFO     backend.api.routes.processes:processes.py:79 Process created successfully: f3647262-435c-4aa2-9940-1c1ffb689e40
INFO     httpx:_client.py:1025 HTTP Request: POST http://testserver/api/processes "HTTP/1.1 201 Created"
DEBUG    backend.api.tests.conftest:conftest.py:482 Test process created: f3647262-435c-4aa2-9940-1c1ffb689e40
DEBUG    asyncio:proactor_events.py:633 Using proactor: IocpProactor
DEBUG    backend.api.services.auth_service:auth_service.py:61 AuthService initialized with db and settings
INFO     backend.api.routes.results:results.py:375 GET /export/csv request for process f3647262-435c-4aa2-9940-1c1ffb689e40 by user test@example.com
DEBUG    backend.api.services.process_service:process_service.py:177 Retrieved process: f3647262-435c-4aa2-9940-1c1ffb689e40 | status: ProcessStatus.COMPLETED | owner: cd5ca284-4da3-4a8f-b713-59488ec84a29
DEBUG    backend.api.services.report_service:report_service.py:229 Process f3647262-435c-4aa2-9940-1c1ffb689e40 validated for export: state ProcessStatus.COMPLETED
DEBUG    backend.api.services.report_service:report_service.py:271 Built candidates list for process f3647262-435c-4aa2-9940-1c1ffb689e40: 0 candidates
INFO     backend.api.services.report_service:report_service.py:72 Generating CSV export for process f3647262-435c-4aa2-9940-1c1ffb689e40 with 0 candidates
DEBUG    backend.reports.reporter:reporter.py:37 ReportGenerator initialised. Output: C:\Users\LEANDR~1\AppData\Local\Temp\tmp33lyxstn
INFO     backend.reports.reporter:reporter.py:155 CSV report saved: C:\Users\LEANDR~1\AppData\Local\Temp\tmp33lyxstn\results_20260511_142136.csv
INFO     backend.api.services.report_service:report_service.py:87 CSV export completed for process f3647262-435c-4aa2-9940-1c1ffb689e40: 159 bytes
INFO     backend.api.routes.results:results.py:73 CSV export downloaded for process f3647262-435c-4aa2-9940-1c1ffb689e40 by user test@example.com: 159 bytes
INFO     httpx:_client.py:1025 HTTP Request: GET http://testserver/api/processes/f3647262-435c-4aa2-9940-1c1ffb689e40/export/csv "HTTP/1.1 200 OK"
DEBUG    backend.api.tests.conftest:conftest.py:150 TestClient cleanup completed
DEBUG    backend.api.tests.conftest:conftest.py:120 Test DB cleanup completed
DEBUG    asyncio:proactor_events.py:633 Using proactor: IocpProactor
DEBUG    backend.api.services.auth_service:auth_service.py:61 AuthService initialized with db and settings
INFO     backend.api.routes.auth:auth.py:64 Trying to register new user: test@example.com
INFO     backend.api.services.auth_service:auth_service.py:116 User registered successfully: test@example.com
INFO     backend.api.routes.auth:auth.py:68 User registered successfully: test@example.com
INFO     httpx:_client.py:1025 HTTP Request: POST http://testserver/api/auth/register "HTTP/1.1 201 Created"
DEBUG    backend.api.tests.conftest:conftest.py:369 Test user registered: test@example.com
DEBUG    asyncio:proactor_events.py:633 Using proactor: IocpProactor
DEBUG    backend.api.services.auth_service:auth_service.py:61 AuthService initialized with db and settings
INFO     backend.api.routes.auth:auth.py:105 Trying to login user: test@example.com
DEBUG    backend.api.services.auth_service:auth_service.py:524 Refresh token saved for user 3c205255-8402-4796-b2bf-c6b09e35aa81
INFO     backend.api.services.auth_service:auth_service.py:181 Login successful for user test@example.com
INFO     backend.api.routes.auth:auth.py:109 Login successful for user: test@example.com
INFO     httpx:_client.py:1025 HTTP Request: POST http://testserver/api/auth/login "HTTP/1.1 200 OK"
DEBUG    backend.api.tests.conftest:conftest.py:415 JWT token generated for test user
DEBUG    asyncio:proactor_events.py:633 Using proactor: IocpProactor
DEBUG    backend.api.services.auth_service:auth_service.py:61 AuthService initialized with db and settings
INFO     backend.api.routes.processes:processes.py:64 POST /api/processes | user: test@example.com | title: Backend Developer... | JD length: 107 characters
INFO     backend.api.services.process_service:process_service.py:88 Process created: 5f29b3a1-df7d-48f3-af2c-dc2a77583e60 | title: Backend Developer | JD length: 107 chars
INFO     backend.api.routes.processes:processes.py:79 Process created successfully: 5f29b3a1-df7d-48f3-af2c-dc2a77583e60
INFO     httpx:_client.py:1025 HTTP Request: POST http://testserver/api/processes "HTTP/1.1 201 Created"
DEBUG    backend.api.tests.conftest:conftest.py:482 Test process created: 5f29b3a1-df7d-48f3-af2c-dc2a77583e60
DEBUG    asyncio:proactor_events.py:633 Using proactor: IocpProactor
DEBUG    backend.api.services.auth_service:auth_service.py:61 AuthService initialized with db and settings
INFO     backend.api.routes.results:results.py:399 GET /export/json request for process 5f29b3a1-df7d-48f3-af2c-dc2a77583e60 by user test@example.com
DEBUG    backend.api.services.process_service:process_service.py:177 Retrieved process: 5f29b3a1-df7d-48f3-af2c-dc2a77583e60 | status: ProcessStatus.COMPLETED | owner: 3c205255-8402-4796-b2bf-c6b09e35aa81
DEBUG    backend.api.services.report_service:report_service.py:229 Process 5f29b3a1-df7d-48f3-af2c-dc2a77583e60 validated for export: state ProcessStatus.COMPLETED
DEBUG    backend.api.services.report_service:report_service.py:271 Built candidates list for process 5f29b3a1-df7d-48f3-af2c-dc2a77583e60: 0 candidates
INFO     backend.api.services.report_service:report_service.py:121 Generating JSON export for process 5f29b3a1-df7d-48f3-af2c-dc2a77583e60 with 0 candidates
DEBUG    backend.reports.reporter:reporter.py:37 ReportGenerator initialised. Output: C:\Users\LEANDR~1\AppData\Local\Temp\tmp7q49g221
INFO     backend.reports.reporter:reporter.py:205 JSON report saved: C:\Users\LEANDR~1\AppData\Local\Temp\tmp7q49g221\results_20260511_142136.json
INFO     backend.api.services.report_service:report_service.py:136 JSON export completed for process 5f29b3a1-df7d-48f3-af2c-dc2a77583e60: 197 bytes
INFO     backend.api.routes.results:results.py:73 JSON export downloaded for process 5f29b3a1-df7d-48f3-af2c-dc2a77583e60 by user test@example.com: 197 bytes
INFO     httpx:_client.py:1025 HTTP Request: GET http://testserver/api/processes/5f29b3a1-df7d-48f3-af2c-dc2a77583e60/export/json "HTTP/1.1 200 OK"
DEBUG    backend.api.tests.conftest:conftest.py:150 TestClient cleanup completed
DEBUG    backend.api.tests.conftest:conftest.py:120 Test DB cleanup completed
DEBUG    asyncio:proactor_events.py:633 Using proactor: IocpProactor
DEBUG    backend.api.services.auth_service:auth_service.py:61 AuthService initialized with db and settings
INFO     backend.api.routes.auth:auth.py:64 Trying to register new user: test@example.com
INFO     backend.api.services.auth_service:auth_service.py:116 User registered successfully: test@example.com
INFO     backend.api.routes.auth:auth.py:68 User registered successfully: test@example.com
INFO     httpx:_client.py:1025 HTTP Request: POST http://testserver/api/auth/register "HTTP/1.1 201 Created"
DEBUG    backend.api.tests.conftest:conftest.py:369 Test user registered: test@example.com
DEBUG    asyncio:proactor_events.py:633 Using proactor: IocpProactor
DEBUG    backend.api.services.auth_service:auth_service.py:61 AuthService initialized with db and settings
INFO     backend.api.routes.auth:auth.py:105 Trying to login user: test@example.com
DEBUG    backend.api.services.auth_service:auth_service.py:524 Refresh token saved for user 03774bf4-8756-47f4-a91d-b415c3f32b82
INFO     backend.api.services.auth_service:auth_service.py:181 Login successful for user test@example.com
INFO     backend.api.routes.auth:auth.py:109 Login successful for user: test@example.com
INFO     httpx:_client.py:1025 HTTP Request: POST http://testserver/api/auth/login "HTTP/1.1 200 OK"
DEBUG    backend.api.tests.conftest:conftest.py:415 JWT token generated for test user
DEBUG    asyncio:proactor_events.py:633 Using proactor: IocpProactor
DEBUG    backend.api.services.auth_service:auth_service.py:61 AuthService initialized with db and settings
INFO     backend.api.routes.processes:processes.py:64 POST /api/processes | user: test@example.com | title: Backend Developer... | JD length: 107 characters
INFO     backend.api.services.process_service:process_service.py:88 Process created: f0900168-e0ed-4cc3-a0c4-4b94f4be39c1 | title: Backend Developer | JD length: 107 chars
INFO     backend.api.routes.processes:processes.py:79 Process created successfully: f0900168-e0ed-4cc3-a0c4-4b94f4be39c1
INFO     httpx:_client.py:1025 HTTP Request: POST http://testserver/api/processes "HTTP/1.1 201 Created"
DEBUG    backend.api.tests.conftest:conftest.py:482 Test process created: f0900168-e0ed-4cc3-a0c4-4b94f4be39c1
DEBUG    asyncio:proactor_events.py:633 Using proactor: IocpProactor
DEBUG    backend.api.services.auth_service:auth_service.py:61 AuthService initialized with db and settings
INFO     backend.api.routes.results:results.py:423 GET /export/txt request for process f0900168-e0ed-4cc3-a0c4-4b94f4be39c1 by user test@example.com
DEBUG    backend.api.services.process_service:process_service.py:177 Retrieved process: f0900168-e0ed-4cc3-a0c4-4b94f4be39c1 | status: ProcessStatus.COMPLETED | owner: 03774bf4-8756-47f4-a91d-b415c3f32b82
DEBUG    backend.api.services.report_service:report_service.py:229 Process f0900168-e0ed-4cc3-a0c4-4b94f4be39c1 validated for export: state ProcessStatus.COMPLETED
DEBUG    backend.api.services.report_service:report_service.py:271 Built candidates list for process f0900168-e0ed-4cc3-a0c4-4b94f4be39c1: 0 candidates
INFO     backend.api.services.report_service:report_service.py:172 Generating TXT export for process f0900168-e0ed-4cc3-a0c4-4b94f4be39c1 with 0 candidates
DEBUG    backend.reports.reporter:reporter.py:37 ReportGenerator initialised. Output: C:\Users\LEANDR~1\AppData\Local\Temp\tmp5vhohqc3
INFO     backend.reports.reporter:reporter.py:279 TXT report saved: C:\Users\LEANDR~1\AppData\Local\Temp\tmp5vhohqc3\results_20260511_142136.txt
INFO     backend.api.services.report_service:report_service.py:187 TXT export completed for process f0900168-e0ed-4cc3-a0c4-4b94f4be39c1: 475 bytes
INFO     backend.api.routes.results:results.py:73 TXT export downloaded for process f0900168-e0ed-4cc3-a0c4-4b94f4be39c1 by user test@example.com: 475 bytes
INFO     httpx:_client.py:1025 HTTP Request: GET http://testserver/api/processes/f0900168-e0ed-4cc3-a0c4-4b94f4be39c1/export/txt "HTTP/1.1 200 OK"
DEBUG    backend.api.tests.conftest:conftest.py:150 TestClient cleanup completed
DEBUG    backend.api.tests.conftest:conftest.py:120 Test DB cleanup completed
DEBUG    asyncio:proactor_events.py:633 Using proactor: IocpProactor
DEBUG    backend.api.services.auth_service:auth_service.py:61 AuthService initialized with db and settings
INFO     backend.api.routes.auth:auth.py:64 Trying to register new user: test@example.com
INFO     backend.api.services.auth_service:auth_service.py:116 User registered successfully: test@example.com
INFO     backend.api.routes.auth:auth.py:68 User registered successfully: test@example.com
INFO     httpx:_client.py:1025 HTTP Request: POST http://testserver/api/auth/register "HTTP/1.1 201 Created"
DEBUG    backend.api.tests.conftest:conftest.py:369 Test user registered: test@example.com
DEBUG    asyncio:proactor_events.py:633 Using proactor: IocpProactor
DEBUG    backend.api.services.auth_service:auth_service.py:61 AuthService initialized with db and settings
INFO     backend.api.routes.auth:auth.py:105 Trying to login user: test@example.com
DEBUG    backend.api.services.auth_service:auth_service.py:524 Refresh token saved for user 4eee00ba-c3a7-46da-9d38-865d0e37ca1d
INFO     backend.api.services.auth_service:auth_service.py:181 Login successful for user test@example.com
INFO     backend.api.routes.auth:auth.py:109 Login successful for user: test@example.com
INFO     httpx:_client.py:1025 HTTP Request: POST http://testserver/api/auth/login "HTTP/1.1 200 OK"
DEBUG    backend.api.tests.conftest:conftest.py:415 JWT token generated for test user
DEBUG    asyncio:proactor_events.py:633 Using proactor: IocpProactor
DEBUG    backend.api.services.auth_service:auth_service.py:61 AuthService initialized with db and settings
INFO     backend.api.routes.processes:processes.py:64 POST /api/processes | user: test@example.com | title: Backend Developer... | JD length: 107 characters
INFO     backend.api.services.process_service:process_service.py:88 Process created: 6d318d8a-f1ce-472f-bd6b-27465f1ce176 | title: Backend Developer | JD length: 107 chars
INFO     backend.api.routes.processes:processes.py:79 Process created successfully: 6d318d8a-f1ce-472f-bd6b-27465f1ce176
INFO     httpx:_client.py:1025 HTTP Request: POST http://testserver/api/processes "HTTP/1.1 201 Created"
DEBUG    backend.api.tests.conftest:conftest.py:482 Test process created: 6d318d8a-f1ce-472f-bd6b-27465f1ce176
DEBUG    asyncio:proactor_events.py:633 Using proactor: IocpProactor
DEBUG    backend.api.services.auth_service:auth_service.py:61 AuthService initialized with db and settings
INFO     backend.api.routes.results:results.py:375 GET /export/csv request for process 6d318d8a-f1ce-472f-bd6b-27465f1ce176 by user test@example.com
DEBUG    backend.api.services.process_service:process_service.py:177 Retrieved process: 6d318d8a-f1ce-472f-bd6b-27465f1ce176 | status: ProcessStatus.PROCESSING | owner: 4eee00ba-c3a7-46da-9d38-865d0e37ca1d
WARNING  backend.api.services.report_service:report_service.py:219 Attempted export from process 6d318d8a-f1ce-472f-bd6b-27465f1ce176 in state ProcessStatus.PROCESSING (requires completed)
WARNING  backend.api.main:main.py:153 API error: Cannot export from process in 'ProcessStatus.PROCESSING' state.Process must be completed. | code=VALIDATION_ERROR | status=400 | path=/api/processes/6d318d8a-f1ce-472f-bd6b-27465f1ce176/export/csv
INFO     httpx:_client.py:1025 HTTP Request: GET http://testserver/api/processes/6d318d8a-f1ce-472f-bd6b-27465f1ce176/export/csv "HTTP/1.1 400 Bad Request"
DEBUG    backend.api.tests.conftest:conftest.py:150 TestClient cleanup completed
DEBUG    backend.api.tests.conftest:conftest.py:120 Test DB cleanup completed
DEBUG    asyncio:proactor_events.py:633 Using proactor: IocpProactor
DEBUG    backend.api.services.auth_service:auth_service.py:61 AuthService initialized with db and settings
INFO     backend.api.routes.auth:auth.py:64 Trying to register new user: test@example.com
INFO     backend.api.services.auth_service:auth_service.py:116 User registered successfully: test@example.com
INFO     backend.api.routes.auth:auth.py:68 User registered successfully: test@example.com
INFO     httpx:_client.py:1025 HTTP Request: POST http://testserver/api/auth/register "HTTP/1.1 201 Created"
DEBUG    backend.api.tests.conftest:conftest.py:369 Test user registered: test@example.com
DEBUG    asyncio:proactor_events.py:633 Using proactor: IocpProactor
DEBUG    backend.api.services.auth_service:auth_service.py:61 AuthService initialized with db and settings
INFO     backend.api.routes.auth:auth.py:105 Trying to login user: test@example.com
DEBUG    backend.api.services.auth_service:auth_service.py:524 Refresh token saved for user 9a2b7c48-6ff4-485b-8922-b45da3d1a22f
INFO     backend.api.services.auth_service:auth_service.py:181 Login successful for user test@example.com
INFO     backend.api.routes.auth:auth.py:109 Login successful for user: test@example.com
INFO     httpx:_client.py:1025 HTTP Request: POST http://testserver/api/auth/login "HTTP/1.1 200 OK"
DEBUG    backend.api.tests.conftest:conftest.py:415 JWT token generated for test user
DEBUG    asyncio:proactor_events.py:633 Using proactor: IocpProactor
DEBUG    backend.api.services.auth_service:auth_service.py:61 AuthService initialized with db and settings
INFO     backend.api.routes.processes:processes.py:64 POST /api/processes | user: test@example.com | title: Backend Developer... | JD length: 107 characters
INFO     backend.api.services.process_service:process_service.py:88 Process created: b706ecde-bb5a-4ab6-9882-31affc3d4c94 | title: Backend Developer | JD length: 107 chars
INFO     backend.api.routes.processes:processes.py:79 Process created successfully: b706ecde-bb5a-4ab6-9882-31affc3d4c94
INFO     httpx:_client.py:1025 HTTP Request: POST http://testserver/api/processes "HTTP/1.1 201 Created"
DEBUG    backend.api.tests.conftest:conftest.py:482 Test process created: b706ecde-bb5a-4ab6-9882-31affc3d4c94
DEBUG    asyncio:proactor_events.py:633 Using proactor: IocpProactor
INFO     httpx:_client.py:1025 HTTP Request: GET http://testserver/api/processes/b706ecde-bb5a-4ab6-9882-31affc3d4c94/export/invalid "HTTP/1.1 404 Not Found"
DEBUG    backend.api.tests.conftest:conftest.py:150 TestClient cleanup completed
DEBUG    backend.api.tests.conftest:conftest.py:120 Test DB cleanup completed
DEBUG    asyncio:proactor_events.py:633 Using proactor: IocpProactor
DEBUG    backend.api.services.auth_service:auth_service.py:61 AuthService initialized with db and settings
INFO     backend.api.routes.auth:auth.py:64 Trying to register new user: test@example.com
INFO     backend.api.services.auth_service:auth_service.py:116 User registered successfully: test@example.com
INFO     backend.api.routes.auth:auth.py:68 User registered successfully: test@example.com
INFO     httpx:_client.py:1025 HTTP Request: POST http://testserver/api/auth/register "HTTP/1.1 201 Created"
DEBUG    backend.api.tests.conftest:conftest.py:369 Test user registered: test@example.com
DEBUG    asyncio:proactor_events.py:633 Using proactor: IocpProactor
DEBUG    backend.api.services.auth_service:auth_service.py:61 AuthService initialized with db and settings
INFO     backend.api.routes.auth:auth.py:105 Trying to login user: test@example.com
DEBUG    backend.api.services.auth_service:auth_service.py:524 Refresh token saved for user a6e48bb0-857a-4d5e-ae79-a0ade1c00602
INFO     backend.api.services.auth_service:auth_service.py:181 Login successful for user test@example.com
INFO     backend.api.routes.auth:auth.py:109 Login successful for user: test@example.com
INFO     httpx:_client.py:1025 HTTP Request: POST http://testserver/api/auth/login "HTTP/1.1 200 OK"
DEBUG    backend.api.tests.conftest:conftest.py:415 JWT token generated for test user
DEBUG    asyncio:proactor_events.py:633 Using proactor: IocpProactor
DEBUG    backend.api.services.auth_service:auth_service.py:61 AuthService initialized with db and settings
INFO     backend.api.routes.processes:processes.py:64 POST /api/processes | user: test@example.com | title: Backend Developer... | JD length: 107 characters
INFO     backend.api.services.process_service:process_service.py:88 Process created: e274d455-8da9-4ae1-a062-d3648f0d8089 | title: Backend Developer | JD length: 107 chars
INFO     backend.api.routes.processes:processes.py:79 Process created successfully: e274d455-8da9-4ae1-a062-d3648f0d8089
INFO     httpx:_client.py:1025 HTTP Request: POST http://testserver/api/processes "HTTP/1.1 201 Created"
DEBUG    backend.api.tests.conftest:conftest.py:482 Test process created: e274d455-8da9-4ae1-a062-d3648f0d8089
DEBUG    asyncio:proactor_events.py:633 Using proactor: IocpProactor
DEBUG    backend.api.services.auth_service:auth_service.py:61 AuthService initialized with db and settings
INFO     httpx:_client.py:1025 HTTP Request: GET http://testserver/api/processes/e274d455-8da9-4ae1-a062-d3648f0d8089/export/csv "HTTP/1.1 422 Unprocessable Entity"
DEBUG    backend.api.tests.conftest:conftest.py:150 TestClient cleanup completed
DEBUG    backend.api.tests.conftest:conftest.py:120 Test DB cleanup completed
DEBUG    asyncio:proactor_events.py:633 Using proactor: IocpProactor
DEBUG    backend.api.services.auth_service:auth_service.py:61 AuthService initialized with db and settings
WARNING  backend.api.services.auth_service:auth_service.py:495 JWT error: Signature has expired.
WARNING  backend.api.services.auth_service:auth_service.py:390 Invalid token or missing sub
WARNING  backend.api.main:main.py:153 API error: Invalid token | code=UNAUTHORIZED | status=401 | path=/api/processes
INFO     httpx:_client.py:1025 HTTP Request: GET http://testserver/api/processes "HTTP/1.1 401 Unauthorized"
DEBUG    backend.api.tests.conftest:conftest.py:150 TestClient cleanup completed
DEBUG    backend.api.tests.conftest:conftest.py:120 Test DB cleanup completed
DEBUG    asyncio:proactor_events.py:633 Using proactor: IocpProactor
DEBUG    backend.api.services.auth_service:auth_service.py:61 AuthService initialized with db and settings
INFO     backend.api.routes.auth:auth.py:64 Trying to register new user: test@example.com
INFO     backend.api.services.auth_service:auth_service.py:116 User registered successfully: test@example.com
INFO     backend.api.routes.auth:auth.py:68 User registered successfully: test@example.com
INFO     httpx:_client.py:1025 HTTP Request: POST http://testserver/api/auth/register "HTTP/1.1 201 Created"
DEBUG    backend.api.tests.conftest:conftest.py:369 Test user registered: test@example.com
DEBUG    asyncio:proactor_events.py:633 Using proactor: IocpProactor
DEBUG    backend.api.services.auth_service:auth_service.py:61 AuthService initialized with db and settings
INFO     backend.api.routes.auth:auth.py:105 Trying to login user: test@example.com
DEBUG    backend.api.services.auth_service:auth_service.py:524 Refresh token saved for user 72f4fcea-011b-4338-a68f-3a74c15a69ca
INFO     backend.api.services.auth_service:auth_service.py:181 Login successful for user test@example.com
INFO     backend.api.routes.auth:auth.py:109 Login successful for user: test@example.com
INFO     httpx:_client.py:1025 HTTP Request: POST http://testserver/api/auth/login "HTTP/1.1 200 OK"
DEBUG    backend.api.tests.conftest:conftest.py:415 JWT token generated for test user
DEBUG    backend.api.tests.conftest:conftest.py:771 Tampered JWT token created for testing
DEBUG    asyncio:proactor_events.py:633 Using proactor: IocpProactor
DEBUG    backend.api.services.auth_service:auth_service.py:61 AuthService initialized with db and settings
WARNING  backend.api.services.auth_service:auth_service.py:495 JWT error: Signature verification failed.
WARNING  backend.api.services.auth_service:auth_service.py:390 Invalid token or missing sub
WARNING  backend.api.main:main.py:153 API error: Invalid token | code=UNAUTHORIZED | status=401 | path=/api/processes
INFO     httpx:_client.py:1025 HTTP Request: GET http://testserver/api/processes "HTTP/1.1 401 Unauthorized"
DEBUG    backend.api.tests.conftest:conftest.py:150 TestClient cleanup completed
DEBUG    backend.api.tests.conftest:conftest.py:120 Test DB cleanup completed
DEBUG    asyncio:proactor_events.py:633 Using proactor: IocpProactor
DEBUG    backend.api.services.auth_service:auth_service.py:61 AuthService initialized with db and settings
INFO     httpx:_client.py:1025 HTTP Request: GET http://testserver/api/processes "HTTP/1.1 422 Unprocessable Entity"
DEBUG    backend.api.tests.conftest:conftest.py:150 TestClient cleanup completed
DEBUG    backend.api.tests.conftest:conftest.py:120 Test DB cleanup completed
DEBUG    asyncio:proactor_events.py:633 Using proactor: IocpProactor
DEBUG    backend.api.services.auth_service:auth_service.py:61 AuthService initialized with db and settings
WARNING  backend.api.services.auth_service:auth_service.py:495 JWT error: Invalid header string: 'utf-8' codec can't decode byte 0x9e in position 0: invalid start byte
WARNING  backend.api.services.auth_service:auth_service.py:390 Invalid token or missing sub
WARNING  backend.api.main:main.py:153 API error: Invalid token | code=UNAUTHORIZED | status=401 | path=/api/processes
INFO     httpx:_client.py:1025 HTTP Request: GET http://testserver/api/processes "HTTP/1.1 401 Unauthorized"
DEBUG    backend.api.tests.conftest:conftest.py:150 TestClient cleanup completed
DEBUG    backend.api.tests.conftest:conftest.py:120 Test DB cleanup completed
DEBUG    asyncio:proactor_events.py:633 Using proactor: IocpProactor
DEBUG    backend.api.services.auth_service:auth_service.py:61 AuthService initialized with db and settings
INFO     backend.api.routes.auth:auth.py:64 Trying to register new user: test@example.com
INFO     backend.api.services.auth_service:auth_service.py:116 User registered successfully: test@example.com
INFO     backend.api.routes.auth:auth.py:68 User registered successfully: test@example.com
INFO     httpx:_client.py:1025 HTTP Request: POST http://testserver/api/auth/register "HTTP/1.1 201 Created"
DEBUG    backend.api.tests.conftest:conftest.py:369 Test user registered: test@example.com
DEBUG    asyncio:proactor_events.py:633 Using proactor: IocpProactor
DEBUG    backend.api.services.auth_service:auth_service.py:61 AuthService initialized with db and settings
INFO     backend.api.routes.auth:auth.py:105 Trying to login user: test@example.com
DEBUG    backend.api.services.auth_service:auth_service.py:524 Refresh token saved for user 8b155ed3-1750-4966-9830-94b0d804e94d
INFO     backend.api.services.auth_service:auth_service.py:181 Login successful for user test@example.com
INFO     backend.api.routes.auth:auth.py:109 Login successful for user: test@example.com
INFO     httpx:_client.py:1025 HTTP Request: POST http://testserver/api/auth/login "HTTP/1.1 200 OK"
DEBUG    backend.api.tests.conftest:conftest.py:415 JWT token generated for test user
DEBUG    asyncio:proactor_events.py:633 Using proactor: IocpProactor
DEBUG    backend.api.services.auth_service:auth_service.py:61 AuthService initialized with db and settings
INFO     backend.api.routes.processes:processes.py:129 GET /api/processes | user: test@example.com | page: 0 | limit: 10
DEBUG    backend.api.services.process_service:process_service.py:129 Listed 0 processes for user 8b155ed3-1750-4966-9830-94b0d804e94d from DB.
INFO     backend.api.routes.processes:processes.py:155 Listed 0 processes successfully for user test@example.com
INFO     httpx:_client.py:1025 HTTP Request: GET http://testserver/api/processes "HTTP/1.1 200 OK"
DEBUG    backend.api.tests.conftest:conftest.py:150 TestClient cleanup completed
DEBUG    backend.api.tests.conftest:conftest.py:120 Test DB cleanup completed
DEBUG    asyncio:proactor_events.py:633 Using proactor: IocpProactor
DEBUG    backend.api.services.auth_service:auth_service.py:61 AuthService initialized with db and settings
INFO     backend.api.routes.auth:auth.py:64 Trying to register new user: test@example.com
INFO     backend.api.services.auth_service:auth_service.py:116 User registered successfully: test@example.com
INFO     backend.api.routes.auth:auth.py:68 User registered successfully: test@example.com
INFO     httpx:_client.py:1025 HTTP Request: POST http://testserver/api/auth/register "HTTP/1.1 201 Created"
DEBUG    backend.api.tests.conftest:conftest.py:369 Test user registered: test@example.com
DEBUG    asyncio:proactor_events.py:633 Using proactor: IocpProactor
DEBUG    backend.api.services.auth_service:auth_service.py:61 AuthService initialized with db and settings
INFO     backend.api.routes.auth:auth.py:105 Trying to login user: test@example.com
DEBUG    backend.api.services.auth_service:auth_service.py:524 Refresh token saved for user 186053e8-2dfd-4487-91e9-3504b678a703
INFO     backend.api.services.auth_service:auth_service.py:181 Login successful for user test@example.com
INFO     backend.api.routes.auth:auth.py:109 Login successful for user: test@example.com
INFO     httpx:_client.py:1025 HTTP Request: POST http://testserver/api/auth/login "HTTP/1.1 200 OK"
DEBUG    backend.api.tests.conftest:conftest.py:415 JWT token generated for test user
DEBUG    asyncio:proactor_events.py:633 Using proactor: IocpProactor
DEBUG    backend.api.services.auth_service:auth_service.py:61 AuthService initialized with db and settings
INFO     backend.api.routes.processes:processes.py:129 GET /api/processes | user: test@example.com | page: 0 | limit: 10
DEBUG    backend.api.services.process_service:process_service.py:129 Listed 0 processes for user 186053e8-2dfd-4487-91e9-3504b678a703 from DB.
INFO     backend.api.routes.processes:processes.py:155 Listed 0 processes successfully for user test@example.com
INFO     httpx:_client.py:1025 HTTP Request: GET http://testserver/api/processes "HTTP/1.1 200 OK"
DEBUG    asyncio:proactor_events.py:633 Using proactor: IocpProactor
DEBUG    backend.api.services.auth_service:auth_service.py:61 AuthService initialized with db and settings
INFO     backend.api.routes.auth:auth.py:204 Logout for the user: test@example.com
DEBUG    backend.api.services.auth_service:auth_service.py:541 Token added to blacklist, expires at 2026-05-11 14:21:37.463430+00:00
INFO     backend.api.services.auth_service:auth_service.py:338 Refresh token revoked for user 186053e8-2dfd-4487-91e9-3504b678a703
INFO     backend.api.routes.auth:auth.py:212 Tokens revoked successfully for user: test@example.com
INFO     httpx:_client.py:1025 HTTP Request: POST http://testserver/api/auth/logout "HTTP/1.1 204 No Content"
DEBUG    asyncio:proactor_events.py:633 Using proactor: IocpProactor
DEBUG    backend.api.services.auth_service:auth_service.py:61 AuthService initialized with db and settings
WARNING  backend.api.services.auth_service:auth_service.py:382 Try to access with revoked token
WARNING  backend.api.main:main.py:153 API error: Token has been revoked | code=UNAUTHORIZED | status=401 | path=/api/processes
INFO     httpx:_client.py:1025 HTTP Request: GET http://testserver/api/processes "HTTP/1.1 401 Unauthorized"
DEBUG    backend.api.tests.conftest:conftest.py:150 TestClient cleanup completed
DEBUG    backend.api.tests.conftest:conftest.py:120 Test DB cleanup completed
DEBUG    asyncio:proactor_events.py:633 Using proactor: IocpProactor
DEBUG    backend.api.services.auth_service:auth_service.py:61 AuthService initialized with db and settings
INFO     backend.api.routes.auth:auth.py:64 Trying to register new user: test@example.com
INFO     backend.api.services.auth_service:auth_service.py:116 User registered successfully: test@example.com
INFO     backend.api.routes.auth:auth.py:68 User registered successfully: test@example.com
INFO     httpx:_client.py:1025 HTTP Request: POST http://testserver/api/auth/register "HTTP/1.1 201 Created"
DEBUG    backend.api.tests.conftest:conftest.py:369 Test user registered: test@example.com
DEBUG    asyncio:proactor_events.py:633 Using proactor: IocpProactor
DEBUG    backend.api.services.auth_service:auth_service.py:61 AuthService initialized with db and settings
INFO     backend.api.routes.auth:auth.py:105 Trying to login user: test@example.com
DEBUG    backend.api.services.auth_service:auth_service.py:524 Refresh token saved for user 8002b3d9-eddd-45b1-b5b4-1976dd1bbf01
INFO     backend.api.services.auth_service:auth_service.py:181 Login successful for user test@example.com
INFO     backend.api.routes.auth:auth.py:109 Login successful for user: test@example.com
INFO     httpx:_client.py:1025 HTTP Request: POST http://testserver/api/auth/login "HTTP/1.1 200 OK"
DEBUG    backend.api.tests.conftest:conftest.py:415 JWT token generated for test user
DEBUG    asyncio:proactor_events.py:633 Using proactor: IocpProactor
DEBUG    backend.api.services.auth_service:auth_service.py:61 AuthService initialized with db and settings
INFO     backend.api.routes.processes:processes.py:64 POST /api/processes | user: test@example.com | title: Backend Developer... | JD length: 107 characters
INFO     backend.api.services.process_service:process_service.py:88 Process created: 224d197d-76f2-4774-a23a-64ec7befa9b3 | title: Backend Developer | JD length: 107 chars
INFO     backend.api.routes.processes:processes.py:79 Process created successfully: 224d197d-76f2-4774-a23a-64ec7befa9b3
INFO     httpx:_client.py:1025 HTTP Request: POST http://testserver/api/processes "HTTP/1.1 201 Created"
DEBUG    backend.api.tests.conftest:conftest.py:482 Test process created: 224d197d-76f2-4774-a23a-64ec7befa9b3
DEBUG    asyncio:proactor_events.py:633 Using proactor: IocpProactor
DEBUG    python_multipart.multipart:multipart.py:636 Calling on_part_begin with no data
DEBUG    python_multipart.multipart:multipart.py:633 Calling on_header_field with data[36:55]
DEBUG    python_multipart.multipart:multipart.py:633 Calling on_header_value with data[57:119]
DEBUG    python_multipart.multipart:multipart.py:636 Calling on_header_end with no data
DEBUG    python_multipart.multipart:multipart.py:633 Calling on_header_field with data[121:133]
DEBUG    python_multipart.multipart:multipart.py:633 Calling on_header_value with data[135:150]
DEBUG    python_multipart.multipart:multipart.py:636 Calling on_header_end with no data
DEBUG    python_multipart.multipart:multipart.py:636 Calling on_headers_finished with no data
DEBUG    python_multipart.multipart:multipart.py:633 Calling on_part_data with data[154:266]
DEBUG    python_multipart.multipart:multipart.py:636 Calling on_part_end with no data
DEBUG    python_multipart.multipart:multipart.py:636 Calling on_end with no data
DEBUG    backend.api.services.auth_service:auth_service.py:61 AuthService initialized with db and settings
INFO     backend.api.routes.upload:upload.py:83 POST /api/processes/224d197d-76f2-4774-a23a-64ec7befa9b3/upload | files received: 1
DEBUG    backend.api.routes.upload:upload.py:102 Processing upload for file: ../../../../etc/passwd.pdf | size:112 bytes
DEBUG    backend.api.services.process_service:process_service.py:177 Retrieved process: 224d197d-76f2-4774-a23a-64ec7befa9b3 | status: ProcessStatus.CREATED | owner: 8002b3d9-eddd-45b1-b5b4-1976dd1bbf01
DEBUG    backend.api.services.candidate_service:candidate_service.py:180 Created directory: storage\processes\224d197d-76f2-4774-a23a-64ec7befa9b3\uploads
DEBUG    backend.api.services.candidate_service:candidate_service.py:195 Upload: ../../../../etc/passwd.pdf -> 3333fc4a-acf2-48b8-bc14-f62fe9948a60-etcpasswd.pdf | path: storage\processes\224d197d-76f2-4774-a23a-64ec7befa9b3\uploads\3333fc4a-acf2-48b8-bc14-f62fe9948a60-etcpasswd.pdf
INFO     backend.api.services.candidate_service:candidate_service.py:212 File saved successfully: 3333fc4a-acf2-48b8-bc14-f62fe9948a60-etcpasswd.pdf | size: 112 bytes
INFO     backend.api.services.candidate_service:candidate_service.py:254 Candidate record created: 8cdff700-9bc4-4c05-b92c-78074d67c1c0 | process: 224d197d-76f2-4774-a23a-64ec7befa9b3 | file: 3333fc4a-acf2-48b8-bc14-f62fe9948a60-etcpasswd.pdf
DEBUG    backend.api.services.process_service:process_service.py:177 Retrieved process: 224d197d-76f2-4774-a23a-64ec7befa9b3 | status: ProcessStatus.CREATED | owner: 8002b3d9-eddd-45b1-b5b4-1976dd1bbf01
DEBUG    backend.api.services.process_service:process_service.py:177 Retrieved process: 224d197d-76f2-4774-a23a-64ec7befa9b3 | status: ProcessStatus.CREATED | owner: 8002b3d9-eddd-45b1-b5b4-1976dd1bbf01
INFO     backend.api.services.process_service:process_service.py:270 Status updated: 224d197d-76f2-4774-a23a-64ec7befa9b3 | ProcessStatus.CREATED → files_uploaded
INFO     backend.api.services.candidate_service:candidate_service.py:286 Process marked as files_uploaded: 224d197d-76f2-4774-a23a-64ec7befa9b3
INFO     backend.api.routes.upload:upload.py:122 File uploaded successfully: ../../../../etc/passwd.pdf | candidate: 8cdff700-9bc4-4c05-b92c-78074d67c1c0
INFO     backend.api.routes.upload:upload.py:194 File upload completed for process: 224d197d-76f2-4774-a23a-64ec7befa9b3 | success: 1 | failed: 0
INFO     httpx:_client.py:1025 HTTP Request: POST http://testserver/api/processes/224d197d-76f2-4774-a23a-64ec7befa9b3/upload "HTTP/1.1 200 OK"
DEBUG    backend.api.tests.conftest:conftest.py:150 TestClient cleanup completed
DEBUG    backend.api.tests.conftest:conftest.py:120 Test DB cleanup completed
DEBUG    asyncio:proactor_events.py:633 Using proactor: IocpProactor
DEBUG    backend.api.services.auth_service:auth_service.py:61 AuthService initialized with db and settings
INFO     backend.api.routes.auth:auth.py:64 Trying to register new user: test@example.com
INFO     backend.api.services.auth_service:auth_service.py:116 User registered successfully: test@example.com
INFO     backend.api.routes.auth:auth.py:68 User registered successfully: test@example.com
INFO     httpx:_client.py:1025 HTTP Request: POST http://testserver/api/auth/register "HTTP/1.1 201 Created"
DEBUG    backend.api.tests.conftest:conftest.py:369 Test user registered: test@example.com
DEBUG    asyncio:proactor_events.py:633 Using proactor: IocpProactor
DEBUG    backend.api.services.auth_service:auth_service.py:61 AuthService initialized with db and settings
INFO     backend.api.routes.auth:auth.py:105 Trying to login user: test@example.com
DEBUG    backend.api.services.auth_service:auth_service.py:524 Refresh token saved for user b70f18b1-9d20-48ad-82d3-0b795c0898d7
INFO     backend.api.services.auth_service:auth_service.py:181 Login successful for user test@example.com
INFO     backend.api.routes.auth:auth.py:109 Login successful for user: test@example.com
INFO     httpx:_client.py:1025 HTTP Request: POST http://testserver/api/auth/login "HTTP/1.1 200 OK"
DEBUG    backend.api.tests.conftest:conftest.py:415 JWT token generated for test user
DEBUG    asyncio:proactor_events.py:633 Using proactor: IocpProactor
DEBUG    backend.api.services.auth_service:auth_service.py:61 AuthService initialized with db and settings
INFO     backend.api.routes.processes:processes.py:64 POST /api/processes | user: test@example.com | title: Backend Developer... | JD length: 107 characters
INFO     backend.api.services.process_service:process_service.py:88 Process created: 17774fa7-95d0-4fa3-913d-1a97be5741a9 | title: Backend Developer | JD length: 107 chars
INFO     backend.api.routes.processes:processes.py:79 Process created successfully: 17774fa7-95d0-4fa3-913d-1a97be5741a9
INFO     httpx:_client.py:1025 HTTP Request: POST http://testserver/api/processes "HTTP/1.1 201 Created"
DEBUG    backend.api.tests.conftest:conftest.py:482 Test process created: 17774fa7-95d0-4fa3-913d-1a97be5741a9
DEBUG    asyncio:proactor_events.py:633 Using proactor: IocpProactor
DEBUG    python_multipart.multipart:multipart.py:636 Calling on_part_begin with no data
DEBUG    python_multipart.multipart:multipart.py:633 Calling on_header_field with data[36:55]
DEBUG    python_multipart.multipart:multipart.py:633 Calling on_header_value with data[57:101]
DEBUG    python_multipart.multipart:multipart.py:636 Calling on_header_end with no data
DEBUG    python_multipart.multipart:multipart.py:633 Calling on_header_field with data[103:115]
DEBUG    python_multipart.multipart:multipart.py:633 Calling on_header_value with data[117:132]
DEBUG    python_multipart.multipart:multipart.py:636 Calling on_header_end with no data
DEBUG    python_multipart.multipart:multipart.py:636 Calling on_headers_finished with no data
DEBUG    python_multipart.multipart:multipart.py:633 Calling on_part_data with data[136:166]
DEBUG    python_multipart.multipart:multipart.py:636 Calling on_part_end with no data
DEBUG    python_multipart.multipart:multipart.py:636 Calling on_end with no data
DEBUG    backend.api.services.auth_service:auth_service.py:61 AuthService initialized with db and settings
INFO     backend.api.routes.upload:upload.py:83 POST /api/processes/17774fa7-95d0-4fa3-913d-1a97be5741a9/upload | files received: 1
DEBUG    backend.api.routes.upload:upload.py:102 Processing upload for file: fake.pdf | size:30 bytes
WARNING  backend.api.services.candidate_service:candidate_service.py:98 Validation failed: fake.pdf | validator rejected upload
WARNING  backend.api.routes.upload:upload.py:130 File upload failed: fake.pdf | Error: File 'fake.pdf' has unsupported MIME type. Supported MIME types: text/plain
WARNING  backend.api.routes.upload:upload.py:184 All file uploads failed for process: 17774fa7-95d0-4fa3-913d-1a97be5741a9 | failures: 1
WARNING  backend.api.main:main.py:153 API error: All files failed to upload. Details: ["File 'fake.pdf' has unsupported MIME type. Supported MIME types: text/plain"] | code=VALIDATION_ERROR | status=400 | path=/api/processes/17774fa7-95d0-4fa3-913d-1a97be5741a9/upload
INFO     httpx:_client.py:1025 HTTP Request: POST http://testserver/api/processes/17774fa7-95d0-4fa3-913d-1a97be5741a9/upload "HTTP/1.1 400 Bad Request"
DEBUG    backend.api.tests.conftest:conftest.py:150 TestClient cleanup completed
DEBUG    backend.api.tests.conftest:conftest.py:120 Test DB cleanup completed
DEBUG    asyncio:proactor_events.py:633 Using proactor: IocpProactor
DEBUG    backend.api.services.auth_service:auth_service.py:61 AuthService initialized with db and settings
INFO     backend.api.routes.auth:auth.py:64 Trying to register new user: test@example.com
INFO     backend.api.services.auth_service:auth_service.py:116 User registered successfully: test@example.com
INFO     backend.api.routes.auth:auth.py:68 User registered successfully: test@example.com
INFO     httpx:_client.py:1025 HTTP Request: POST http://testserver/api/auth/register "HTTP/1.1 201 Created"
DEBUG    backend.api.tests.conftest:conftest.py:369 Test user registered: test@example.com
DEBUG    asyncio:proactor_events.py:633 Using proactor: IocpProactor
DEBUG    backend.api.services.auth_service:auth_service.py:61 AuthService initialized with db and settings
INFO     backend.api.routes.auth:auth.py:105 Trying to login user: test@example.com
DEBUG    backend.api.services.auth_service:auth_service.py:524 Refresh token saved for user 1bb75a20-879a-444b-afa4-02fadccb2a6c
INFO     backend.api.services.auth_service:auth_service.py:181 Login successful for user test@example.com
INFO     backend.api.routes.auth:auth.py:109 Login successful for user: test@example.com
INFO     httpx:_client.py:1025 HTTP Request: POST http://testserver/api/auth/login "HTTP/1.1 200 OK"
DEBUG    backend.api.tests.conftest:conftest.py:415 JWT token generated for test user
DEBUG    asyncio:proactor_events.py:633 Using proactor: IocpProactor
DEBUG    backend.api.services.auth_service:auth_service.py:61 AuthService initialized with db and settings
INFO     backend.api.routes.processes:processes.py:64 POST /api/processes | user: test@example.com | title: Backend Developer... | JD length: 107 characters
INFO     backend.api.services.process_service:process_service.py:88 Process created: 8ae3c09a-faad-4fe4-a5c0-4f101cac1af3 | title: Backend Developer | JD length: 107 chars
INFO     backend.api.routes.processes:processes.py:79 Process created successfully: 8ae3c09a-faad-4fe4-a5c0-4f101cac1af3
INFO     httpx:_client.py:1025 HTTP Request: POST http://testserver/api/processes "HTTP/1.1 201 Created"
DEBUG    backend.api.tests.conftest:conftest.py:482 Test process created: 8ae3c09a-faad-4fe4-a5c0-4f101cac1af3
DEBUG    asyncio:proactor_events.py:633 Using proactor: IocpProactor
DEBUG    python_multipart.multipart:multipart.py:636 Calling on_part_begin with no data
DEBUG    python_multipart.multipart:multipart.py:633 Calling on_header_field with data[36:55]
DEBUG    python_multipart.multipart:multipart.py:633 Calling on_header_value with data[57:104]
DEBUG    python_multipart.multipart:multipart.py:636 Calling on_header_end with no data
DEBUG    python_multipart.multipart:multipart.py:633 Calling on_header_field with data[106:118]
DEBUG    python_multipart.multipart:multipart.py:633 Calling on_header_value with data[120:144]
DEBUG    python_multipart.multipart:multipart.py:636 Calling on_header_end with no data
DEBUG    python_multipart.multipart:multipart.py:636 Calling on_headers_finished with no data
DEBUG    python_multipart.multipart:multipart.py:633 Calling on_part_data with data[148:152]
DEBUG    python_multipart.multipart:multipart.py:636 Calling on_part_end with no data
DEBUG    python_multipart.multipart:multipart.py:636 Calling on_end with no data
DEBUG    backend.api.services.auth_service:auth_service.py:61 AuthService initialized with db and settings
INFO     backend.api.routes.upload:upload.py:83 POST /api/processes/8ae3c09a-faad-4fe4-a5c0-4f101cac1af3/upload | files received: 1
DEBUG    backend.api.routes.upload:upload.py:102 Processing upload for file: malware.exe | size:4 bytes
WARNING  backend.api.services.candidate_service:candidate_service.py:98 Validation failed: malware.exe | validator rejected upload
WARNING  backend.api.routes.upload:upload.py:130 File upload failed: malware.exe | Error: File 'malware.exe' has unsupported type or extension. Supported types: .pdf, .docx, .txt
WARNING  backend.api.routes.upload:upload.py:184 All file uploads failed for process: 8ae3c09a-faad-4fe4-a5c0-4f101cac1af3 | failures: 1
WARNING  backend.api.main:main.py:153 API error: All files failed to upload. Details: ["File 'malware.exe' has unsupported type or extension. Supported types: .pdf, .docx, .txt"] | code=VALIDATION_ERROR | status=400 | path=/api/processes/8ae3c09a-faad-4fe4-a5c0-4f101cac1af3/upload
INFO     httpx:_client.py:1025 HTTP Request: POST http://testserver/api/processes/8ae3c09a-faad-4fe4-a5c0-4f101cac1af3/upload "HTTP/1.1 400 Bad Request"
DEBUG    backend.api.tests.conftest:conftest.py:150 TestClient cleanup completed
DEBUG    backend.api.tests.conftest:conftest.py:120 Test DB cleanup completed
DEBUG    asyncio:proactor_events.py:633 Using proactor: IocpProactor
DEBUG    backend.api.services.auth_service:auth_service.py:61 AuthService initialized with db and settings
INFO     backend.api.routes.auth:auth.py:64 Trying to register new user: test@example.com
INFO     backend.api.services.auth_service:auth_service.py:116 User registered successfully: test@example.com
INFO     backend.api.routes.auth:auth.py:68 User registered successfully: test@example.com
INFO     httpx:_client.py:1025 HTTP Request: POST http://testserver/api/auth/register "HTTP/1.1 201 Created"
DEBUG    backend.api.tests.conftest:conftest.py:369 Test user registered: test@example.com
DEBUG    asyncio:proactor_events.py:633 Using proactor: IocpProactor
DEBUG    backend.api.services.auth_service:auth_service.py:61 AuthService initialized with db and settings
INFO     backend.api.routes.auth:auth.py:105 Trying to login user: test@example.com
DEBUG    backend.api.services.auth_service:auth_service.py:524 Refresh token saved for user b9465de0-0e9d-4d06-b6cc-fb154c7a33ed
INFO     backend.api.services.auth_service:auth_service.py:181 Login successful for user test@example.com
INFO     backend.api.routes.auth:auth.py:109 Login successful for user: test@example.com
INFO     httpx:_client.py:1025 HTTP Request: POST http://testserver/api/auth/login "HTTP/1.1 200 OK"
DEBUG    backend.api.tests.conftest:conftest.py:415 JWT token generated for test user
DEBUG    asyncio:proactor_events.py:633 Using proactor: IocpProactor
DEBUG    backend.api.services.auth_service:auth_service.py:61 AuthService initialized with db and settings
INFO     backend.api.routes.processes:processes.py:64 POST /api/processes | user: test@example.com | title: Backend Developer... | JD length: 107 characters
INFO     backend.api.services.process_service:process_service.py:88 Process created: dcc68f17-f8fe-477c-93b6-a565803a894c | title: Backend Developer | JD length: 107 chars
INFO     backend.api.routes.processes:processes.py:79 Process created successfully: dcc68f17-f8fe-477c-93b6-a565803a894c
INFO     httpx:_client.py:1025 HTTP Request: POST http://testserver/api/processes "HTTP/1.1 201 Created"
DEBUG    backend.api.tests.conftest:conftest.py:482 Test process created: dcc68f17-f8fe-477c-93b6-a565803a894c
DEBUG    asyncio:proactor_events.py:633 Using proactor: IocpProactor
DEBUG    python_multipart.multipart:multipart.py:636 Calling on_part_begin with no data
DEBUG    python_multipart.multipart:multipart.py:633 Calling on_header_field with data[36:55]
DEBUG    python_multipart.multipart:multipart.py:633 Calling on_header_value with data[57:101]
DEBUG    python_multipart.multipart:multipart.py:636 Calling on_header_end with no data
DEBUG    python_multipart.multipart:multipart.py:633 Calling on_header_field with data[103:115]
DEBUG    python_multipart.multipart:multipart.py:633 Calling on_header_value with data[117:132]
DEBUG    python_multipart.multipart:multipart.py:636 Calling on_header_end with no data
DEBUG    python_multipart.multipart:multipart.py:636 Calling on_headers_finished with no data
DEBUG    python_multipart.multipart:multipart.py:633 Calling on_part_data with data[136:11534472]
DEBUG    python_multipart.multipart:multipart.py:636 Calling on_part_end with no data
DEBUG    python_multipart.multipart:multipart.py:636 Calling on_end with no data
DEBUG    backend.api.services.auth_service:auth_service.py:61 AuthService initialized with db and settings
INFO     backend.api.routes.upload:upload.py:83 POST /api/processes/dcc68f17-f8fe-477c-93b6-a565803a894c/upload | files received: 1
DEBUG    backend.api.routes.upload:upload.py:102 Processing upload for file: huge.pdf | size:11534336 bytes
WARNING  backend.api.routes.upload:upload.py:130 File upload failed: huge.pdf | Error: File exceeds maximum size of 10 MB
WARNING  backend.api.routes.upload:upload.py:184 All file uploads failed for process: dcc68f17-f8fe-477c-93b6-a565803a894c | failures: 1
WARNING  backend.api.main:main.py:153 API error: All files failed to upload. Details: ['File exceeds maximum size of 10 MB'] | code=VALIDATION_ERROR | status=400 | path=/api/processes/dcc68f17-f8fe-477c-93b6-a565803a894c/upload
INFO     httpx:_client.py:1025 HTTP Request: POST http://testserver/api/processes/dcc68f17-f8fe-477c-93b6-a565803a894c/upload "HTTP/1.1 400 Bad Request"
DEBUG    backend.api.tests.conftest:conftest.py:150 TestClient cleanup completed
DEBUG    backend.api.tests.conftest:conftest.py:120 Test DB cleanup completed
DEBUG    asyncio:proactor_events.py:633 Using proactor: IocpProactor
DEBUG    backend.api.services.auth_service:auth_service.py:61 AuthService initialized with db and settings
INFO     backend.api.routes.auth:auth.py:64 Trying to register new user: test@example.com
INFO     backend.api.services.auth_service:auth_service.py:116 User registered successfully: test@example.com
INFO     backend.api.routes.auth:auth.py:68 User registered successfully: test@example.com
INFO     httpx:_client.py:1025 HTTP Request: POST http://testserver/api/auth/register "HTTP/1.1 201 Created"
DEBUG    backend.api.tests.conftest:conftest.py:369 Test user registered: test@example.com
DEBUG    asyncio:proactor_events.py:633 Using proactor: IocpProactor
DEBUG    backend.api.services.auth_service:auth_service.py:61 AuthService initialized with db and settings
INFO     backend.api.routes.auth:auth.py:105 Trying to login user: test@example.com
DEBUG    backend.api.services.auth_service:auth_service.py:524 Refresh token saved for user 80a0e975-3315-4d5d-be41-fa779637741a
INFO     backend.api.services.auth_service:auth_service.py:181 Login successful for user test@example.com
INFO     backend.api.routes.auth:auth.py:109 Login successful for user: test@example.com
INFO     httpx:_client.py:1025 HTTP Request: POST http://testserver/api/auth/login "HTTP/1.1 200 OK"
DEBUG    backend.api.tests.conftest:conftest.py:415 JWT token generated for test user
DEBUG    asyncio:proactor_events.py:633 Using proactor: IocpProactor
DEBUG    backend.api.services.auth_service:auth_service.py:61 AuthService initialized with db and settings
INFO     httpx:_client.py:1025 HTTP Request: GET http://testserver/api/processes/not-a-uuid-string "HTTP/1.1 422 Unprocessable Entity"
DEBUG    backend.api.tests.conftest:conftest.py:150 TestClient cleanup completed
DEBUG    backend.api.tests.conftest:conftest.py:120 Test DB cleanup completed
DEBUG    asyncio:proactor_events.py:633 Using proactor: IocpProactor
DEBUG    backend.api.services.auth_service:auth_service.py:61 AuthService initialized with db and settings
INFO     backend.api.routes.auth:auth.py:64 Trying to register new user: test@example.com
INFO     backend.api.services.auth_service:auth_service.py:116 User registered successfully: test@example.com
INFO     backend.api.routes.auth:auth.py:68 User registered successfully: test@example.com
INFO     httpx:_client.py:1025 HTTP Request: POST http://testserver/api/auth/register "HTTP/1.1 201 Created"
DEBUG    backend.api.tests.conftest:conftest.py:369 Test user registered: test@example.com
DEBUG    asyncio:proactor_events.py:633 Using proactor: IocpProactor
DEBUG    backend.api.services.auth_service:auth_service.py:61 AuthService initialized with db and settings
INFO     backend.api.routes.auth:auth.py:105 Trying to login user: test@example.com
DEBUG    backend.api.services.auth_service:auth_service.py:524 Refresh token saved for user a32e2bbb-afce-4f94-a99e-8a91e5d945a0
INFO     backend.api.services.auth_service:auth_service.py:181 Login successful for user test@example.com
INFO     backend.api.routes.auth:auth.py:109 Login successful for user: test@example.com
INFO     httpx:_client.py:1025 HTTP Request: POST http://testserver/api/auth/login "HTTP/1.1 200 OK"
DEBUG    backend.api.tests.conftest:conftest.py:415 JWT token generated for test user
DEBUG    asyncio:proactor_events.py:633 Using proactor: IocpProactor
DEBUG    backend.api.services.auth_service:auth_service.py:61 AuthService initialized with db and settings
INFO     httpx:_client.py:1025 HTTP Request: GET http://testserver/api/processes/..\..\admin "HTTP/1.1 422 Unprocessable Entity"
DEBUG    backend.api.tests.conftest:conftest.py:150 TestClient cleanup completed
DEBUG    backend.api.tests.conftest:conftest.py:120 Test DB cleanup completed
DEBUG    asyncio:proactor_events.py:633 Using proactor: IocpProactor
DEBUG    backend.api.services.auth_service:auth_service.py:61 AuthService initialized with db and settings
INFO     backend.api.routes.auth:auth.py:105 Trying to login user: admin@example.com
WARNING  backend.api.services.auth_service:auth_service.py:154 Login failed for user admin@example.com: invalid credentials
WARNING  backend.api.main:main.py:153 API error: Invalid email or password | code=UNAUTHORIZED | status=401 | path=/api/auth/login
INFO     httpx:_client.py:1025 HTTP Request: POST http://testserver/api/auth/login "HTTP/1.1 401 Unauthorized"
DEBUG    backend.api.tests.conftest:conftest.py:150 TestClient cleanup completed
DEBUG    backend.api.tests.conftest:conftest.py:120 Test DB cleanup completed
DEBUG    asyncio:proactor_events.py:633 Using proactor: IocpProactor
DEBUG    backend.api.services.auth_service:auth_service.py:61 AuthService initialized with db and settings
INFO     backend.api.routes.auth:auth.py:105 Trying to login user: admin@example.com
WARNING  backend.api.services.auth_service:auth_service.py:154 Login failed for user admin@example.com: invalid credentials
WARNING  backend.api.main:main.py:153 API error: Invalid email or password | code=UNAUTHORIZED | status=401 | path=/api/auth/login
INFO     httpx:_client.py:1025 HTTP Request: POST http://testserver/api/auth/login "HTTP/1.1 401 Unauthorized"
DEBUG    backend.api.tests.conftest:conftest.py:150 TestClient cleanup completed
DEBUG    backend.api.tests.conftest:conftest.py:120 Test DB cleanup completed
DEBUG    asyncio:proactor_events.py:633 Using proactor: IocpProactor
DEBUG    backend.api.services.auth_service:auth_service.py:61 AuthService initialized with db and settings
INFO     backend.api.routes.auth:auth.py:105 Trying to login user: admin@example.com
WARNING  backend.api.services.auth_service:auth_service.py:154 Login failed for user admin@example.com: invalid credentials
WARNING  backend.api.main:main.py:153 API error: Invalid email or password | code=UNAUTHORIZED | status=401 | path=/api/auth/login
INFO     httpx:_client.py:1025 HTTP Request: POST http://testserver/api/auth/login "HTTP/1.1 401 Unauthorized"
DEBUG    backend.api.tests.conftest:conftest.py:150 TestClient cleanup completed
DEBUG    backend.api.tests.conftest:conftest.py:120 Test DB cleanup completed
DEBUG    asyncio:proactor_events.py:633 Using proactor: IocpProactor
DEBUG    backend.api.services.auth_service:auth_service.py:61 AuthService initialized with db and settings
INFO     backend.api.routes.auth:auth.py:64 Trying to register new user: test@example.com
INFO     backend.api.services.auth_service:auth_service.py:116 User registered successfully: test@example.com
INFO     backend.api.routes.auth:auth.py:68 User registered successfully: test@example.com
INFO     httpx:_client.py:1025 HTTP Request: POST http://testserver/api/auth/register "HTTP/1.1 201 Created"
DEBUG    backend.api.tests.conftest:conftest.py:369 Test user registered: test@example.com
DEBUG    asyncio:proactor_events.py:633 Using proactor: IocpProactor
DEBUG    backend.api.services.auth_service:auth_service.py:61 AuthService initialized with db and settings
INFO     backend.api.routes.auth:auth.py:105 Trying to login user: test@example.com
DEBUG    backend.api.services.auth_service:auth_service.py:524 Refresh token saved for user 9a4f6d7c-7795-42cc-b691-c51e2ac83073
INFO     backend.api.services.auth_service:auth_service.py:181 Login successful for user test@example.com
INFO     backend.api.routes.auth:auth.py:109 Login successful for user: test@example.com
INFO     httpx:_client.py:1025 HTTP Request: POST http://testserver/api/auth/login "HTTP/1.1 200 OK"
DEBUG    backend.api.tests.conftest:conftest.py:415 JWT token generated for test user
DEBUG    asyncio:proactor_events.py:633 Using proactor: IocpProactor
DEBUG    backend.api.services.auth_service:auth_service.py:61 AuthService initialized with db and settings
INFO     backend.api.routes.processes:processes.py:64 POST /api/processes | user: test@example.com | title: Backend Developer... | JD length: 107 characters
INFO     backend.api.services.process_service:process_service.py:88 Process created: 9ae43f30-fd33-40b1-91a0-cd6e8206f7e9 | title: Backend Developer | JD length: 107 chars
INFO     backend.api.routes.processes:processes.py:79 Process created successfully: 9ae43f30-fd33-40b1-91a0-cd6e8206f7e9
INFO     httpx:_client.py:1025 HTTP Request: POST http://testserver/api/processes "HTTP/1.1 201 Created"
DEBUG    backend.api.tests.conftest:conftest.py:482 Test process created: 9ae43f30-fd33-40b1-91a0-cd6e8206f7e9
DEBUG    asyncio:proactor_events.py:633 Using proactor: IocpProactor
DEBUG    backend.api.services.auth_service:auth_service.py:61 AuthService initialized with db and settings
DEBUG    backend.api.routes.processes:processes.py:272 GET /api/processes/9ae43f30-fd33-40b1-91a0-cd6e8206f7e9 | user: test@example.com
DEBUG    backend.api.services.process_service:process_service.py:177 Retrieved process: 9ae43f30-fd33-40b1-91a0-cd6e8206f7e9 | status: ProcessStatus.CREATED | owner: 9a4f6d7c-7795-42cc-b691-c51e2ac83073
INFO     backend.api.routes.processes:processes.py:280 Process 9ae43f30-fd33-40b1-91a0-cd6e8206f7e9 retrieved successfully for user test@example.com | status: ProcessStatus.CREATED
INFO     httpx:_client.py:1025 HTTP Request: GET http://testserver/api/processes/9ae43f30-fd33-40b1-91a0-cd6e8206f7e9 "HTTP/1.1 200 OK"
DEBUG    backend.api.tests.conftest:conftest.py:150 TestClient cleanup completed
DEBUG    backend.api.tests.conftest:conftest.py:120 Test DB cleanup completed
DEBUG    asyncio:proactor_events.py:633 Using proactor: IocpProactor
DEBUG    backend.api.services.auth_service:auth_service.py:61 AuthService initialized with db and settings
INFO     backend.api.routes.auth:auth.py:64 Trying to register new user: test@example.com
INFO     backend.api.services.auth_service:auth_service.py:116 User registered successfully: test@example.com
INFO     backend.api.routes.auth:auth.py:68 User registered successfully: test@example.com
INFO     httpx:_client.py:1025 HTTP Request: POST http://testserver/api/auth/register "HTTP/1.1 201 Created"
DEBUG    backend.api.tests.conftest:conftest.py:369 Test user registered: test@example.com
DEBUG    asyncio:proactor_events.py:633 Using proactor: IocpProactor
DEBUG    backend.api.services.auth_service:auth_service.py:61 AuthService initialized with db and settings
INFO     backend.api.routes.auth:auth.py:105 Trying to login user: test@example.com
DEBUG    backend.api.services.auth_service:auth_service.py:524 Refresh token saved for user ef734410-682e-477d-b5e8-736702b1a269
INFO     backend.api.services.auth_service:auth_service.py:181 Login successful for user test@example.com
INFO     backend.api.routes.auth:auth.py:109 Login successful for user: test@example.com
INFO     httpx:_client.py:1025 HTTP Request: POST http://testserver/api/auth/login "HTTP/1.1 200 OK"
DEBUG    backend.api.tests.conftest:conftest.py:415 JWT token generated for test user
DEBUG    asyncio:proactor_events.py:633 Using proactor: IocpProactor
DEBUG    backend.api.services.auth_service:auth_service.py:61 AuthService initialized with db and settings
INFO     backend.api.routes.processes:processes.py:64 POST /api/processes | user: test@example.com | title: Backend Developer... | JD length: 107 characters
INFO     backend.api.services.process_service:process_service.py:88 Process created: b010eea8-c6a9-4cdc-882e-4da2c4e70048 | title: Backend Developer | JD length: 107 chars
INFO     backend.api.routes.processes:processes.py:79 Process created successfully: b010eea8-c6a9-4cdc-882e-4da2c4e70048
INFO     httpx:_client.py:1025 HTTP Request: POST http://testserver/api/processes "HTTP/1.1 201 Created"
DEBUG    backend.api.tests.conftest:conftest.py:482 Test process created: b010eea8-c6a9-4cdc-882e-4da2c4e70048
DEBUG    asyncio:proactor_events.py:633 Using proactor: IocpProactor
DEBUG    backend.api.services.auth_service:auth_service.py:61 AuthService initialized with db and settings
INFO     backend.api.routes.results:results.py:375 GET /export/csv request for process b010eea8-c6a9-4cdc-882e-4da2c4e70048 by user test@example.com
DEBUG    backend.api.services.process_service:process_service.py:177 Retrieved process: b010eea8-c6a9-4cdc-882e-4da2c4e70048 | status: ProcessStatus.COMPLETED | owner: ef734410-682e-477d-b5e8-736702b1a269
DEBUG    backend.api.services.report_service:report_service.py:229 Process b010eea8-c6a9-4cdc-882e-4da2c4e70048 validated for export: state ProcessStatus.COMPLETED
DEBUG    backend.api.services.report_service:report_service.py:271 Built candidates list for process b010eea8-c6a9-4cdc-882e-4da2c4e70048: 1 candidates
INFO     backend.api.services.report_service:report_service.py:72 Generating CSV export for process b010eea8-c6a9-4cdc-882e-4da2c4e70048 with 1 candidates
DEBUG    backend.reports.reporter:reporter.py:37 ReportGenerator initialised. Output: C:\Users\LEANDR~1\AppData\Local\Temp\tmp01iqkcni
INFO     backend.reports.reporter:reporter.py:155 CSV report saved: C:\Users\LEANDR~1\AppData\Local\Temp\tmp01iqkcni\results_20260511_142138.csv
INFO     backend.api.services.report_service:report_service.py:87 CSV export completed for process b010eea8-c6a9-4cdc-882e-4da2c4e70048: 204 bytes
INFO     backend.api.routes.results:results.py:73 CSV export downloaded for process b010eea8-c6a9-4cdc-882e-4da2c4e70048 by user test@example.com: 204 bytes
INFO     httpx:_client.py:1025 HTTP Request: GET http://testserver/api/processes/b010eea8-c6a9-4cdc-882e-4da2c4e70048/export/csv "HTTP/1.1 200 OK"
DEBUG    backend.api.tests.conftest:conftest.py:150 TestClient cleanup completed
DEBUG    backend.api.tests.conftest:conftest.py:120 Test DB cleanup completed
DEBUG    asyncio:proactor_events.py:633 Using proactor: IocpProactor
DEBUG    backend.api.services.auth_service:auth_service.py:61 AuthService initialized with db and settings
INFO     backend.api.routes.auth:auth.py:64 Trying to register new user: test@example.com
INFO     backend.api.services.auth_service:auth_service.py:116 User registered successfully: test@example.com
INFO     backend.api.routes.auth:auth.py:68 User registered successfully: test@example.com
INFO     httpx:_client.py:1025 HTTP Request: POST http://testserver/api/auth/register "HTTP/1.1 201 Created"
DEBUG    backend.api.tests.conftest:conftest.py:369 Test user registered: test@example.com
DEBUG    asyncio:proactor_events.py:633 Using proactor: IocpProactor
DEBUG    backend.api.services.auth_service:auth_service.py:61 AuthService initialized with db and settings
INFO     backend.api.routes.auth:auth.py:105 Trying to login user: test@example.com
DEBUG    backend.api.services.auth_service:auth_service.py:524 Refresh token saved for user 36df0636-e286-4c62-a24d-317d22cb57ad
INFO     backend.api.services.auth_service:auth_service.py:181 Login successful for user test@example.com
INFO     backend.api.routes.auth:auth.py:109 Login successful for user: test@example.com
INFO     httpx:_client.py:1025 HTTP Request: POST http://testserver/api/auth/login "HTTP/1.1 200 OK"
DEBUG    backend.api.tests.conftest:conftest.py:415 JWT token generated for test user
DEBUG    asyncio:proactor_events.py:633 Using proactor: IocpProactor
DEBUG    backend.api.services.auth_service:auth_service.py:61 AuthService initialized with db and settings
INFO     backend.api.routes.processes:processes.py:129 GET /api/processes | user: test@example.com | page: 0 | limit: 10
DEBUG    backend.api.services.process_service:process_service.py:129 Listed 0 processes for user 36df0636-e286-4c62-a24d-317d22cb57ad from DB.
INFO     backend.api.routes.processes:processes.py:155 Listed 0 processes successfully for user test@example.com
INFO     httpx:_client.py:1025 HTTP Request: GET http://testserver/api/processes "HTTP/1.1 200 OK"
DEBUG    backend.api.tests.conftest:conftest.py:150 TestClient cleanup completed
DEBUG    backend.api.tests.conftest:conftest.py:120 Test DB cleanup completed
DEBUG    asyncio:proactor_events.py:633 Using proactor: IocpProactor
DEBUG    backend.api.services.auth_service:auth_service.py:61 AuthService initialized with db and settings
INFO     backend.api.routes.auth:auth.py:105 Trying to login user: admin@example.com
WARNING  backend.api.services.auth_service:auth_service.py:154 Login failed for user admin@example.com: invalid credentials
WARNING  backend.api.main:main.py:153 API error: Invalid email or password | code=UNAUTHORIZED | status=401 | path=/api/auth/login
INFO     httpx:_client.py:1025 HTTP Request: POST http://testserver/api/auth/login "HTTP/1.1 401 Unauthorized"
DEBUG    asyncio:proactor_events.py:633 Using proactor: IocpProactor
DEBUG    backend.api.services.auth_service:auth_service.py:61 AuthService initialized with db and settings
INFO     backend.api.routes.auth:auth.py:105 Trying to login user: admin@example.com
WARNING  backend.api.services.auth_service:auth_service.py:154 Login failed for user admin@example.com: invalid credentials
WARNING  backend.api.main:main.py:153 API error: Invalid email or password | code=UNAUTHORIZED | status=401 | path=/api/auth/login
INFO     httpx:_client.py:1025 HTTP Request: POST http://testserver/api/auth/login "HTTP/1.1 401 Unauthorized"
DEBUG    asyncio:proactor_events.py:633 Using proactor: IocpProactor
DEBUG    backend.api.services.auth_service:auth_service.py:61 AuthService initialized with db and settings
INFO     backend.api.routes.auth:auth.py:105 Trying to login user: admin@example.com
WARNING  backend.api.services.auth_service:auth_service.py:154 Login failed for user admin@example.com: invalid credentials
WARNING  backend.api.main:main.py:153 API error: Invalid email or password | code=UNAUTHORIZED | status=401 | path=/api/auth/login
INFO     httpx:_client.py:1025 HTTP Request: POST http://testserver/api/auth/login "HTTP/1.1 401 Unauthorized"
DEBUG    asyncio:proactor_events.py:633 Using proactor: IocpProactor
DEBUG    backend.api.services.auth_service:auth_service.py:61 AuthService initialized with db and settings
WARNING  backend.api.main:main.py:153 API error: Rate limit exceeded for 'login'. Try again later. | code=RATE_LIMITED | status=429 | path=/api/auth/login
INFO     httpx:_client.py:1025 HTTP Request: POST http://testserver/api/auth/login "HTTP/1.1 429 Too Many Requests"
DEBUG    backend.api.tests.conftest:conftest.py:150 TestClient cleanup completed
DEBUG    backend.api.tests.conftest:conftest.py:120 Test DB cleanup completed
DEBUG    backend.api.services.auth_service:auth_service.py:61 AuthService initialized with db and settings
INFO     backend.api.services.auth_service:auth_service.py:116 User registered successfully: new_user@example.com
DEBUG    backend.api.tests.conftest:conftest.py:120 Test DB cleanup completed
DEBUG    backend.api.services.auth_service:auth_service.py:61 AuthService initialized with db and settings
INFO     backend.api.services.auth_service:auth_service.py:116 User registered successfully: direct_user@example.com
DEBUG    backend.api.tests.conftest:conftest.py:325 Test user created directly in DB: direct_user@example.com
WARNING  backend.api.services.auth_service:auth_service.py:91 Email already registered: direct_user@example.com
DEBUG    backend.api.tests.conftest:conftest.py:120 Test DB cleanup completed
DEBUG    backend.api.services.auth_service:auth_service.py:61 AuthService initialized with db and settings
INFO     backend.api.services.auth_service:auth_service.py:116 User registered successfully: direct_user@example.com
DEBUG    backend.api.tests.conftest:conftest.py:325 Test user created directly in DB: direct_user@example.com
DEBUG    backend.api.services.auth_service:auth_service.py:524 Refresh token saved for user 6e13edae-c16d-44cb-affb-92d22cf593fd
INFO     backend.api.services.auth_service:auth_service.py:181 Login successful for user direct_user@example.com
DEBUG    backend.api.tests.conftest:conftest.py:120 Test DB cleanup completed
DEBUG    backend.api.services.auth_service:auth_service.py:61 AuthService initialized with db and settings
INFO     backend.api.services.auth_service:auth_service.py:116 User registered successfully: direct_user@example.com
DEBUG    backend.api.tests.conftest:conftest.py:325 Test user created directly in DB: direct_user@example.com
WARNING  backend.api.services.auth_service:auth_service.py:154 Login failed for user direct_user@example.com: invalid credentials
DEBUG    backend.api.tests.conftest:conftest.py:120 Test DB cleanup completed
DEBUG    backend.api.services.auth_service:auth_service.py:61 AuthService initialized with db and settings
WARNING  backend.api.services.auth_service:auth_service.py:154 Login failed for user unknown@example.com: invalid credentials
DEBUG    backend.api.tests.conftest:conftest.py:120 Test DB cleanup completed
DEBUG    backend.api.services.auth_service:auth_service.py:61 AuthService initialized with db and settings
INFO     backend.api.services.auth_service:auth_service.py:116 User registered successfully: direct_user@example.com
DEBUG    backend.api.tests.conftest:conftest.py:325 Test user created directly in DB: direct_user@example.com
DEBUG    backend.api.services.auth_service:auth_service.py:524 Refresh token saved for user 7c38bed6-6ea1-4a1b-84c3-2511a4c8f14c
INFO     backend.api.services.auth_service:auth_service.py:181 Login successful for user direct_user@example.com
INFO     backend.api.services.auth_service:auth_service.py:275 Access token refreshed for user direct_user@example.com
DEBUG    backend.api.tests.conftest:conftest.py:120 Test DB cleanup completed
DEBUG    backend.api.services.auth_service:auth_service.py:61 AuthService initialized with db and settings
WARNING  backend.api.services.auth_service:auth_service.py:228 Refresh token not found in DB
DEBUG    backend.api.tests.conftest:conftest.py:120 Test DB cleanup completed
DEBUG    backend.api.services.auth_service:auth_service.py:61 AuthService initialized with db and settings
INFO     backend.api.services.auth_service:auth_service.py:116 User registered successfully: direct_user@example.com
DEBUG    backend.api.tests.conftest:conftest.py:325 Test user created directly in DB: direct_user@example.com
DEBUG    backend.api.services.auth_service:auth_service.py:524 Refresh token saved for user b0f585b3-af66-48b4-80d4-636905ead968
INFO     backend.api.services.auth_service:auth_service.py:181 Login successful for user direct_user@example.com
DEBUG    backend.api.services.auth_service:auth_service.py:541 Token added to blacklist, expires at 2026-05-11 14:21:39.733215+00:00
DEBUG    backend.api.services.auth_service:auth_service.py:541 Token added to blacklist, expires at 2026-05-18 13:21:39.734096+00:00
INFO     backend.api.services.auth_service:auth_service.py:338 Refresh token revoked for user b0f585b3-af66-48b4-80d4-636905ead968
WARNING  backend.api.services.auth_service:auth_service.py:216 Try to refresh revoked refresh token
DEBUG    backend.api.tests.conftest:conftest.py:120 Test DB cleanup completed
DEBUG    backend.api.services.auth_service:auth_service.py:61 AuthService initialized with db and settings
INFO     backend.api.services.auth_service:auth_service.py:116 User registered successfully: direct_user@example.com
DEBUG    backend.api.tests.conftest:conftest.py:325 Test user created directly in DB: direct_user@example.com
DEBUG    asyncio:proactor_events.py:633 Using proactor: IocpProactor
DEBUG    backend.api.services.auth_service:auth_service.py:524 Refresh token saved for user cc2b941c-202c-486e-9476-fb835839cd79
INFO     backend.api.services.auth_service:auth_service.py:181 Login successful for user direct_user@example.com
DEBUG    backend.api.tests.conftest:conftest.py:120 Test DB cleanup completed
DEBUG    backend.api.services.auth_service:auth_service.py:61 AuthService initialized with db and settings
DEBUG    asyncio:proactor_events.py:633 Using proactor: IocpProactor
WARNING  backend.api.services.auth_service:auth_service.py:374 Invalid authorization header
DEBUG    backend.api.tests.conftest:conftest.py:120 Test DB cleanup completed
DEBUG    backend.api.services.auth_service:auth_service.py:61 AuthService initialized with db and settings
DEBUG    asyncio:proactor_events.py:633 Using proactor: IocpProactor
WARNING  backend.api.services.auth_service:auth_service.py:495 JWT error: Signature has expired.
WARNING  backend.api.services.auth_service:auth_service.py:390 Invalid token or missing sub
DEBUG    backend.api.tests.conftest:conftest.py:120 Test DB cleanup completed
DEBUG    backend.api.tests.conftest:conftest.py:120 Test DB cleanup completed
WARNING  backend.api.services.candidate_service:candidate_service.py:98 Validation failed: virus.exe | validator rejected upload
DEBUG    backend.api.tests.conftest:conftest.py:120 Test DB cleanup completed
DEBUG    backend.api.tests.conftest:conftest.py:120 Test DB cleanup completed
DEBUG    backend.api.services.auth_service:auth_service.py:61 AuthService initialized with db and settings
INFO     backend.api.services.auth_service:auth_service.py:116 User registered successfully: direct_user@example.com
DEBUG    backend.api.tests.conftest:conftest.py:325 Test user created directly in DB: direct_user@example.com
INFO     backend.api.services.process_service:process_service.py:88 Process created: d043d146-20b0-431e-951a-aee2463310c2 | title: Senior Backend Developer | JD length: 47 chars
DEBUG    backend.api.services.process_service:process_service.py:177 Retrieved process: d043d146-20b0-431e-951a-aee2463310c2 | status: ProcessStatus.CREATED | owner: 6157aa97-90c7-4d22-9502-8642a660e271
DEBUG    backend.api.services.candidate_service:candidate_service.py:180 Created directory: C:\Users\Leandro Alves\AppData\Local\Temp\pytest-of-Leandro Alves\pytest-45\test_save_file_success0\processes\d043d146-20b0-431e-951a-aee2463310c2\uploads
DEBUG    backend.api.services.candidate_service:candidate_service.py:195 Upload: alice_smith_cv.pdf -> 6e3864ed-8b55-4447-98ac-87fcb313203c-alice_smith_cv.pdf | path: C:\Users\Leandro Alves\AppData\Local\Temp\pytest-of-Leandro Alves\pytest-45\test_save_file_success0\processes\d043d146-20b0-431e-951a-aee2463310c2\uploads\6e3864ed-8b55-4447-98ac-87fcb313203c-alice_smith_cv.pdf
INFO     backend.api.services.candidate_service:candidate_service.py:212 File saved successfully: 6e3864ed-8b55-4447-98ac-87fcb313203c-alice_smith_cv.pdf | size: 5000 bytes
INFO     backend.api.services.candidate_service:candidate_service.py:254 Candidate record created: cda7d52a-8267-486d-b30c-28fe10413ba1 | process: d043d146-20b0-431e-951a-aee2463310c2 | file: 6e3864ed-8b55-4447-98ac-87fcb313203c-alice_smith_cv.pdf
DEBUG    backend.api.services.process_service:process_service.py:177 Retrieved process: d043d146-20b0-431e-951a-aee2463310c2 | status: ProcessStatus.CREATED | owner: 6157aa97-90c7-4d22-9502-8642a660e271
DEBUG    backend.api.services.process_service:process_service.py:177 Retrieved process: d043d146-20b0-431e-951a-aee2463310c2 | status: ProcessStatus.CREATED | owner: 6157aa97-90c7-4d22-9502-8642a660e271
INFO     backend.api.services.process_service:process_service.py:270 Status updated: d043d146-20b0-431e-951a-aee2463310c2 | ProcessStatus.CREATED → files_uploaded
INFO     backend.api.services.candidate_service:candidate_service.py:286 Process marked as files_uploaded: d043d146-20b0-431e-951a-aee2463310c2
DEBUG    backend.api.services.process_service:process_service.py:177 Retrieved process: d043d146-20b0-431e-951a-aee2463310c2 | status: ProcessStatus.FILES_UPLOADED | owner: 6157aa97-90c7-4d22-9502-8642a660e271
DEBUG    backend.api.tests.conftest:conftest.py:120 Test DB cleanup completed
DEBUG    backend.api.services.auth_service:auth_service.py:61 AuthService initialized with db and settings
INFO     backend.api.services.auth_service:auth_service.py:116 User registered successfully: direct_user@example.com
DEBUG    backend.api.tests.conftest:conftest.py:325 Test user created directly in DB: direct_user@example.com
WARNING  backend.api.services.process_service:process_service.py:163 Process not found: 00000000-0000-0000-0000-000000000000
WARNING  backend.api.services.candidate_service:candidate_service.py:158 Try to upload for a inexistent process: 00000000-0000-0000-0000-000000000000
DEBUG    backend.api.tests.conftest:conftest.py:120 Test DB cleanup completed
DEBUG    backend.api.services.auth_service:auth_service.py:61 AuthService initialized with db and settings
INFO     backend.api.services.auth_service:auth_service.py:116 User registered successfully: direct_user@example.com
DEBUG    backend.api.tests.conftest:conftest.py:325 Test user created directly in DB: direct_user@example.com
INFO     backend.api.services.process_service:process_service.py:88 Process created: 46dc0c5e-f04d-47a4-89d6-9fbf3e59cbc4 | title: Senior Backend Developer | JD length: 47 chars
WARNING  backend.api.services.process_service:process_service.py:168 Access denied: user a225a720-0885-4b69-a000-f6e81b9429a9 tried to access process 46dc0c5e-f04d-47a4-89d6-9fbf3e59cbc4
DEBUG    backend.api.tests.conftest:conftest.py:120 Test DB cleanup completed
DEBUG    backend.api.services.auth_service:auth_service.py:61 AuthService initialized with db and settings
INFO     backend.api.services.auth_service:auth_service.py:116 User registered successfully: direct_user@example.com
DEBUG    backend.api.tests.conftest:conftest.py:325 Test user created directly in DB: direct_user@example.com
INFO     backend.api.services.process_service:process_service.py:88 Process created: ecf50ecc-8056-49a9-a51e-87e2a0b80bac | title: Senior Backend Developer | JD length: 15 chars
DEBUG    backend.api.services.process_service:process_service.py:177 Retrieved process: ecf50ecc-8056-49a9-a51e-87e2a0b80bac | status: ProcessStatus.CREATED | owner: 5d091ce0-e42c-411c-a7fe-fb249c9df81a
INFO     backend.api.services.process_service:process_service.py:270 Status updated: ecf50ecc-8056-49a9-a51e-87e2a0b80bac | ProcessStatus.CREATED → files_uploaded
DEBUG    backend.api.services.process_service:process_service.py:177 Retrieved process: ecf50ecc-8056-49a9-a51e-87e2a0b80bac | status: ProcessStatus.FILES_UPLOADED | owner: 5d091ce0-e42c-411c-a7fe-fb249c9df81a
INFO     backend.api.services.process_service:process_service.py:270 Status updated: ecf50ecc-8056-49a9-a51e-87e2a0b80bac | ProcessStatus.FILES_UPLOADED → processing
DEBUG    backend.api.services.process_service:process_service.py:177 Retrieved process: ecf50ecc-8056-49a9-a51e-87e2a0b80bac | status: ProcessStatus.PROCESSING | owner: 5d091ce0-e42c-411c-a7fe-fb249c9df81a
WARNING  backend.api.services.candidate_service:candidate_service.py:166 Try to upload for a process in 'processing' state: ecf50ecc-8056-49a9-a51e-87e2a0b80bac
DEBUG    backend.api.tests.conftest:conftest.py:120 Test DB cleanup completed
DEBUG    backend.api.services.auth_service:auth_service.py:61 AuthService initialized with db and settings
INFO     backend.api.services.auth_service:auth_service.py:116 User registered successfully: direct_user@example.com
DEBUG    backend.api.tests.conftest:conftest.py:325 Test user created directly in DB: direct_user@example.com
INFO     backend.api.services.process_service:process_service.py:88 Process created: fe72ab92-9f2d-44eb-be08-ed9cafcc0c3e | title: Senior Backend Developer | JD length: 47 chars
DEBUG    backend.api.tests.conftest:conftest.py:628 Created 5 test candidates for process fe72ab92-9f2d-44eb-be08-ed9cafcc0c3e with owner b30ec2b9-cc10-42c3-89f7-2d152e3a06b8
DEBUG    backend.api.services.process_service:process_service.py:177 Retrieved process: fe72ab92-9f2d-44eb-be08-ed9cafcc0c3e | status: ProcessStatus.CREATED | owner: b30ec2b9-cc10-42c3-89f7-2d152e3a06b8
DEBUG    backend.api.services.candidate_service:candidate_service.py:368 List 5 candidates for process: fe72ab92-9f2d-44eb-be08-ed9cafcc0c3e
DEBUG    backend.api.tests.conftest:conftest.py:120 Test DB cleanup completed
DEBUG    backend.api.services.auth_service:auth_service.py:61 AuthService initialized with db and settings
INFO     backend.api.services.auth_service:auth_service.py:116 User registered successfully: direct_user@example.com
DEBUG    backend.api.tests.conftest:conftest.py:325 Test user created directly in DB: direct_user@example.com
INFO     backend.api.services.process_service:process_service.py:88 Process created: 856b709c-47fd-4bda-be24-cc8f4f39d01f | title: Senior Backend Developer | JD length: 47 chars
DEBUG    backend.api.tests.conftest:conftest.py:628 Created 5 test candidates for process 856b709c-47fd-4bda-be24-cc8f4f39d01f with owner 3617eafc-b115-4da6-9c1b-f907c8e508e4
WARNING  backend.api.services.process_service:process_service.py:168 Access denied: user 5724b42f-080e-41ec-ab1e-aca34e90db49 tried to access process 856b709c-47fd-4bda-be24-cc8f4f39d01f
DEBUG    backend.api.tests.conftest:conftest.py:120 Test DB cleanup completed
DEBUG    backend.api.services.auth_service:auth_service.py:61 AuthService initialized with db and settings
INFO     backend.api.services.auth_service:auth_service.py:116 User registered successfully: direct_user@example.com
DEBUG    backend.api.tests.conftest:conftest.py:325 Test user created directly in DB: direct_user@example.com
INFO     backend.api.services.process_service:process_service.py:88 Process created: 8e8aaf5b-426c-4395-a7ef-6d9fef2538dc | title: Senior Backend Developer | JD length: 99 chars
DEBUG    backend.api.tests.conftest:conftest.py:120 Test DB cleanup completed
WARNING  backend.api.services.process_service:process_service.py:70 Attempted to create process with empty job description.
DEBUG    backend.api.tests.conftest:conftest.py:120 Test DB cleanup completed
WARNING  backend.api.services.process_service:process_service.py:66 Attempted to create process with empty title.
DEBUG    backend.api.tests.conftest:conftest.py:120 Test DB cleanup completed
DEBUG    backend.api.services.auth_service:auth_service.py:61 AuthService initialized with db and settings
INFO     backend.api.services.auth_service:auth_service.py:116 User registered successfully: direct_user@example.com
DEBUG    backend.api.tests.conftest:conftest.py:325 Test user created directly in DB: direct_user@example.com
INFO     backend.api.services.process_service:process_service.py:88 Process created: 439cc5cf-8956-4871-9908-f08754bf4291 | title: Backend Developer | JD length: 30 chars
DEBUG    backend.api.services.process_service:process_service.py:177 Retrieved process: 439cc5cf-8956-4871-9908-f08754bf4291 | status: ProcessStatus.CREATED | owner: 9bae424d-3e87-4760-af67-9ed45a1ab3ef
DEBUG    backend.api.tests.conftest:conftest.py:120 Test DB cleanup completed
WARNING  backend.api.services.process_service:process_service.py:163 Process not found: f3924652-1332-453e-8635-0a449f944ac8
DEBUG    backend.api.tests.conftest:conftest.py:120 Test DB cleanup completed
DEBUG    backend.api.services.auth_service:auth_service.py:61 AuthService initialized with db and settings
INFO     backend.api.services.auth_service:auth_service.py:116 User registered successfully: direct_user@example.com
DEBUG    backend.api.tests.conftest:conftest.py:325 Test user created directly in DB: direct_user@example.com
INFO     backend.api.services.process_service:process_service.py:88 Process created: 76914ff5-45e5-450c-951a-9ad13a77bd77 | title: Backend Developer | JD length: 15 chars
WARNING  backend.api.services.process_service:process_service.py:168 Access denied: user ca2531ea-8193-408f-8b59-ee706a08ded6 tried to access process 76914ff5-45e5-450c-951a-9ad13a77bd77
DEBUG    backend.api.tests.conftest:conftest.py:120 Test DB cleanup completed
DEBUG    backend.api.services.auth_service:auth_service.py:61 AuthService initialized with db and settings
INFO     backend.api.services.auth_service:auth_service.py:116 User registered successfully: direct_user@example.com
DEBUG    backend.api.tests.conftest:conftest.py:325 Test user created directly in DB: direct_user@example.com
DEBUG    backend.api.services.process_service:process_service.py:129 Listed 0 processes for user a54b8149-b548-488d-8a9d-31080b82aa7e from DB.
DEBUG    backend.api.tests.conftest:conftest.py:120 Test DB cleanup completed
DEBUG    backend.api.services.auth_service:auth_service.py:61 AuthService initialized with db and settings
INFO     backend.api.services.auth_service:auth_service.py:116 User registered successfully: direct_user@example.com
DEBUG    backend.api.tests.conftest:conftest.py:325 Test user created directly in DB: direct_user@example.com
INFO     backend.api.services.process_service:process_service.py:88 Process created: 82ec9896-308b-4222-aca0-1b777db30f28 | title: Process 0 | JD length: 17 chars
INFO     backend.api.services.process_service:process_service.py:88 Process created: 07e4c501-4e41-4831-b5d7-a0a30f874699 | title: Process 1 | JD length: 17 chars
INFO     backend.api.services.process_service:process_service.py:88 Process created: ce238648-01f7-46da-901b-dd8a0e49e721 | title: Process 2 | JD length: 17 chars
DEBUG    backend.api.services.process_service:process_service.py:129 Listed 3 processes for user 74d837fb-97fc-460c-949e-ed2f21ef18e6 from DB.
DEBUG    backend.api.tests.conftest:conftest.py:120 Test DB cleanup completed
DEBUG    backend.api.services.auth_service:auth_service.py:61 AuthService initialized with db and settings
INFO     backend.api.services.auth_service:auth_service.py:116 User registered successfully: direct_user@example.com
DEBUG    backend.api.tests.conftest:conftest.py:325 Test user created directly in DB: direct_user@example.com
INFO     backend.api.services.process_service:process_service.py:88 Process created: 734106dc-06f8-4997-a5ef-53eed9087140 | title: Process 0 | JD length: 17 chars
INFO     backend.api.services.process_service:process_service.py:88 Process created: fe6f0e2d-0036-4c18-b5e4-e6aace4e310f | title: Process 1 | JD length: 17 chars
INFO     backend.api.services.process_service:process_service.py:88 Process created: a54914e3-8891-4ff1-9fcd-6b76d3564b05 | title: Process 2 | JD length: 17 chars
INFO     backend.api.services.process_service:process_service.py:88 Process created: 8ad39df8-c866-449b-a44b-385e62b4a664 | title: Process 3 | JD length: 17 chars
INFO     backend.api.services.process_service:process_service.py:88 Process created: b0d1dc5d-0a69-48bd-8f81-0951d35b15eb | title: Process 4 | JD length: 17 chars
DEBUG    backend.api.services.process_service:process_service.py:129 Listed 2 processes for user 43106727-f13c-4b1c-ab1d-d82b6a11ec96 from DB.
DEBUG    backend.api.tests.conftest:conftest.py:120 Test DB cleanup completed
DEBUG    backend.api.services.auth_service:auth_service.py:61 AuthService initialized with db and settings
INFO     backend.api.services.auth_service:auth_service.py:116 User registered successfully: direct_user@example.com
DEBUG    backend.api.tests.conftest:conftest.py:325 Test user created directly in DB: direct_user@example.com
INFO     backend.api.services.process_service:process_service.py:88 Process created: c1cd2ff6-e103-40ce-b93f-2241e7ca7f82 | title: Backend Developer | JD length: 15 chars
DEBUG    backend.api.services.process_service:process_service.py:177 Retrieved process: c1cd2ff6-e103-40ce-b93f-2241e7ca7f82 | status: ProcessStatus.CREATED | owner: fb496cd8-e4a3-4e25-8fa2-7518be1b9171
INFO     backend.api.services.process_service:process_service.py:270 Status updated: c1cd2ff6-e103-40ce-b93f-2241e7ca7f82 | ProcessStatus.CREATED → files_uploaded
DEBUG    backend.api.tests.conftest:conftest.py:120 Test DB cleanup completed
DEBUG    backend.api.services.auth_service:auth_service.py:61 AuthService initialized with db and settings
INFO     backend.api.services.auth_service:auth_service.py:116 User registered successfully: direct_user@example.com
DEBUG    backend.api.tests.conftest:conftest.py:325 Test user created directly in DB: direct_user@example.com
INFO     backend.api.services.process_service:process_service.py:88 Process created: 4025f02a-282e-4446-b1a8-a45f502700c5 | title: Backend Developer | JD length: 15 chars
DEBUG    backend.api.services.process_service:process_service.py:177 Retrieved process: 4025f02a-282e-4446-b1a8-a45f502700c5 | status: ProcessStatus.CREATED | owner: a2d92726-6894-4aac-bea4-6a15d03e5f57
INFO     backend.api.services.process_service:process_service.py:270 Status updated: 4025f02a-282e-4446-b1a8-a45f502700c5 | ProcessStatus.CREATED → files_uploaded
DEBUG    backend.api.services.process_service:process_service.py:177 Retrieved process: 4025f02a-282e-4446-b1a8-a45f502700c5 | status: ProcessStatus.FILES_UPLOADED | owner: a2d92726-6894-4aac-bea4-6a15d03e5f57
INFO     backend.api.services.process_service:process_service.py:270 Status updated: 4025f02a-282e-4446-b1a8-a45f502700c5 | ProcessStatus.FILES_UPLOADED → processing
DEBUG    backend.api.services.process_service:process_service.py:177 Retrieved process: 4025f02a-282e-4446-b1a8-a45f502700c5 | status: ProcessStatus.PROCESSING | owner: a2d92726-6894-4aac-bea4-6a15d03e5f57
INFO     backend.api.services.process_service:process_service.py:270 Status updated: 4025f02a-282e-4446-b1a8-a45f502700c5 | ProcessStatus.PROCESSING → completed
DEBUG    backend.api.tests.conftest:conftest.py:120 Test DB cleanup completed
DEBUG    backend.api.services.auth_service:auth_service.py:61 AuthService initialized with db and settings
INFO     backend.api.services.auth_service:auth_service.py:116 User registered successfully: direct_user@example.com
DEBUG    backend.api.tests.conftest:conftest.py:325 Test user created directly in DB: direct_user@example.com
INFO     backend.api.services.process_service:process_service.py:88 Process created: 6eaab63e-20a8-456b-8c74-110acdf9f0ac | title: Backend Developer | JD length: 15 chars
DEBUG    backend.api.services.process_service:process_service.py:177 Retrieved process: 6eaab63e-20a8-456b-8c74-110acdf9f0ac | status: ProcessStatus.CREATED | owner: dc51f4a0-8683-4f75-8dd8-32b83b02c27f
WARNING  backend.api.services.process_service:process_service.py:246 Invalid transition: 6eaab63e-20a8-456b-8c74-110acdf9f0ac | ProcessStatus.CREATED → processing
DEBUG    backend.api.tests.conftest:conftest.py:120 Test DB cleanup completed
DEBUG    backend.api.services.auth_service:auth_service.py:61 AuthService initialized with db and settings
INFO     backend.api.services.auth_service:auth_service.py:116 User registered successfully: direct_user@example.com
DEBUG    backend.api.tests.conftest:conftest.py:325 Test user created directly in DB: direct_user@example.com
INFO     backend.api.services.process_service:process_service.py:88 Process created: db3a68ea-b02e-45c6-875a-5d0229375eb3 | title: Backend Developer | JD length: 15 chars
DEBUG    backend.api.services.process_service:process_service.py:177 Retrieved process: db3a68ea-b02e-45c6-875a-5d0229375eb3 | status: ProcessStatus.CREATED | owner: 9a00e461-f372-46f3-947d-bf1fd4f384a9
INFO     backend.api.services.process_service:process_service.py:270 Status updated: db3a68ea-b02e-45c6-875a-5d0229375eb3 | ProcessStatus.CREATED → cancelled
DEBUG    backend.api.tests.conftest:conftest.py:120 Test DB cleanup completed
DEBUG    backend.api.services.auth_service:auth_service.py:61 AuthService initialized with db and settings
INFO     backend.api.services.auth_service:auth_service.py:116 User registered successfully: direct_user@example.com
DEBUG    backend.api.tests.conftest:conftest.py:325 Test user created directly in DB: direct_user@example.com
INFO     backend.api.services.process_service:process_service.py:88 Process created: 232ce97a-093f-4ee7-8071-b4e45136c0c6 | title: Backend Developer | JD length: 15 chars
DEBUG    backend.api.services.process_service:process_service.py:177 Retrieved process: 232ce97a-093f-4ee7-8071-b4e45136c0c6 | status: ProcessStatus.CREATED | owner: e825d54c-d072-4d5d-997e-5c71c9a1cf1d
INFO     backend.api.services.process_service:process_service.py:270 Status updated: 232ce97a-093f-4ee7-8071-b4e45136c0c6 | ProcessStatus.CREATED → files_uploaded
DEBUG    backend.api.services.process_service:process_service.py:177 Retrieved process: 232ce97a-093f-4ee7-8071-b4e45136c0c6 | status: ProcessStatus.FILES_UPLOADED | owner: e825d54c-d072-4d5d-997e-5c71c9a1cf1d
INFO     backend.api.services.process_service:process_service.py:270 Status updated: 232ce97a-093f-4ee7-8071-b4e45136c0c6 | ProcessStatus.FILES_UPLOADED → processing
DEBUG    backend.api.services.process_service:process_service.py:177 Retrieved process: 232ce97a-093f-4ee7-8071-b4e45136c0c6 | status: ProcessStatus.PROCESSING | owner: e825d54c-d072-4d5d-997e-5c71c9a1cf1d
INFO     backend.api.services.process_service:process_service.py:270 Status updated: 232ce97a-093f-4ee7-8071-b4e45136c0c6 | ProcessStatus.PROCESSING → completed
DEBUG    backend.api.services.process_service:process_service.py:177 Retrieved process: 232ce97a-093f-4ee7-8071-b4e45136c0c6 | status: ProcessStatus.COMPLETED | owner: e825d54c-d072-4d5d-997e-5c71c9a1cf1d
WARNING  backend.api.services.process_service:process_service.py:246 Invalid transition: 232ce97a-093f-4ee7-8071-b4e45136c0c6 | ProcessStatus.COMPLETED → cancelled
DEBUG    backend.api.tests.conftest:conftest.py:120 Test DB cleanup completed
DEBUG    backend.api.services.auth_service:auth_service.py:61 AuthService initialized with db and settings
INFO     backend.api.services.auth_service:auth_service.py:116 User registered successfully: direct_user@example.com
DEBUG    backend.api.tests.conftest:conftest.py:325 Test user created directly in DB: direct_user@example.com
INFO     backend.api.services.process_service:process_service.py:88 Process created: 3d98adaa-85db-4d7d-af7f-0802faa9fcaa | title: Backend Developer | JD length: 15 chars
DEBUG    backend.api.services.process_service:process_service.py:177 Retrieved process: 3d98adaa-85db-4d7d-af7f-0802faa9fcaa | status: ProcessStatus.CREATED | owner: 31ff0c75-8982-4afb-9ca9-17520ac3e8b7
DEBUG    backend.api.services.process_service:process_service.py:177 Retrieved process: 3d98adaa-85db-4d7d-af7f-0802faa9fcaa | status: ProcessStatus.CREATED | owner: 31ff0c75-8982-4afb-9ca9-17520ac3e8b7
INFO     backend.api.services.process_service:process_service.py:270 Status updated: 3d98adaa-85db-4d7d-af7f-0802faa9fcaa | ProcessStatus.CREATED → files_uploaded
DEBUG    backend.api.tests.conftest:conftest.py:120 Test DB cleanup completed
DEBUG    backend.api.services.auth_service:auth_service.py:61 AuthService initialized with db and settings
INFO     backend.api.services.auth_service:auth_service.py:116 User registered successfully: direct_user@example.com
DEBUG    backend.api.tests.conftest:conftest.py:325 Test user created directly in DB: direct_user@example.com
INFO     backend.api.services.process_service:process_service.py:88 Process created: 311991c6-f7c7-482d-a071-32c38e491358 | title: Backend Developer | JD length: 15 chars
DEBUG    backend.api.services.process_service:process_service.py:177 Retrieved process: 311991c6-f7c7-482d-a071-32c38e491358 | status: ProcessStatus.CREATED | owner: 8819bc1e-86e2-4d91-8b31-1beaed83ec53
DEBUG    backend.api.services.process_service:process_service.py:177 Retrieved process: 311991c6-f7c7-482d-a071-32c38e491358 | status: ProcessStatus.CREATED | owner: 8819bc1e-86e2-4d91-8b31-1beaed83ec53
INFO     backend.api.services.process_service:process_service.py:270 Status updated: 311991c6-f7c7-482d-a071-32c38e491358 | ProcessStatus.CREATED → files_uploaded
DEBUG    backend.api.services.process_service:process_service.py:177 Retrieved process: 311991c6-f7c7-482d-a071-32c38e491358 | status: ProcessStatus.FILES_UPLOADED | owner: 8819bc1e-86e2-4d91-8b31-1beaed83ec53
INFO     backend.api.services.process_service:process_service.py:270 Status updated: 311991c6-f7c7-482d-a071-32c38e491358 | ProcessStatus.FILES_UPLOADED → processing
DEBUG    backend.api.tests.conftest:conftest.py:120 Test DB cleanup completed
DEBUG    backend.api.services.auth_service:auth_service.py:61 AuthService initialized with db and settings
INFO     backend.api.services.auth_service:auth_service.py:116 User registered successfully: direct_user@example.com
DEBUG    backend.api.tests.conftest:conftest.py:325 Test user created directly in DB: direct_user@example.com
INFO     backend.api.services.process_service:process_service.py:88 Process created: 87d7463c-4140-425a-ab9c-54e790ed6dad | title: Backend Developer | JD length: 15 chars
DEBUG    backend.api.services.process_service:process_service.py:177 Retrieved process: 87d7463c-4140-425a-ab9c-54e790ed6dad | status: ProcessStatus.CREATED | owner: c96d16f4-5590-4c83-8404-d173429afa2f
DEBUG    backend.api.services.process_service:process_service.py:177 Retrieved process: 87d7463c-4140-425a-ab9c-54e790ed6dad | status: ProcessStatus.CREATED | owner: c96d16f4-5590-4c83-8404-d173429afa2f
INFO     backend.api.services.process_service:process_service.py:270 Status updated: 87d7463c-4140-425a-ab9c-54e790ed6dad | ProcessStatus.CREATED → files_uploaded
DEBUG    backend.api.services.process_service:process_service.py:177 Retrieved process: 87d7463c-4140-425a-ab9c-54e790ed6dad | status: ProcessStatus.FILES_UPLOADED | owner: c96d16f4-5590-4c83-8404-d173429afa2f
INFO     backend.api.services.process_service:process_service.py:270 Status updated: 87d7463c-4140-425a-ab9c-54e790ed6dad | ProcessStatus.FILES_UPLOADED → processing
DEBUG    backend.api.services.process_service:process_service.py:177 Retrieved process: 87d7463c-4140-425a-ab9c-54e790ed6dad | status: ProcessStatus.PROCESSING | owner: c96d16f4-5590-4c83-8404-d173429afa2f
INFO     backend.api.services.process_service:process_service.py:270 Status updated: 87d7463c-4140-425a-ab9c-54e790ed6dad | ProcessStatus.PROCESSING → completed
DEBUG    backend.api.tests.conftest:conftest.py:120 Test DB cleanup completed
DEBUG    backend.api.services.auth_service:auth_service.py:61 AuthService initialized with db and settings
INFO     backend.api.services.auth_service:auth_service.py:116 User registered successfully: direct_user@example.com
DEBUG    backend.api.tests.conftest:conftest.py:325 Test user created directly in DB: direct_user@example.com
INFO     backend.api.services.process_service:process_service.py:88 Process created: 157a84a7-243a-4fae-8eca-681092bc8f99 | title: Backend Developer | JD length: 15 chars
DEBUG    backend.api.services.process_service:process_service.py:177 Retrieved process: 157a84a7-243a-4fae-8eca-681092bc8f99 | status: ProcessStatus.CREATED | owner: d0f94a40-2575-467a-9e0f-97a3ddc36043
DEBUG    backend.api.services.process_service:process_service.py:177 Retrieved process: 157a84a7-243a-4fae-8eca-681092bc8f99 | status: ProcessStatus.CREATED | owner: d0f94a40-2575-467a-9e0f-97a3ddc36043
INFO     backend.api.services.process_service:process_service.py:270 Status updated: 157a84a7-243a-4fae-8eca-681092bc8f99 | ProcessStatus.CREATED → files_uploaded
DEBUG    backend.api.services.process_service:process_service.py:177 Retrieved process: 157a84a7-243a-4fae-8eca-681092bc8f99 | status: ProcessStatus.FILES_UPLOADED | owner: d0f94a40-2575-467a-9e0f-97a3ddc36043
INFO     backend.api.services.process_service:process_service.py:270 Status updated: 157a84a7-243a-4fae-8eca-681092bc8f99 | ProcessStatus.FILES_UPLOADED → processing
DEBUG    backend.api.services.process_service:process_service.py:177 Retrieved process: 157a84a7-243a-4fae-8eca-681092bc8f99 | status: ProcessStatus.PROCESSING | owner: d0f94a40-2575-467a-9e0f-97a3ddc36043
INFO     backend.api.services.process_service:process_service.py:270 Status updated: 157a84a7-243a-4fae-8eca-681092bc8f99 | ProcessStatus.PROCESSING → failed
DEBUG    backend.api.tests.conftest:conftest.py:120 Test DB cleanup completed
DEBUG    backend.api.services.auth_service:auth_service.py:61 AuthService initialized with db and settings
INFO     backend.api.services.auth_service:auth_service.py:116 User registered successfully: direct_user@example.com
DEBUG    backend.api.tests.conftest:conftest.py:325 Test user created directly in DB: direct_user@example.com
INFO     backend.api.services.process_service:process_service.py:88 Process created: a406a4c7-6259-4817-bc4d-531df536983f | title: Backend Developer | JD length: 15 chars
DEBUG    backend.api.services.process_service:process_service.py:177 Retrieved process: a406a4c7-6259-4817-bc4d-531df536983f | status: ProcessStatus.CREATED | owner: 613c1c4a-b210-40ef-9a12-e3852ca85656
DEBUG    backend.api.services.process_service:process_service.py:177 Retrieved process: a406a4c7-6259-4817-bc4d-531df536983f | status: ProcessStatus.CREATED | owner: 613c1c4a-b210-40ef-9a12-e3852ca85656
INFO     backend.api.services.process_service:process_service.py:270 Status updated: a406a4c7-6259-4817-bc4d-531df536983f | ProcessStatus.CREATED → files_uploaded
DEBUG    backend.api.services.process_service:process_service.py:177 Retrieved process: a406a4c7-6259-4817-bc4d-531df536983f | status: ProcessStatus.FILES_UPLOADED | owner: 613c1c4a-b210-40ef-9a12-e3852ca85656
INFO     backend.api.services.process_service:process_service.py:270 Status updated: a406a4c7-6259-4817-bc4d-531df536983f | ProcessStatus.FILES_UPLOADED → processing
DEBUG    backend.api.tests.conftest:conftest.py:120 Test DB cleanup completed
DEBUG    backend.api.services.auth_service:auth_service.py:61 AuthService initialized with db and settings
INFO     backend.api.services.auth_service:auth_service.py:116 User registered successfully: direct_user@example.com
DEBUG    backend.api.tests.conftest:conftest.py:325 Test user created directly in DB: direct_user@example.com
INFO     backend.api.services.process_service:process_service.py:88 Process created: 2b4fc93b-d536-4996-a1fc-e13d2d2ff2dd | title: Test Process for Reports | JD length: 47 chars
DEBUG    backend.api.tests.conftest:conftest.py:519 Test process marked as COMPLETED: 2b4fc93b-d536-4996-a1fc-e13d2d2ff2dd
DEBUG    backend.api.services.process_service:process_service.py:177 Retrieved process: 2b4fc93b-d536-4996-a1fc-e13d2d2ff2dd | status: ProcessStatus.COMPLETED | owner: 244183d4-19e8-43b2-bd62-34595effb911
DEBUG    backend.api.services.report_service:report_service.py:229 Process 2b4fc93b-d536-4996-a1fc-e13d2d2ff2dd validated for export: state ProcessStatus.COMPLETED
DEBUG    backend.api.services.report_service:report_service.py:271 Built candidates list for process 2b4fc93b-d536-4996-a1fc-e13d2d2ff2dd: 0 candidates
INFO     backend.api.services.report_service:report_service.py:72 Generating CSV export for process 2b4fc93b-d536-4996-a1fc-e13d2d2ff2dd with 0 candidates
DEBUG    backend.reports.reporter:reporter.py:37 ReportGenerator initialised. Output: C:\Users\LEANDR~1\AppData\Local\Temp\tmpd3raxfba
INFO     backend.reports.reporter:reporter.py:155 CSV report saved: C:\Users\LEANDR~1\AppData\Local\Temp\tmpd3raxfba\results_20260511_142141.csv
INFO     backend.api.services.report_service:report_service.py:87 CSV export completed for process 2b4fc93b-d536-4996-a1fc-e13d2d2ff2dd: 159 bytes
DEBUG    backend.api.tests.conftest:conftest.py:120 Test DB cleanup completed
DEBUG    asyncio:proactor_events.py:633 Using proactor: IocpProactor
DEBUG    backend.api.services.auth_service:auth_service.py:61 AuthService initialized with db and settings
INFO     backend.api.routes.auth:auth.py:64 Trying to register new user: other+1778505701900@example.com
INFO     backend.api.services.auth_service:auth_service.py:116 User registered successfully: other+1778505701900@example.com
INFO     backend.api.routes.auth:auth.py:68 User registered successfully: other+1778505701900@example.com
INFO     httpx:_client.py:1025 HTTP Request: POST http://testserver/api/auth/register "HTTP/1.1 201 Created"
DEBUG    backend.api.services.auth_service:auth_service.py:61 AuthService initialized with db and settings
INFO     backend.api.services.auth_service:auth_service.py:116 User registered successfully: direct_user@example.com
DEBUG    backend.api.tests.conftest:conftest.py:325 Test user created directly in DB: direct_user@example.com
INFO     backend.api.services.process_service:process_service.py:88 Process created: 4e2664a2-9556-4a02-b0c5-715d2d631d6e | title: Test Process for Reports | JD length: 47 chars
DEBUG    backend.api.tests.conftest:conftest.py:519 Test process marked as COMPLETED: 4e2664a2-9556-4a02-b0c5-715d2d631d6e
WARNING  backend.api.services.process_service:process_service.py:168 Access denied: user 6293bf6f-6aa2-45cd-bffb-18f9e8b5baae tried to access process 4e2664a2-9556-4a02-b0c5-715d2d631d6e
DEBUG    backend.api.tests.conftest:conftest.py:150 TestClient cleanup completed
DEBUG    backend.api.tests.conftest:conftest.py:120 Test DB cleanup completed
DEBUG    backend.api.services.auth_service:auth_service.py:61 AuthService initialized with db and settings
INFO     backend.api.services.auth_service:auth_service.py:116 User registered successfully: direct_user@example.com
DEBUG    backend.api.tests.conftest:conftest.py:325 Test user created directly in DB: direct_user@example.com
WARNING  backend.api.services.process_service:process_service.py:163 Process not found: 00000000-0000-0000-0000-000000000000
DEBUG    backend.api.tests.conftest:conftest.py:120 Test DB cleanup completed
DEBUG    backend.api.services.auth_service:auth_service.py:61 AuthService initialized with db and settings
INFO     backend.api.services.auth_service:auth_service.py:116 User registered successfully: direct_user@example.com
DEBUG    backend.api.tests.conftest:conftest.py:325 Test user created directly in DB: direct_user@example.com
INFO     backend.api.services.process_service:process_service.py:88 Process created: 1b6b87f7-d2a6-4c6f-82f8-7be1f9be24d3 | title: Process not completed | JD length: 119 chars
DEBUG    backend.api.services.process_service:process_service.py:177 Retrieved process: 1b6b87f7-d2a6-4c6f-82f8-7be1f9be24d3 | status: ProcessStatus.CREATED | owner: 4a0c0876-4791-493e-96fd-f241f9fb6bf8
WARNING  backend.api.services.report_service:report_service.py:219 Attempted export from process 1b6b87f7-d2a6-4c6f-82f8-7be1f9be24d3 in state ProcessStatus.CREATED (requires completed)
DEBUG    backend.api.tests.conftest:conftest.py:120 Test DB cleanup completed
DEBUG    backend.api.services.auth_service:auth_service.py:61 AuthService initialized with db and settings
INFO     backend.api.services.auth_service:auth_service.py:116 User registered successfully: direct_user@example.com
DEBUG    backend.api.tests.conftest:conftest.py:325 Test user created directly in DB: direct_user@example.com
INFO     backend.api.services.process_service:process_service.py:88 Process created: 7bb0dc78-7cd5-446b-814d-d88dec995481 | title: Test Process for Reports | JD length: 47 chars
DEBUG    backend.api.tests.conftest:conftest.py:519 Test process marked as COMPLETED: 7bb0dc78-7cd5-446b-814d-d88dec995481
DEBUG    backend.api.services.process_service:process_service.py:177 Retrieved process: 7bb0dc78-7cd5-446b-814d-d88dec995481 | status: ProcessStatus.COMPLETED | owner: 114a15b2-a8fc-42d8-a054-b6db4eff9a6e
DEBUG    backend.api.services.report_service:report_service.py:229 Process 7bb0dc78-7cd5-446b-814d-d88dec995481 validated for export: state ProcessStatus.COMPLETED
DEBUG    backend.api.services.report_service:report_service.py:271 Built candidates list for process 7bb0dc78-7cd5-446b-814d-d88dec995481: 0 candidates
INFO     backend.api.services.report_service:report_service.py:121 Generating JSON export for process 7bb0dc78-7cd5-446b-814d-d88dec995481 with 0 candidates
DEBUG    backend.reports.reporter:reporter.py:37 ReportGenerator initialised. Output: C:\Users\LEANDR~1\AppData\Local\Temp\tmpkfwc2xsh
INFO     backend.reports.reporter:reporter.py:205 JSON report saved: C:\Users\LEANDR~1\AppData\Local\Temp\tmpkfwc2xsh\results_20260511_142142.json
INFO     backend.api.services.report_service:report_service.py:136 JSON export completed for process 7bb0dc78-7cd5-446b-814d-d88dec995481: 197 bytes
DEBUG    backend.api.tests.conftest:conftest.py:120 Test DB cleanup completed
DEBUG    asyncio:proactor_events.py:633 Using proactor: IocpProactor
DEBUG    backend.api.services.auth_service:auth_service.py:61 AuthService initialized with db and settings
INFO     backend.api.routes.auth:auth.py:64 Trying to register new user: other+1778505702253@example.com
INFO     backend.api.services.auth_service:auth_service.py:116 User registered successfully: other+1778505702253@example.com
INFO     backend.api.routes.auth:auth.py:68 User registered successfully: other+1778505702253@example.com
INFO     httpx:_client.py:1025 HTTP Request: POST http://testserver/api/auth/register "HTTP/1.1 201 Created"
DEBUG    backend.api.services.auth_service:auth_service.py:61 AuthService initialized with db and settings
INFO     backend.api.services.auth_service:auth_service.py:116 User registered successfully: direct_user@example.com
DEBUG    backend.api.tests.conftest:conftest.py:325 Test user created directly in DB: direct_user@example.com
INFO     backend.api.services.process_service:process_service.py:88 Process created: e714289c-9884-429b-bef5-12ec577a14d4 | title: Test Process for Reports | JD length: 47 chars
DEBUG    backend.api.tests.conftest:conftest.py:519 Test process marked as COMPLETED: e714289c-9884-429b-bef5-12ec577a14d4
WARNING  backend.api.services.process_service:process_service.py:168 Access denied: user 3ee56f6a-0e75-4bce-950c-badea09d55d9 tried to access process e714289c-9884-429b-bef5-12ec577a14d4
DEBUG    backend.api.tests.conftest:conftest.py:150 TestClient cleanup completed
DEBUG    backend.api.tests.conftest:conftest.py:120 Test DB cleanup completed
DEBUG    backend.api.services.auth_service:auth_service.py:61 AuthService initialized with db and settings
INFO     backend.api.services.auth_service:auth_service.py:116 User registered successfully: direct_user@example.com
DEBUG    backend.api.tests.conftest:conftest.py:325 Test user created directly in DB: direct_user@example.com
WARNING  backend.api.services.process_service:process_service.py:163 Process not found: 00000000-0000-0000-0000-000000000000
DEBUG    backend.api.tests.conftest:conftest.py:120 Test DB cleanup completed
DEBUG    backend.api.services.auth_service:auth_service.py:61 AuthService initialized with db and settings
INFO     backend.api.services.auth_service:auth_service.py:116 User registered successfully: direct_user@example.com
DEBUG    backend.api.tests.conftest:conftest.py:325 Test user created directly in DB: direct_user@example.com
INFO     backend.api.services.process_service:process_service.py:88 Process created: de2e2f6f-a724-425f-966d-28219da9b6ac | title: Test Process for Reports | JD length: 47 chars
DEBUG    backend.api.tests.conftest:conftest.py:519 Test process marked as COMPLETED: de2e2f6f-a724-425f-966d-28219da9b6ac
DEBUG    backend.api.services.process_service:process_service.py:177 Retrieved process: de2e2f6f-a724-425f-966d-28219da9b6ac | status: ProcessStatus.COMPLETED | owner: 8a9463a6-d4b8-43b1-b1a5-81e45cad536d
DEBUG    backend.api.services.report_service:report_service.py:229 Process de2e2f6f-a724-425f-966d-28219da9b6ac validated for export: state ProcessStatus.COMPLETED
DEBUG    backend.api.services.report_service:report_service.py:271 Built candidates list for process de2e2f6f-a724-425f-966d-28219da9b6ac: 0 candidates
INFO     backend.api.services.report_service:report_service.py:172 Generating TXT export for process de2e2f6f-a724-425f-966d-28219da9b6ac with 0 candidates
DEBUG    backend.reports.reporter:reporter.py:37 ReportGenerator initialised. Output: C:\Users\LEANDR~1\AppData\Local\Temp\tmpjje3kff6
INFO     backend.reports.reporter:reporter.py:279 TXT report saved: C:\Users\LEANDR~1\AppData\Local\Temp\tmpjje3kff6\results_20260511_142142.txt
INFO     backend.api.services.report_service:report_service.py:187 TXT export completed for process de2e2f6f-a724-425f-966d-28219da9b6ac: 475 bytes
DEBUG    backend.api.tests.conftest:conftest.py:120 Test DB cleanup completed
DEBUG    asyncio:proactor_events.py:633 Using proactor: IocpProactor
DEBUG    backend.api.services.auth_service:auth_service.py:61 AuthService initialized with db and settings
INFO     backend.api.routes.auth:auth.py:64 Trying to register new user: other+1778505702536@example.com
INFO     backend.api.services.auth_service:auth_service.py:116 User registered successfully: other+1778505702536@example.com
INFO     backend.api.routes.auth:auth.py:68 User registered successfully: other+1778505702536@example.com
INFO     httpx:_client.py:1025 HTTP Request: POST http://testserver/api/auth/register "HTTP/1.1 201 Created"
DEBUG    backend.api.services.auth_service:auth_service.py:61 AuthService initialized with db and settings
INFO     backend.api.services.auth_service:auth_service.py:116 User registered successfully: direct_user@example.com
DEBUG    backend.api.tests.conftest:conftest.py:325 Test user created directly in DB: direct_user@example.com
INFO     backend.api.services.process_service:process_service.py:88 Process created: 2783014b-f3cd-4d63-b100-8a11dd9ee0f5 | title: Test Process for Reports | JD length: 47 chars
DEBUG    backend.api.tests.conftest:conftest.py:519 Test process marked as COMPLETED: 2783014b-f3cd-4d63-b100-8a11dd9ee0f5
WARNING  backend.api.services.process_service:process_service.py:168 Access denied: user cc2f5aee-9a3d-41bc-b6f3-0975c0ecc34c tried to access process 2783014b-f3cd-4d63-b100-8a11dd9ee0f5
DEBUG    backend.api.tests.conftest:conftest.py:150 TestClient cleanup completed
DEBUG    backend.api.tests.conftest:conftest.py:120 Test DB cleanup completed
DEBUG    backend.api.services.auth_service:auth_service.py:61 AuthService initialized with db and settings
INFO     backend.api.services.auth_service:auth_service.py:116 User registered successfully: direct_user@example.com
DEBUG    backend.api.tests.conftest:conftest.py:325 Test user created directly in DB: direct_user@example.com
WARNING  backend.api.services.process_service:process_service.py:163 Process not found: 00000000-0000-0000-0000-000000000000
DEBUG    backend.api.tests.conftest:conftest.py:120 Test DB cleanup completed
DEBUG    asyncio:proactor_events.py:633 Using proactor: IocpProactor
DEBUG    backend.api.services.auth_service:auth_service.py:61 AuthService initialized with db and settings
INFO     backend.api.routes.auth:auth.py:64 Trying to register new user: other+1778505702754@example.com
INFO     backend.api.services.auth_service:auth_service.py:116 User registered successfully: other+1778505702754@example.com
INFO     backend.api.routes.auth:auth.py:68 User registered successfully: other+1778505702754@example.com
INFO     httpx:_client.py:1025 HTTP Request: POST http://testserver/api/auth/register "HTTP/1.1 201 Created"
DEBUG    backend.api.services.auth_service:auth_service.py:61 AuthService initialized with db and settings
INFO     backend.api.services.auth_service:auth_service.py:116 User registered successfully: direct_user@example.com
DEBUG    backend.api.tests.conftest:conftest.py:325 Test user created directly in DB: direct_user@example.com
INFO     backend.api.services.process_service:process_service.py:88 Process created: 320d9322-7ccf-4e5a-9632-92a7480f9b0a | title: Test Process for Reports | JD length: 47 chars
DEBUG    backend.api.tests.conftest:conftest.py:519 Test process marked as COMPLETED: 320d9322-7ccf-4e5a-9632-92a7480f9b0a
WARNING  backend.api.services.process_service:process_service.py:168 Access denied: user 4c38f7a6-32aa-457c-b821-c65d3886a25c tried to access process 320d9322-7ccf-4e5a-9632-92a7480f9b0a
WARNING  backend.api.services.process_service:process_service.py:168 Access denied: user 4c38f7a6-32aa-457c-b821-c65d3886a25c tried to access process 320d9322-7ccf-4e5a-9632-92a7480f9b0a
WARNING  backend.api.services.process_service:process_service.py:168 Access denied: user 4c38f7a6-32aa-457c-b821-c65d3886a25c tried to access process 320d9322-7ccf-4e5a-9632-92a7480f9b0a
DEBUG    backend.api.tests.conftest:conftest.py:150 TestClient cleanup completed
DEBUG    backend.api.tests.conftest:conftest.py:120 Test DB cleanup completed
DEBUG    backend.parser.jd_parser:jd_parser.py:111 JobDescriptionParser initialised
DEBUG    backend.nlp.preprocessor:preprocessor.py:28 TextPreprocessor initialised.
INFO     backend.nlp.extractor:extractor.py:30 ResumeFeatureExtractor initialised.
DEBUG    backend.api.services.screening_service:screening_service.py:69 ScreeningService initialised with v1.0 components.
DEBUG    backend.api.services.auth_service:auth_service.py:61 AuthService initialized with db and settings
INFO     backend.api.services.auth_service:auth_service.py:116 User registered successfully: direct_user@example.com
DEBUG    backend.api.tests.conftest:conftest.py:325 Test user created directly in DB: direct_user@example.com
INFO     backend.api.services.process_service:process_service.py:88 Process created: f3b186e4-eaf4-4607-9215-066d4bbec0d9 | title: Senior Backend Developer | JD length: 47 chars
DEBUG    backend.api.tests.conftest:conftest.py:628 Created 5 test candidates for process f3b186e4-eaf4-4607-9215-066d4bbec0d9 with owner ec517f61-d3d9-46e9-b745-02cf947e5aff
DEBUG    backend.api.services.process_service:process_service.py:177 Retrieved process: f3b186e4-eaf4-4607-9215-066d4bbec0d9 | status: ProcessStatus.CREATED | owner: ec517f61-d3d9-46e9-b745-02cf947e5aff
INFO     backend.api.services.process_service:process_service.py:270 Status updated: f3b186e4-eaf4-4607-9215-066d4bbec0d9 | ProcessStatus.CREATED → files_uploaded
INFO     backend.api.services.screening_service:screening_service.py:97 Starting screening process for process: f3b186e4-eaf4-4607-9215-066d4bbec0d9
DEBUG    backend.api.services.process_service:process_service.py:177 Retrieved process: f3b186e4-eaf4-4607-9215-066d4bbec0d9 | status: ProcessStatus.FILES_UPLOADED | owner: ec517f61-d3d9-46e9-b745-02cf947e5aff
DEBUG    backend.api.services.process_service:process_service.py:177 Retrieved process: f3b186e4-eaf4-4607-9215-066d4bbec0d9 | status: ProcessStatus.FILES_UPLOADED | owner: ec517f61-d3d9-46e9-b745-02cf947e5aff
INFO     backend.api.services.process_service:process_service.py:270 Status updated: f3b186e4-eaf4-4607-9215-066d4bbec0d9 | ProcessStatus.FILES_UPLOADED → processing
INFO     backend.api.services.screening_service:screening_service.py:133 Process f3b186e4-eaf4-4607-9215-066d4bbec0d9 marked as processing
DEBUG    backend.parser.jd_parser:jd_parser.py:169 Skills extracted: ['python', 'fastapi', 'postgresql']
DEBUG    backend.parser.jd_parser:jd_parser.py:200 No experience requirement found in JD.
DEBUG    backend.parser.jd_parser:jd_parser.py:218 No education requirement found in JD.
DEBUG    backend.parser.jd_parser:jd_parser.py:246 Keywords extracted: 7 unique terms.
INFO     backend.parser.jd_parser:jd_parser.py:140 JD parsed — skills: 3, min experience: 0 years, education level: 0.0, keywords: 7
DEBUG    backend.api.services.screening_service:screening_service.py:391 JD parsed: 3 skills, 7 keywords, min_exp=0 years, education=0.0
INFO     backend.api.services.screening_service:screening_service.py:137 JD criteria loaded for process f3b186e4-eaf4-4607-9215-066d4bbec0d9 - skills: 3, min_exp: 0 years
INFO     backend.api.services.screening_service:screening_service.py:162 Processing 5 candidate(s) for process f3b186e4-eaf4-4607-9215-066d4bbec0d9
WARNING  backend.nlp.preprocessor:preprocessor.py:36 Empty text passed to preprocessor. Returning empty results.
WARNING  backend.nlp.extractor:extractor.py:38 Empty CV text passed to extractor. Returning zero features.
DEBUG    backend.scoring.scorer:scorer.py:106 Skills: 0/3 = 0.000
DEBUG    backend.scoring.scorer:scorer.py:116 Experience criterion: no requirement in JD. Returning neutral 0.5.
DEBUG    backend.scoring.scorer:scorer.py:134 Education criterion: no education info in CV or JD. Returning neutral 0.6.
DEBUG    backend.scoring.scorer:scorer.py:169 Keywords criterion: one or both keyword lists are empty. Returning 0.0.
INFO     backend.scoring.scorer:scorer.py:85 Score: 21.5 (Weak Match) | Skills: 0.0 | Exp: 50.0 | Edu: 60.0 | KW: 0.0
DEBUG    backend.api.services.screening_service:screening_service.py:455 Candidate Test Candidate 1 processed: score=21.5, category=Weak Match, skills=0/3
DEBUG    backend.api.services.screening_service:screening_service.py:179 Candidate Test Candidate 1 (id=0277aa5b-7f6b-466d-8738-9a17c47fea12) scored: 21.5 (Weak Match)
WARNING  backend.nlp.preprocessor:preprocessor.py:36 Empty text passed to preprocessor. Returning empty results.
WARNING  backend.nlp.extractor:extractor.py:38 Empty CV text passed to extractor. Returning zero features.
DEBUG    backend.scoring.scorer:scorer.py:106 Skills: 0/3 = 0.000
DEBUG    backend.scoring.scorer:scorer.py:116 Experience criterion: no requirement in JD. Returning neutral 0.5.
DEBUG    backend.scoring.scorer:scorer.py:134 Education criterion: no education info in CV or JD. Returning neutral 0.6.
DEBUG    backend.scoring.scorer:scorer.py:169 Keywords criterion: one or both keyword lists are empty. Returning 0.0.
INFO     backend.scoring.scorer:scorer.py:85 Score: 21.5 (Weak Match) | Skills: 0.0 | Exp: 50.0 | Edu: 60.0 | KW: 0.0
DEBUG    backend.api.services.screening_service:screening_service.py:455 Candidate Test Candidate 2 processed: score=21.5, category=Weak Match, skills=0/3
DEBUG    backend.api.services.screening_service:screening_service.py:179 Candidate Test Candidate 2 (id=b677625c-5179-4237-b3e3-5cb2ae9edab4) scored: 21.5 (Weak Match)
WARNING  backend.nlp.preprocessor:preprocessor.py:36 Empty text passed to preprocessor. Returning empty results.
WARNING  backend.nlp.extractor:extractor.py:38 Empty CV text passed to extractor. Returning zero features.
DEBUG    backend.scoring.scorer:scorer.py:106 Skills: 0/3 = 0.000
DEBUG    backend.scoring.scorer:scorer.py:116 Experience criterion: no requirement in JD. Returning neutral 0.5.
DEBUG    backend.scoring.scorer:scorer.py:134 Education criterion: no education info in CV or JD. Returning neutral 0.6.
DEBUG    backend.scoring.scorer:scorer.py:169 Keywords criterion: one or both keyword lists are empty. Returning 0.0.
INFO     backend.scoring.scorer:scorer.py:85 Score: 21.5 (Weak Match) | Skills: 0.0 | Exp: 50.0 | Edu: 60.0 | KW: 0.0
DEBUG    backend.api.services.screening_service:screening_service.py:455 Candidate Test Candidate 3 processed: score=21.5, category=Weak Match, skills=0/3
DEBUG    backend.api.services.screening_service:screening_service.py:179 Candidate Test Candidate 3 (id=e778729c-0b9f-484d-8ec8-64d7143548e8) scored: 21.5 (Weak Match)
WARNING  backend.nlp.preprocessor:preprocessor.py:36 Empty text passed to preprocessor. Returning empty results.
WARNING  backend.nlp.extractor:extractor.py:38 Empty CV text passed to extractor. Returning zero features.
DEBUG    backend.scoring.scorer:scorer.py:106 Skills: 0/3 = 0.000
DEBUG    backend.scoring.scorer:scorer.py:116 Experience criterion: no requirement in JD. Returning neutral 0.5.
DEBUG    backend.scoring.scorer:scorer.py:134 Education criterion: no education info in CV or JD. Returning neutral 0.6.
DEBUG    backend.scoring.scorer:scorer.py:169 Keywords criterion: one or both keyword lists are empty. Returning 0.0.
INFO     backend.scoring.scorer:scorer.py:85 Score: 21.5 (Weak Match) | Skills: 0.0 | Exp: 50.0 | Edu: 60.0 | KW: 0.0
DEBUG    backend.api.services.screening_service:screening_service.py:455 Candidate Test Candidate 4 processed: score=21.5, category=Weak Match, skills=0/3
DEBUG    backend.api.services.screening_service:screening_service.py:179 Candidate Test Candidate 4 (id=a9176a7d-9bf4-485e-9c0c-2d76ca77e932) scored: 21.5 (Weak Match)
WARNING  backend.nlp.preprocessor:preprocessor.py:36 Empty text passed to preprocessor. Returning empty results.
WARNING  backend.nlp.extractor:extractor.py:38 Empty CV text passed to extractor. Returning zero features.
DEBUG    backend.scoring.scorer:scorer.py:106 Skills: 0/3 = 0.000
DEBUG    backend.scoring.scorer:scorer.py:116 Experience criterion: no requirement in JD. Returning neutral 0.5.
DEBUG    backend.scoring.scorer:scorer.py:134 Education criterion: no education info in CV or JD. Returning neutral 0.6.
DEBUG    backend.scoring.scorer:scorer.py:169 Keywords criterion: one or both keyword lists are empty. Returning 0.0.
INFO     backend.scoring.scorer:scorer.py:85 Score: 21.5 (Weak Match) | Skills: 0.0 | Exp: 50.0 | Edu: 60.0 | KW: 0.0
DEBUG    backend.api.services.screening_service:screening_service.py:455 Candidate Test Candidate 5 processed: score=21.5, category=Weak Match, skills=0/3
DEBUG    backend.api.services.screening_service:screening_service.py:179 Candidate Test Candidate 5 (id=9397da74-495a-4893-9c7c-9762e9567409) scored: 21.5 (Weak Match)
DEBUG    backend.api.services.process_service:process_service.py:177 Retrieved process: f3b186e4-eaf4-4607-9215-066d4bbec0d9 | status: ProcessStatus.PROCESSING | owner: ec517f61-d3d9-46e9-b745-02cf947e5aff
INFO     backend.api.services.process_service:process_service.py:270 Status updated: f3b186e4-eaf4-4607-9215-066d4bbec0d9 | ProcessStatus.PROCESSING → completed
INFO     backend.api.services.screening_service:screening_service.py:223 Screening completed successfully for process f3b186e4-eaf4-4607-9215-066d4bbec0d9 (5/5 candidates scored)
DEBUG    backend.api.tests.conftest:conftest.py:120 Test DB cleanup completed
DEBUG    backend.parser.jd_parser:jd_parser.py:111 JobDescriptionParser initialised
DEBUG    backend.nlp.preprocessor:preprocessor.py:28 TextPreprocessor initialised.
INFO     backend.nlp.extractor:extractor.py:30 ResumeFeatureExtractor initialised.
DEBUG    backend.api.services.screening_service:screening_service.py:69 ScreeningService initialised with v1.0 components.
DEBUG    backend.api.services.auth_service:auth_service.py:61 AuthService initialized with db and settings
INFO     backend.api.services.auth_service:auth_service.py:116 User registered successfully: direct_user@example.com
DEBUG    backend.api.tests.conftest:conftest.py:325 Test user created directly in DB: direct_user@example.com
INFO     backend.api.services.process_service:process_service.py:88 Process created: 1dfff1a9-94b4-4f07-bee4-abad5a3fee5b | title: Senior Backend Developer | JD length: 47 chars
DEBUG    backend.api.tests.conftest:conftest.py:628 Created 5 test candidates for process 1dfff1a9-94b4-4f07-bee4-abad5a3fee5b with owner ddaf1f0b-61c7-45f8-b395-0ed4a17af42e
INFO     backend.api.services.screening_service:screening_service.py:97 Starting screening process for process: 1dfff1a9-94b4-4f07-bee4-abad5a3fee5b
WARNING  backend.api.services.process_service:process_service.py:168 Access denied: user 1512b64f-2d33-40b1-b89f-582092c9affc tried to access process 1dfff1a9-94b4-4f07-bee4-abad5a3fee5b
DEBUG    backend.api.tests.conftest:conftest.py:120 Test DB cleanup completed
DEBUG    backend.parser.jd_parser:jd_parser.py:111 JobDescriptionParser initialised
DEBUG    backend.nlp.preprocessor:preprocessor.py:28 TextPreprocessor initialised.
INFO     backend.nlp.extractor:extractor.py:30 ResumeFeatureExtractor initialised.
DEBUG    backend.api.services.screening_service:screening_service.py:69 ScreeningService initialised with v1.0 components.
DEBUG    backend.api.services.auth_service:auth_service.py:61 AuthService initialized with db and settings
INFO     backend.api.services.auth_service:auth_service.py:116 User registered successfully: direct_user@example.com
DEBUG    backend.api.tests.conftest:conftest.py:325 Test user created directly in DB: direct_user@example.com
INFO     backend.api.services.screening_service:screening_service.py:97 Starting screening process for process: 00000000-0000-0000-0000-000000000000
WARNING  backend.api.services.process_service:process_service.py:163 Process not found: 00000000-0000-0000-0000-000000000000
DEBUG    backend.api.tests.conftest:conftest.py:120 Test DB cleanup completed
DEBUG    backend.parser.jd_parser:jd_parser.py:111 JobDescriptionParser initialised
DEBUG    backend.nlp.preprocessor:preprocessor.py:28 TextPreprocessor initialised.
INFO     backend.nlp.extractor:extractor.py:30 ResumeFeatureExtractor initialised.
DEBUG    backend.api.services.screening_service:screening_service.py:69 ScreeningService initialised with v1.0 components.
DEBUG    backend.api.services.auth_service:auth_service.py:61 AuthService initialized with db and settings
INFO     backend.api.services.auth_service:auth_service.py:116 User registered successfully: direct_user@example.com
DEBUG    backend.api.tests.conftest:conftest.py:325 Test user created directly in DB: direct_user@example.com
INFO     backend.api.services.process_service:process_service.py:88 Process created: 322466a6-1f8d-4adb-b9e8-2dc9918820f6 | title: Senior Backend Developer | JD length: 47 chars
DEBUG    backend.api.tests.conftest:conftest.py:628 Created 5 test candidates for process 322466a6-1f8d-4adb-b9e8-2dc9918820f6 with owner d70ba7fa-7860-459d-90be-002d4e64f43f
DEBUG    backend.api.services.process_service:process_service.py:177 Retrieved process: 322466a6-1f8d-4adb-b9e8-2dc9918820f6 | status: ProcessStatus.CREATED | owner: d70ba7fa-7860-459d-90be-002d4e64f43f
INFO     backend.api.services.process_service:process_service.py:270 Status updated: 322466a6-1f8d-4adb-b9e8-2dc9918820f6 | ProcessStatus.CREATED → files_uploaded
DEBUG    backend.api.services.process_service:process_service.py:177 Retrieved process: 322466a6-1f8d-4adb-b9e8-2dc9918820f6 | status: ProcessStatus.FILES_UPLOADED | owner: d70ba7fa-7860-459d-90be-002d4e64f43f
INFO     backend.api.services.process_service:process_service.py:270 Status updated: 322466a6-1f8d-4adb-b9e8-2dc9918820f6 | ProcessStatus.FILES_UPLOADED → processing
INFO     backend.api.services.screening_service:screening_service.py:97 Starting screening process for process: 322466a6-1f8d-4adb-b9e8-2dc9918820f6
DEBUG    backend.api.services.process_service:process_service.py:177 Retrieved process: 322466a6-1f8d-4adb-b9e8-2dc9918820f6 | status: ProcessStatus.PROCESSING | owner: d70ba7fa-7860-459d-90be-002d4e64f43f
WARNING  backend.api.services.screening_service:screening_service.py:112 Process 322466a6-1f8d-4adb-b9e8-2dc9918820f6 is already in 'processing' state — duplicate run skipped.
DEBUG    backend.api.tests.conftest:conftest.py:120 Test DB cleanup completed
DEBUG    backend.parser.jd_parser:jd_parser.py:111 JobDescriptionParser initialised
DEBUG    backend.nlp.preprocessor:preprocessor.py:28 TextPreprocessor initialised.
INFO     backend.nlp.extractor:extractor.py:30 ResumeFeatureExtractor initialised.
DEBUG    backend.api.services.screening_service:screening_service.py:69 ScreeningService initialised with v1.0 components.
DEBUG    backend.api.services.auth_service:auth_service.py:61 AuthService initialized with db and settings
INFO     backend.api.services.auth_service:auth_service.py:116 User registered successfully: direct_user@example.com
DEBUG    backend.api.tests.conftest:conftest.py:325 Test user created directly in DB: direct_user@example.com
INFO     backend.api.services.process_service:process_service.py:88 Process created: 9f681575-2d7a-4c20-a1ee-bf6bc4366623 | title: Senior Backend Developer | JD length: 47 chars
DEBUG    backend.api.tests.conftest:conftest.py:628 Created 5 test candidates for process 9f681575-2d7a-4c20-a1ee-bf6bc4366623 with owner cc798831-d5b5-4227-827e-b1e7391c83c0
INFO     backend.api.services.screening_service:screening_service.py:97 Starting screening process for process: 9f681575-2d7a-4c20-a1ee-bf6bc4366623
DEBUG    backend.api.services.process_service:process_service.py:177 Retrieved process: 9f681575-2d7a-4c20-a1ee-bf6bc4366623 | status: ProcessStatus.CREATED | owner: cc798831-d5b5-4227-827e-b1e7391c83c0
WARNING  backend.api.services.screening_service:screening_service.py:121 Skipping screening for process 9f681575-2d7a-4c20-a1ee-bf6bc4366623: state is 'ProcessStatus.CREATED', expected 'files_uploaded'.
DEBUG    backend.api.tests.conftest:conftest.py:120 Test DB cleanup completed
DEBUG    backend.parser.jd_parser:jd_parser.py:111 JobDescriptionParser initialised
DEBUG    backend.nlp.preprocessor:preprocessor.py:28 TextPreprocessor initialised.
INFO     backend.nlp.extractor:extractor.py:30 ResumeFeatureExtractor initialised.
DEBUG    backend.api.services.screening_service:screening_service.py:69 ScreeningService initialised with v1.0 components.
DEBUG    backend.api.services.auth_service:auth_service.py:61 AuthService initialized with db and settings
INFO     backend.api.services.auth_service:auth_service.py:116 User registered successfully: direct_user@example.com
DEBUG    backend.api.tests.conftest:conftest.py:325 Test user created directly in DB: direct_user@example.com
INFO     backend.api.services.process_service:process_service.py:88 Process created: 9abb624e-8a66-4ca9-be0d-3b4f9cff74cc | title: Senior Backend Developer | JD length: 47 chars
DEBUG    backend.api.tests.conftest:conftest.py:628 Created 5 test candidates for process 9abb624e-8a66-4ca9-be0d-3b4f9cff74cc with owner 7a0e8a6c-fa8b-40bd-aee1-b5a39f14c7b2
DEBUG    backend.api.services.process_service:process_service.py:177 Retrieved process: 9abb624e-8a66-4ca9-be0d-3b4f9cff74cc | status: ProcessStatus.CREATED | owner: 7a0e8a6c-fa8b-40bd-aee1-b5a39f14c7b2
INFO     backend.api.services.process_service:process_service.py:270 Status updated: 9abb624e-8a66-4ca9-be0d-3b4f9cff74cc | ProcessStatus.CREATED → files_uploaded
INFO     backend.api.services.screening_service:screening_service.py:97 Starting screening process for process: 9abb624e-8a66-4ca9-be0d-3b4f9cff74cc
DEBUG    backend.api.services.process_service:process_service.py:177 Retrieved process: 9abb624e-8a66-4ca9-be0d-3b4f9cff74cc | status: ProcessStatus.FILES_UPLOADED | owner: 7a0e8a6c-fa8b-40bd-aee1-b5a39f14c7b2
DEBUG    backend.api.services.process_service:process_service.py:177 Retrieved process: 9abb624e-8a66-4ca9-be0d-3b4f9cff74cc | status: ProcessStatus.FILES_UPLOADED | owner: 7a0e8a6c-fa8b-40bd-aee1-b5a39f14c7b2
INFO     backend.api.services.process_service:process_service.py:270 Status updated: 9abb624e-8a66-4ca9-be0d-3b4f9cff74cc | ProcessStatus.FILES_UPLOADED → processing
INFO     backend.api.services.screening_service:screening_service.py:133 Process 9abb624e-8a66-4ca9-be0d-3b4f9cff74cc marked as processing
ERROR    backend.api.services.screening_service:screening_service.py:233 Fatal error during screening process 9abb624e-8a66-4ca9-be0d-3b4f9cff74cc: TypeError
Traceback (most recent call last):
  File "C:\Users\Leandro Alves\Desktop\Projetos\Automated Resume Screening\Project\resume-screener\backend\api\services\screening_service.py", line 136, in run
    jd_criteria = self._load_jd_criteria(process.jd_text)
TypeError: TestScreeningServiceRun.test_run_fatal_error_message_is_sanitized.<locals>._boom_jd() takes 1 positional argument but 2 were given
DEBUG    backend.api.services.process_service:process_service.py:177 Retrieved process: 9abb624e-8a66-4ca9-be0d-3b4f9cff74cc | status: ProcessStatus.PROCESSING | owner: 7a0e8a6c-fa8b-40bd-aee1-b5a39f14c7b2
INFO     backend.api.services.process_service:process_service.py:270 Status updated: 9abb624e-8a66-4ca9-be0d-3b4f9cff74cc | ProcessStatus.PROCESSING → failed
DEBUG    backend.api.tests.conftest:conftest.py:120 Test DB cleanup completed
DEBUG    backend.parser.jd_parser:jd_parser.py:111 JobDescriptionParser initialised
DEBUG    backend.nlp.preprocessor:preprocessor.py:28 TextPreprocessor initialised.
INFO     backend.nlp.extractor:extractor.py:30 ResumeFeatureExtractor initialised.
DEBUG    backend.api.services.screening_service:screening_service.py:69 ScreeningService initialised with v1.0 components.
DEBUG    backend.api.services.auth_service:auth_service.py:61 AuthService initialized with db and settings
INFO     backend.api.services.auth_service:auth_service.py:116 User registered successfully: direct_user@example.com
DEBUG    backend.api.tests.conftest:conftest.py:325 Test user created directly in DB: direct_user@example.com
INFO     backend.api.services.process_service:process_service.py:88 Process created: 7491b070-2767-427a-b5dd-13d894667ff9 | title: Senior Backend Developer | JD length: 47 chars
DEBUG    backend.api.tests.conftest:conftest.py:628 Created 5 test candidates for process 7491b070-2767-427a-b5dd-13d894667ff9 with owner 19b78b10-e46b-449b-9da3-726552c97e73
DEBUG    backend.api.services.process_service:process_service.py:177 Retrieved process: 7491b070-2767-427a-b5dd-13d894667ff9 | status: ProcessStatus.CREATED | owner: 19b78b10-e46b-449b-9da3-726552c97e73
INFO     backend.api.services.process_service:process_service.py:270 Status updated: 7491b070-2767-427a-b5dd-13d894667ff9 | ProcessStatus.CREATED → files_uploaded
INFO     backend.api.services.screening_service:screening_service.py:97 Starting screening process for process: 7491b070-2767-427a-b5dd-13d894667ff9
DEBUG    backend.api.services.process_service:process_service.py:177 Retrieved process: 7491b070-2767-427a-b5dd-13d894667ff9 | status: ProcessStatus.FILES_UPLOADED | owner: 19b78b10-e46b-449b-9da3-726552c97e73
DEBUG    backend.api.services.process_service:process_service.py:177 Retrieved process: 7491b070-2767-427a-b5dd-13d894667ff9 | status: ProcessStatus.FILES_UPLOADED | owner: 19b78b10-e46b-449b-9da3-726552c97e73
INFO     backend.api.services.process_service:process_service.py:270 Status updated: 7491b070-2767-427a-b5dd-13d894667ff9 | ProcessStatus.FILES_UPLOADED → processing
INFO     backend.api.services.screening_service:screening_service.py:133 Process 7491b070-2767-427a-b5dd-13d894667ff9 marked as processing
DEBUG    backend.parser.jd_parser:jd_parser.py:169 Skills extracted: ['python', 'fastapi', 'postgresql']
DEBUG    backend.parser.jd_parser:jd_parser.py:200 No experience requirement found in JD.
DEBUG    backend.parser.jd_parser:jd_parser.py:218 No education requirement found in JD.
DEBUG    backend.parser.jd_parser:jd_parser.py:246 Keywords extracted: 7 unique terms.
INFO     backend.parser.jd_parser:jd_parser.py:140 JD parsed — skills: 3, min experience: 0 years, education level: 0.0, keywords: 7
DEBUG    backend.api.services.screening_service:screening_service.py:391 JD parsed: 3 skills, 7 keywords, min_exp=0 years, education=0.0
INFO     backend.api.services.screening_service:screening_service.py:137 JD criteria loaded for process 7491b070-2767-427a-b5dd-13d894667ff9 - skills: 3, min_exp: 0 years
INFO     backend.api.services.screening_service:screening_service.py:162 Processing 5 candidate(s) for process 7491b070-2767-427a-b5dd-13d894667ff9
ERROR    backend.api.services.screening_service:screening_service.py:189 Failed to process candidate Test Candidate 1 (id=d7bbbeb7-c1c7-4f62-bb49-1d0d8d3e7844): forced pipeline failure
ERROR    backend.api.services.screening_service:screening_service.py:189 Failed to process candidate Test Candidate 2 (id=a333982c-6f36-402b-9567-388d23704506): forced pipeline failure
ERROR    backend.api.services.screening_service:screening_service.py:189 Failed to process candidate Test Candidate 3 (id=0d3ae521-5ba8-40f2-a71f-5b6a384f08f8): forced pipeline failure
ERROR    backend.api.services.screening_service:screening_service.py:189 Failed to process candidate Test Candidate 4 (id=d4c7be38-9e67-452c-8089-fa35c664da6a): forced pipeline failure
ERROR    backend.api.services.screening_service:screening_service.py:189 Failed to process candidate Test Candidate 5 (id=0d8025c0-df24-4331-b750-913a34e049cc): forced pipeline failure
DEBUG    backend.api.services.process_service:process_service.py:177 Retrieved process: 7491b070-2767-427a-b5dd-13d894667ff9 | status: ProcessStatus.PROCESSING | owner: 19b78b10-e46b-449b-9da3-726552c97e73
INFO     backend.api.services.process_service:process_service.py:270 Status updated: 7491b070-2767-427a-b5dd-13d894667ff9 | ProcessStatus.PROCESSING → failed
WARNING  backend.api.services.screening_service:screening_service.py:217 Screening finished with zero successful candidates for process 7491b070-2767-427a-b5dd-13d894667ff9
DEBUG    backend.api.tests.conftest:conftest.py:120 Test DB cleanup completed
DEBUG    backend.parser.jd_parser:jd_parser.py:111 JobDescriptionParser initialised
DEBUG    backend.nlp.preprocessor:preprocessor.py:28 TextPreprocessor initialised.
INFO     backend.nlp.extractor:extractor.py:30 ResumeFeatureExtractor initialised.
DEBUG    backend.api.services.screening_service:screening_service.py:69 ScreeningService initialised with v1.0 components.
DEBUG    backend.api.services.auth_service:auth_service.py:61 AuthService initialized with db and settings
INFO     backend.api.services.auth_service:auth_service.py:116 User registered successfully: direct_user@example.com
DEBUG    backend.api.tests.conftest:conftest.py:325 Test user created directly in DB: direct_user@example.com
INFO     backend.api.services.process_service:process_service.py:88 Process created: 1812db17-7020-45ac-a5bd-4cf852cbf0de | title: Senior Backend Developer | JD length: 47 chars
DEBUG    backend.api.tests.conftest:conftest.py:628 Created 5 test candidates for process 1812db17-7020-45ac-a5bd-4cf852cbf0de with owner cf61cd6c-da97-4e0a-abd0-9a471502fe57
DEBUG    backend.api.services.process_service:process_service.py:177 Retrieved process: 1812db17-7020-45ac-a5bd-4cf852cbf0de | status: ProcessStatus.CREATED | owner: cf61cd6c-da97-4e0a-abd0-9a471502fe57
INFO     backend.api.services.process_service:process_service.py:270 Status updated: 1812db17-7020-45ac-a5bd-4cf852cbf0de | ProcessStatus.CREATED → files_uploaded
DEBUG    backend.api.services.process_service:process_service.py:177 Retrieved process: 1812db17-7020-45ac-a5bd-4cf852cbf0de | status: ProcessStatus.FILES_UPLOADED | owner: cf61cd6c-da97-4e0a-abd0-9a471502fe57
INFO     backend.api.services.process_service:process_service.py:270 Status updated: 1812db17-7020-45ac-a5bd-4cf852cbf0de | ProcessStatus.FILES_UPLOADED → processing
DEBUG    backend.api.services.process_service:process_service.py:177 Retrieved process: 1812db17-7020-45ac-a5bd-4cf852cbf0de | status: ProcessStatus.PROCESSING | owner: cf61cd6c-da97-4e0a-abd0-9a471502fe57
INFO     backend.api.services.process_service:process_service.py:270 Status updated: 1812db17-7020-45ac-a5bd-4cf852cbf0de | ProcessStatus.PROCESSING → completed
DEBUG    backend.api.services.process_service:process_service.py:177 Retrieved process: 1812db17-7020-45ac-a5bd-4cf852cbf0de | status: ProcessStatus.COMPLETED | owner: cf61cd6c-da97-4e0a-abd0-9a471502fe57
INFO     backend.api.services.screening_service:screening_service.py:351 Results retrieved for process 1812db17-7020-45ac-a5bd-4cf852cbf0de: 0 candidates, 0 strong_matches
DEBUG    backend.api.tests.conftest:conftest.py:120 Test DB cleanup completed
DEBUG    backend.parser.jd_parser:jd_parser.py:111 JobDescriptionParser initialised
DEBUG    backend.nlp.preprocessor:preprocessor.py:28 TextPreprocessor initialised.
INFO     backend.nlp.extractor:extractor.py:30 ResumeFeatureExtractor initialised.
DEBUG    backend.api.services.screening_service:screening_service.py:69 ScreeningService initialised with v1.0 components.
DEBUG    backend.api.services.auth_service:auth_service.py:61 AuthService initialized with db and settings
INFO     backend.api.services.auth_service:auth_service.py:116 User registered successfully: direct_user@example.com
DEBUG    backend.api.tests.conftest:conftest.py:325 Test user created directly in DB: direct_user@example.com
INFO     backend.api.services.process_service:process_service.py:88 Process created: ce9652f9-83c8-47fb-97d2-b741075046df | title: Senior Backend Developer | JD length: 47 chars
DEBUG    backend.api.tests.conftest:conftest.py:628 Created 5 test candidates for process ce9652f9-83c8-47fb-97d2-b741075046df with owner 8b86cbca-ebf2-4bad-84eb-5df17794d946
WARNING  backend.api.services.process_service:process_service.py:168 Access denied: user 9194202f-aa32-4ad0-93e2-c3b2974c638e tried to access process ce9652f9-83c8-47fb-97d2-b741075046df
DEBUG    backend.api.tests.conftest:conftest.py:120 Test DB cleanup completed
DEBUG    backend.parser.jd_parser:jd_parser.py:111 JobDescriptionParser initialised
DEBUG    backend.nlp.preprocessor:preprocessor.py:28 TextPreprocessor initialised.
INFO     backend.nlp.extractor:extractor.py:30 ResumeFeatureExtractor initialised.
DEBUG    backend.api.services.screening_service:screening_service.py:69 ScreeningService initialised with v1.0 components.
DEBUG    backend.api.services.auth_service:auth_service.py:61 AuthService initialized with db and settings
INFO     backend.api.services.auth_service:auth_service.py:116 User registered successfully: direct_user@example.com
DEBUG    backend.api.tests.conftest:conftest.py:325 Test user created directly in DB: direct_user@example.com
WARNING  backend.api.services.process_service:process_service.py:163 Process not found: 00000000-0000-0000-0000-000000000000
DEBUG    backend.api.tests.conftest:conftest.py:120 Test DB cleanup completed
DEBUG    backend.parser.jd_parser:jd_parser.py:111 JobDescriptionParser initialised
DEBUG    backend.nlp.preprocessor:preprocessor.py:28 TextPreprocessor initialised.
INFO     backend.nlp.extractor:extractor.py:30 ResumeFeatureExtractor initialised.
DEBUG    backend.api.services.screening_service:screening_service.py:69 ScreeningService initialised with v1.0 components.
DEBUG    backend.api.services.auth_service:auth_service.py:61 AuthService initialized with db and settings
INFO     backend.api.services.auth_service:auth_service.py:116 User registered successfully: direct_user@example.com
DEBUG    backend.api.tests.conftest:conftest.py:325 Test user created directly in DB: direct_user@example.com
INFO     backend.api.services.process_service:process_service.py:88 Process created: 108309bf-10bd-42eb-b972-0846028554ef | title: Senior Backend Developer | JD length: 47 chars
DEBUG    backend.api.tests.conftest:conftest.py:628 Created 5 test candidates for process 108309bf-10bd-42eb-b972-0846028554ef with owner ee176974-ddd1-4b82-8991-9e7a7cd40d8e
DEBUG    backend.api.services.process_service:process_service.py:177 Retrieved process: 108309bf-10bd-42eb-b972-0846028554ef | status: ProcessStatus.CREATED | owner: ee176974-ddd1-4b82-8991-9e7a7cd40d8e
INFO     backend.api.services.process_service:process_service.py:270 Status updated: 108309bf-10bd-42eb-b972-0846028554ef | ProcessStatus.CREATED → files_uploaded
DEBUG    backend.api.services.process_service:process_service.py:177 Retrieved process: 108309bf-10bd-42eb-b972-0846028554ef | status: ProcessStatus.FILES_UPLOADED | owner: ee176974-ddd1-4b82-8991-9e7a7cd40d8e
INFO     backend.api.services.process_service:process_service.py:270 Status updated: 108309bf-10bd-42eb-b972-0846028554ef | ProcessStatus.FILES_UPLOADED → processing
DEBUG    backend.api.services.process_service:process_service.py:177 Retrieved process: 108309bf-10bd-42eb-b972-0846028554ef | status: ProcessStatus.PROCESSING | owner: ee176974-ddd1-4b82-8991-9e7a7cd40d8e
INFO     backend.api.services.process_service:process_service.py:270 Status updated: 108309bf-10bd-42eb-b972-0846028554ef | ProcessStatus.PROCESSING → completed
DEBUG    backend.api.services.process_service:process_service.py:177 Retrieved process: 108309bf-10bd-42eb-b972-0846028554ef | status: ProcessStatus.COMPLETED | owner: ee176974-ddd1-4b82-8991-9e7a7cd40d8e
INFO     backend.api.services.screening_service:screening_service.py:351 Results retrieved for process 108309bf-10bd-42eb-b972-0846028554ef: 3 candidates, 1 strong_matches
DEBUG    backend.api.tests.conftest:conftest.py:120 Test DB cleanup completed
